../Core/Src/auxil.c:14:11:compute_rho_estimate	56	static
../Core/Src/auxil.c:49:9:adapt_rho	16	static
../Core/Src/auxil.c:76:9:set_rho_vec	24	static
../Core/Src/auxil.c:107:9:update_rho_vec	24	static
../Core/Src/auxil.c:127:6:swap_vectors	0	static
../Core/Src/auxil.c:160:6:update_xz_tilde	16	static
../Core/Src/auxil.c:172:6:update_x	8	static
../Core/Src/auxil.c:186:6:update_z	16	static
../Core/Src/auxil.c:210:6:update_y	16	static
../Core/Src/auxil.c:231:6:compute_obj_val_dual_gap	56	static
../Core/Src/auxil.c:460:9:is_primal_infeasible	40	static
../Core/Src/auxil.c:514:9:is_dual_infeasible	40	static
../Core/Src/auxil.c:590:9:has_solution	0	static
../Core/Src/auxil.c:598:6:store_solution	24	static
../Core/Src/auxil.c:676:6:update_info	72	static
../Core/Src/auxil.c:765:6:reset_info	8	static
../Core/Src/auxil.c:799:6:update_status	0	static
../Core/Src/auxil.c:808:9:check_termination	80	static
../Core/Src/auxil.c:1022:9:validate_linsys_solver	8	static
../Core/Src/auxil.c:1040:9:validate_settings	16	static
