../Core/Src/osqp_api.c:160:6:OSQPCscMatrix_set_data	4	static
../Core/Src/osqp_api.c:217:9:osqp_capabilities	8	static
../Core/Src/osqp_api.c:237:13:osqp_version	0	static
../Core/Src/osqp_api.c:242:13:osqp_error_message	0	static
../Core/Src/osqp_api.c:252:6:osqp_get_dimensions	0	static
../Core/Src/osqp_api.c:268:6:osqp_set_default_codegen_defines	0	static
../Core/Src/osqp_api.c:283:6:osqp_set_default_settings	16	static
../Core/Src/osqp_api.c:636:9:osqp_solve	64	static
../Core/Src/osqp_api.c:1041:9:osqp_get_solution	8	static
../Core/Src/osqp_api.c:1184:9:osqp_update_data_vec	32	static
../Core/Src/osqp_api.c:1260:9:osqp_warm_start	24	static
../Core/Src/osqp_api.c:1296:6:osqp_cold_start	16	static
../Core/Src/osqp_api.c:1309:9:osqp_update_data_mat	64	static
../Core/Src/osqp_api.c:1412:9:osqp_update_rho	16	static
../Core/Src/osqp_api.c:1474:9:osqp_update_settings	24	static
../Core/Src/osqp_api.c:1537:9:osqp_codegen	0	static
../Core/Src/osqp_api.c:1583:9:osqp_adjoint_derivative_compute	0	static
../Core/Src/osqp_api.c:1600:9:osqp_adjoint_derivative_get_mat	0	static
../Core/Src/osqp_api.c:1617:9:osqp_adjoint_derivative_get_vec	0	static
