Archive member included to satisfy reference by file (symbol)

C:/ST/STM32CubeIDE_1.17.0/STM32CubeIDE/plugins/com.st.stm32cube.ide.mcu.externaltools.gnu-tools-for-stm32.12.3.rel1.win32_1.1.0.202410251130/tools/bin/../lib/gcc/arm-none-eabi/12.3.1/../../../../arm-none-eabi/lib/thumb/v7e-m+dp/hard\libc_nano.a(libc_a-exit.o)
                              C:/ST/STM32CubeIDE_1.17.0/STM32CubeIDE/plugins/com.st.stm32cube.ide.mcu.externaltools.gnu-tools-for-stm32.12.3.rel1.win32_1.1.0.202410251130/tools/bin/../lib/gcc/arm-none-eabi/12.3.1/../../../../arm-none-eabi/lib/thumb/v7e-m+dp/hard/crt0.o (exit)
C:/ST/STM32CubeIDE_1.17.0/STM32CubeIDE/plugins/com.st.stm32cube.ide.mcu.externaltools.gnu-tools-for-stm32.12.3.rel1.win32_1.1.0.202410251130/tools/bin/../lib/gcc/arm-none-eabi/12.3.1/../../../../arm-none-eabi/lib/thumb/v7e-m+dp/hard\libc_nano.a(libc_a-findfp.o)
                              C:/ST/STM32CubeIDE_1.17.0/STM32CubeIDE/plugins/com.st.stm32cube.ide.mcu.externaltools.gnu-tools-for-stm32.12.3.rel1.win32_1.1.0.202410251130/tools/bin/../lib/gcc/arm-none-eabi/12.3.1/../../../../arm-none-eabi/lib/thumb/v7e-m+dp/hard\libc_nano.a(libc_a-exit.o) (__stdio_exit_handler)
C:/ST/STM32CubeIDE_1.17.0/STM32CubeIDE/plugins/com.st.stm32cube.ide.mcu.externaltools.gnu-tools-for-stm32.12.3.rel1.win32_1.1.0.202410251130/tools/bin/../lib/gcc/arm-none-eabi/12.3.1/../../../../arm-none-eabi/lib/thumb/v7e-m+dp/hard\libc_nano.a(libc_a-fwalk.o)
                              C:/ST/STM32CubeIDE_1.17.0/STM32CubeIDE/plugins/com.st.stm32cube.ide.mcu.externaltools.gnu-tools-for-stm32.12.3.rel1.win32_1.1.0.202410251130/tools/bin/../lib/gcc/arm-none-eabi/12.3.1/../../../../arm-none-eabi/lib/thumb/v7e-m+dp/hard\libc_nano.a(libc_a-findfp.o) (_fwalk_sglue)
C:/ST/STM32CubeIDE_1.17.0/STM32CubeIDE/plugins/com.st.stm32cube.ide.mcu.externaltools.gnu-tools-for-stm32.12.3.rel1.win32_1.1.0.202410251130/tools/bin/../lib/gcc/arm-none-eabi/12.3.1/../../../../arm-none-eabi/lib/thumb/v7e-m+dp/hard\libc_nano.a(libc_a-stdio.o)
                              C:/ST/STM32CubeIDE_1.17.0/STM32CubeIDE/plugins/com.st.stm32cube.ide.mcu.externaltools.gnu-tools-for-stm32.12.3.rel1.win32_1.1.0.202410251130/tools/bin/../lib/gcc/arm-none-eabi/12.3.1/../../../../arm-none-eabi/lib/thumb/v7e-m+dp/hard\libc_nano.a(libc_a-findfp.o) (__sread)
C:/ST/STM32CubeIDE_1.17.0/STM32CubeIDE/plugins/com.st.stm32cube.ide.mcu.externaltools.gnu-tools-for-stm32.12.3.rel1.win32_1.1.0.202410251130/tools/bin/../lib/gcc/arm-none-eabi/12.3.1/../../../../arm-none-eabi/lib/thumb/v7e-m+dp/hard\libc_nano.a(libc_a-memset.o)
                              C:/ST/STM32CubeIDE_1.17.0/STM32CubeIDE/plugins/com.st.stm32cube.ide.mcu.externaltools.gnu-tools-for-stm32.12.3.rel1.win32_1.1.0.202410251130/tools/bin/../lib/gcc/arm-none-eabi/12.3.1/../../../../arm-none-eabi/lib/thumb/v7e-m+dp/hard/crt0.o (memset)
C:/ST/STM32CubeIDE_1.17.0/STM32CubeIDE/plugins/com.st.stm32cube.ide.mcu.externaltools.gnu-tools-for-stm32.12.3.rel1.win32_1.1.0.202410251130/tools/bin/../lib/gcc/arm-none-eabi/12.3.1/../../../../arm-none-eabi/lib/thumb/v7e-m+dp/hard\libc_nano.a(libc_a-closer.o)
                              C:/ST/STM32CubeIDE_1.17.0/STM32CubeIDE/plugins/com.st.stm32cube.ide.mcu.externaltools.gnu-tools-for-stm32.12.3.rel1.win32_1.1.0.202410251130/tools/bin/../lib/gcc/arm-none-eabi/12.3.1/../../../../arm-none-eabi/lib/thumb/v7e-m+dp/hard\libc_nano.a(libc_a-stdio.o) (_close_r)
C:/ST/STM32CubeIDE_1.17.0/STM32CubeIDE/plugins/com.st.stm32cube.ide.mcu.externaltools.gnu-tools-for-stm32.12.3.rel1.win32_1.1.0.202410251130/tools/bin/../lib/gcc/arm-none-eabi/12.3.1/../../../../arm-none-eabi/lib/thumb/v7e-m+dp/hard\libc_nano.a(libc_a-reent.o)
                              C:/ST/STM32CubeIDE_1.17.0/STM32CubeIDE/plugins/com.st.stm32cube.ide.mcu.externaltools.gnu-tools-for-stm32.12.3.rel1.win32_1.1.0.202410251130/tools/bin/../lib/gcc/arm-none-eabi/12.3.1/../../../../arm-none-eabi/lib/thumb/v7e-m+dp/hard\libc_nano.a(libc_a-closer.o) (errno)
C:/ST/STM32CubeIDE_1.17.0/STM32CubeIDE/plugins/com.st.stm32cube.ide.mcu.externaltools.gnu-tools-for-stm32.12.3.rel1.win32_1.1.0.202410251130/tools/bin/../lib/gcc/arm-none-eabi/12.3.1/../../../../arm-none-eabi/lib/thumb/v7e-m+dp/hard\libc_nano.a(libc_a-impure.o)
                              C:/ST/STM32CubeIDE_1.17.0/STM32CubeIDE/plugins/com.st.stm32cube.ide.mcu.externaltools.gnu-tools-for-stm32.12.3.rel1.win32_1.1.0.202410251130/tools/bin/../lib/gcc/arm-none-eabi/12.3.1/../../../../arm-none-eabi/lib/thumb/v7e-m+dp/hard\libc_nano.a(libc_a-reent.o) (_impure_ptr)
C:/ST/STM32CubeIDE_1.17.0/STM32CubeIDE/plugins/com.st.stm32cube.ide.mcu.externaltools.gnu-tools-for-stm32.12.3.rel1.win32_1.1.0.202410251130/tools/bin/../lib/gcc/arm-none-eabi/12.3.1/../../../../arm-none-eabi/lib/thumb/v7e-m+dp/hard\libc_nano.a(libc_a-lseekr.o)
[...]
Memory Configuration

Name             Origin             Length             Attributes
FLASH            0x08000000         0x00200000         xr
DTCMRAM          0x20000000         0x00020000         xrw
RAM_D1           0x24000000         0x00080000         xrw
RAM_D2           0x30000000         0x00048000         xrw
RAM_D3           0x38000000         0x00010000         xrw
ITCMRAM          0x00000000         0x00010000         xrw
*default*        0x00000000         0xffffffff

Linker script and memory map

LOAD C:/ST/STM32CubeIDE_1.17.0/STM32CubeIDE/plugins/com.st.stm32cube.ide.mcu.externaltools.gnu-tools-for-stm32.12.3.rel1.win32_1.1.0.202410251130/tools/bin/../lib/gcc/arm-none-eabi/12.3.1/thumb/v7e-m+dp/hard/crti.o
LOAD C:/ST/STM32CubeIDE_1.17.0/STM32CubeIDE/plugins/com.st.stm32cube.ide.mcu.externaltools.gnu-tools-for-stm32.12.3.rel1.win32_1.1.0.202410251130/tools/bin/../lib/gcc/arm-none-eabi/12.3.1/thumb/v7e-m+dp/hard/crtbegin.o
LOAD C:/ST/STM32CubeIDE_1.17.0/STM32CubeIDE/plugins/com.st.stm32cube.ide.mcu.externaltools.gnu-tools-for-stm32.12.3.rel1.win32_1.1.0.202410251130/tools/bin/../lib/gcc/arm-none-eabi/12.3.1/../../../../arm-none-eabi/lib/thumb/v7e-m+dp/hard/crt0.o
LOAD ./Core/Src/algebra_libs.o
LOAD ./Core/Src/arm_mat_cholesky_f64.o
LOAD ./Core/Src/arm_mat_init_f64.o
LOAD ./Core/Src/arm_mat_inverse_f64.o
LOAD ./Core/Src/arm_mat_mult_f64.o
LOAD ./Core/Src/arm_mat_qr_f64.o
LOAD ./Core/Src/arm_mat_solve_lower_triangular_f64.o
LOAD ./Core/Src/arm_mat_solve_upper_triangular_f64.o
LOAD ./Core/Src/arm_mat_sub_f64.o
LOAD ./Core/Src/arm_mat_trans_f64.o
LOAD ./Core/Src/auxil.o
LOAD ./Core/Src/cpg_solve.o
LOAD ./Core/Src/cpg_workspace.o
LOAD ./Core/Src/csc_math.o
LOAD ./Core/Src/csc_utils.o
LOAD ./Core/Src/ekf.o
LOAD ./Core/Src/error.o
LOAD ./Core/Src/kan_solver.o
LOAD ./Core/Src/kkt.o
LOAD ./Core/Src/main.o
LOAD ./Core/Src/matrix.o
LOAD ./Core/Src/model_calc.o
LOAD ./Core/Src/mpc_runner.o
LOAD ./Core/Src/osqp_api.o
LOAD ./Core/Src/qdldl.o
LOAD ./Core/Src/qdldl_interface.o
LOAD ./Core/Src/scaling.o
LOAD ./Core/Src/stm32h7xx_hal_msp.o
LOAD ./Core/Src/stm32h7xx_it.o
LOAD ./Core/Src/syscalls.o
LOAD ./Core/Src/sysmem.o
LOAD ./Core/Src/system_stm32h7xx.o
LOAD ./Core/Src/util.o
LOAD ./Core/Src/vector.o
LOAD ./Core/Src/workspace.o
LOAD ./Core/Startup/startup_stm32h753zitx.o
LOAD ./Drivers/STM32H7xx_HAL_Driver/Src/stm32h7xx_hal.o
LOAD ./Drivers/STM32H7xx_HAL_Driver/Src/stm32h7xx_hal_cortex.o
LOAD ./Drivers/STM32H7xx_HAL_Driver/Src/stm32h7xx_hal_dma.o
LOAD ./Drivers/STM32H7xx_HAL_Driver/Src/stm32h7xx_hal_dma_ex.o
LOAD ./Drivers/STM32H7xx_HAL_Driver/Src/stm32h7xx_hal_exti.o
LOAD ./Drivers/STM32H7xx_HAL_Driver/Src/stm32h7xx_hal_flash.o
LOAD ./Drivers/STM32H7xx_HAL_Driver/Src/stm32h7xx_hal_flash_ex.o
LOAD ./Drivers/STM32H7xx_HAL_Driver/Src/stm32h7xx_hal_gpio.o
LOAD ./Drivers/STM32H7xx_HAL_Driver/Src/stm32h7xx_hal_hsem.o
LOAD ./Drivers/STM32H7xx_HAL_Driver/Src/stm32h7xx_hal_i2c.o
LOAD ./Drivers/STM32H7xx_HAL_Driver/Src/stm32h7xx_hal_i2c_ex.o
LOAD ./Drivers/STM32H7xx_HAL_Driver/Src/stm32h7xx_hal_mdma.o
LOAD ./Drivers/STM32H7xx_HAL_Driver/Src/stm32h7xx_hal_pwr.o
LOAD ./Drivers/STM32H7xx_HAL_Driver/Src/stm32h7xx_hal_pwr_ex.o
LOAD ./Drivers/STM32H7xx_HAL_Driver/Src/stm32h7xx_hal_rcc.o
LOAD ./Drivers/STM32H7xx_HAL_Driver/Src/stm32h7xx_hal_rcc_ex.o
LOAD ./Drivers/STM32H7xx_HAL_Driver/Src/stm32h7xx_hal_uart.o
LOAD ./Drivers/STM32H7xx_HAL_Driver/Src/stm32h7xx_hal_uart_ex.o
START GROUP
LOAD C:/ST/STM32CubeIDE_1.17.0/STM32CubeIDE/plugins/com.st.stm32cube.ide.mcu.externaltools.gnu-tools-for-stm32.12.3.rel1.win32_1.1.0.202410251130/tools/bin/../lib/gcc/arm-none-eabi/12.3.1/../../../../arm-none-eabi/lib/thumb/v7e-m+dp/hard\libc_nano.a
LOAD C:/ST/STM32CubeIDE_1.17.0/STM32CubeIDE/plugins/com.st.stm32cube.ide.mcu.externaltools.gnu-tools-for-stm32.12.3.rel1.win32_1.1.0.202410251130/tools/bin/../lib/gcc/arm-none-eabi/12.3.1/../../../../arm-none-eabi/lib/thumb/v7e-m+dp/hard\libm.a
END GROUP
START GROUP
LOAD C:/ST/STM32CubeIDE_1.17.0/STM32CubeIDE/plugins/com.st.stm32cube.ide.mcu.externaltools.gnu-tools-for-stm32.12.3.rel1.win32_1.1.0.202410251130/tools/bin/../lib/gcc/arm-none-eabi/12.3.1/thumb/v7e-m+dp/hard\libgcc.a
LOAD C:/ST/STM32CubeIDE_1.17.0/STM32CubeIDE/plugins/com.st.stm32cube.ide.mcu.externaltools.gnu-tools-for-stm32.12.3.rel1.win32_1.1.0.202410251130/tools/bin/../lib/gcc/arm-none-eabi/12.3.1/../../../../arm-none-eabi/lib/thumb/v7e-m+dp/hard\libc_nano.a
END GROUP
START GROUP
LOAD C:/ST/STM32CubeIDE_1.17.0/STM32CubeIDE/plugins/com.st.stm32cube.ide.mcu.externaltools.gnu-tools-for-stm32.12.3.rel1.win32_1.1.0.202410251130/tools/bin/../lib/gcc/arm-none-eabi/12.3.1/thumb/v7e-m+dp/hard\libgcc.a
LOAD C:/ST/STM32CubeIDE_1.17.0/STM32CubeIDE/plugins/com.st.stm32cube.ide.mcu.externaltools.gnu-tools-for-stm32.12.3.rel1.win32_1.1.0.202410251130/tools/bin/../lib/gcc/arm-none-eabi/12.3.1/../../../../arm-none-eabi/lib/thumb/v7e-m+dp/hard\libc_nano.a
LOAD C:/ST/STM32CubeIDE_1.17.0/STM32CubeIDE/plugins/com.st.stm32cube.ide.mcu.externaltools.gnu-tools-for-stm32.12.3.rel1.win32_1.1.0.202410251130/tools/bin/../lib/gcc/arm-none-eabi/12.3.1/../../../../arm-none-eabi/lib/thumb/v7e-m+dp/hard\libnosys.a
END GROUP
START GROUP
LOAD C:/ST/STM32CubeIDE_1.17.0/STM32CubeIDE/plugins/com.st.stm32cube.ide.mcu.externaltools.gnu-tools-for-stm32.12.3.rel1.win32_1.1.0.202410251130/tools/bin/../lib/gcc/arm-none-eabi/12.3.1/thumb/v7e-m+dp/hard\libgcc.a
LOAD C:/ST/STM32CubeIDE_1.17.0/STM32CubeIDE/plugins/com.st.stm32cube.ide.mcu.externaltools.gnu-tools-for-stm32.12.3.rel1.win32_1.1.0.202410251130/tools/bin/../lib/gcc/arm-none-eabi/12.3.1/../../../../arm-none-eabi/lib/thumb/v7e-m+dp/hard\libc_nano.a
LOAD C:/ST/STM32CubeIDE_1.17.0/STM32CubeIDE/plugins/com.st.stm32cube.ide.mcu.externaltools.gnu-tools-for-stm32.12.3.rel1.win32_1.1.0.202410251130/tools/bin/../lib/gcc/arm-none-eabi/12.3.1/../../../../arm-none-eabi/lib/thumb/v7e-m+dp/hard\libnosys.a
END GROUP
LOAD C:/ST/STM32CubeIDE_1.17.0/STM32CubeIDE/plugins/com.st.stm32cube.ide.mcu.externaltools.gnu-tools-for-stm32.12.3.rel1.win32_1.1.0.202410251130/tools/bin/../lib/gcc/arm-none-eabi/12.3.1/thumb/v7e-m+dp/hard/crtend.o
LOAD C:/ST/STM32CubeIDE_1.17.0/STM32CubeIDE/plugins/com.st.stm32cube.ide.mcu.externaltools.gnu-tools-for-stm32.12.3.rel1.win32_1.1.0.202410251130/tools/bin/../lib/gcc/arm-none-eabi/12.3.1/thumb/v7e-m+dp/hard/crtn.o
                0x24080000                        _estack = (ORIGIN (RAM_D1) + LENGTH (RAM_D1))
                0x00000200                        _Min_Heap_Size = 0x200
                0x00000400                        _Min_Stack_Size = 0x400

.isr_vector     0x08000000      0x298
                0x08000000                        . = ALIGN (0x4)
 *(.isr_vector)
 .isr_vector    0x08000000      0x298 ./Core/Startup/startup_stm32h753zitx.o
                0x08000000                g_pfnVectors
                0x08000298                        . = ALIGN (0x4)

.text           0x08000298     0x6638
                0x08000298                        . = ALIGN (0x4)
 *(.text)
 .text          0x08000298       0x40 C:/ST/STM32CubeIDE_1.17.0/STM32CubeIDE/plugins/com.st.stm32cube.ide.mcu.externaltools.gnu-tools-for-stm32.12.3.rel1.win32_1.1.0.202410251130/tools/bin/../lib/gcc/arm-none-eabi/12.3.1/thumb/v7e-m+dp/hard/crtbegin.o
 .text          0x080002d8       0x30 C:/ST/STM32CubeIDE_1.17.0/STM32CubeIDE/plugins/com.st.stm32cube.ide.mcu.externaltools.gnu-tools-for-stm32.12.3.rel1.win32_1.1.0.202410251130/tools/bin/../lib/gcc/arm-none-eabi/12.3.1/thumb/v7e-m+dp/hard\libgcc.a(_aeabi_uldivmod.o)
                0x080002d8                __aeabi_uldivmod
 .text          0x08000308      0x2bc C:/ST/STM32CubeIDE_1.17.0/STM32CubeIDE/plugins/com.st.stm32cube.ide.mcu.externaltools.gnu-tools-for-stm32.12.3.rel1.win32_1.1.0.202410251130/tools/bin/../lib/gcc/arm-none-eabi/12.3.1/thumb/v7e-m+dp/hard\libgcc.a(_udivmoddi4.o)
                0x08000308                __udivmoddi4
 .text          0x080005c4        0x4 C:/ST/STM32CubeIDE_1.17.0/STM32CubeIDE/plugins/com.st.stm32cube.ide.mcu.externaltools.gnu-tools-for-stm32.12.3.rel1.win32_1.1.0.202410251130/tools/bin/../lib/gcc/arm-none-eabi/12.3.1/thumb/v7e-m+dp/hard\libgcc.a(_dvmd_tls.o)
                0x080005c4                __aeabi_idiv0
                0x080005c4                __aeabi_ldiv0
 *(.text*)
 .text.arm_mat_inverse_f64
                0x080005c8      0x278 ./Core/Src/arm_mat_inverse_f64.o
                0x080005c8                arm_mat_inverse_f64
 .text.arm_mat_mult_f64
                0x08000840       0xa8 ./Core/Src/arm_mat_mult_f64.o
                0x08000840                arm_mat_mult_f64
 .text.arm_mat_sub_f64
                0x080008e8       0x2e ./Core/Src/arm_mat_sub_f64.o
                0x080008e8                arm_mat_sub_f64
 .text.arm_mat_trans_f64
                0x08000916       0x46 ./Core/Src/arm_mat_trans_f64.o
                0x08000916                arm_mat_trans_f64
 *fill*         0x0800095c        0x4 
 .text.compute_rho_estimate
                0x08000960       0xc8 ./Core/Src/auxil.o
                0x08000960                compute_rho_estimate
 .text.adapt_rho
                0x08000a28       0x4e ./Core/Src/auxil.o
                0x08000a28                adapt_rho
 *fill*         0x08000a76        0x2 
 .text.set_rho_vec
                0x08000a78       0x98 ./Core/Src/auxil.o
                0x08000a78                set_rho_vec
 .text.update_rho_vec
                0x08000b10       0x24 ./Core/Src/auxil.o
                0x08000b10                update_rho_vec
 .text.swap_vectors
                0x08000b34        0xa ./Core/Src/auxil.o
                0x08000b34                swap_vectors
 .text.update_xz_tilde
                0x08000b3e       0x5e ./Core/Src/auxil.o
                0x08000b3e                update_xz_tilde
 .text.update_x
                0x08000b9c       0x2a ./Core/Src/auxil.o
                0x08000b9c                update_x
 .text.update_z
                0x08000bc6       0x5e ./Core/Src/auxil.o
                0x08000bc6                update_z
 .text.update_y
                0x08000c24       0x4a ./Core/Src/auxil.o
                0x08000c24                update_y
 *fill*         0x08000c6e        0x2 
 .text.compute_obj_val_dual_gap
                0x08000c70       0xf8 ./Core/Src/auxil.o
                0x08000c70                compute_obj_val_dual_gap
 .text.is_primal_infeasible
                0x08000d68       0xe8 ./Core/Src/auxil.o
                0x08000d68                is_primal_infeasible
 .text.is_dual_infeasible
                0x08000e50      0x118 ./Core/Src/auxil.o
                0x08000e50                is_dual_infeasible
 .text.has_solution
                0x08000f68       0x14 ./Core/Src/auxil.o
                0x08000f68                has_solution
 *fill*         0x08000f7c        0x4 
 .text.store_solution
                0x08000f80       0xb0 ./Core/Src/auxil.o
                0x08000f80                store_solution
 .text.update_info
                0x08001030      0x188 ./Core/Src/auxil.o
                0x08001030                update_info
 .text.update_status
                0x080011b8       0x10 ./Core/Src/auxil.o
                0x080011b8                update_status
 .text.reset_info
                0x080011c8       0x10 ./Core/Src/auxil.o
                0x080011c8                reset_info
 .text.check_termination
                0x080011d8      0x318 ./Core/Src/auxil.o
                0x080011d8                check_termination
 .text.cpg_update_ref
                0x080014f0       0x1c ./Core/Src/cpg_solve.o
                0x080014f0                cpg_update_ref
 .text.cpg_update_x0
                0x0800150c       0x1c ./Core/Src/cpg_solve.o
                0x0800150c                cpg_update_x0
 .text.cpg_update_A
                0x08001528       0x1c ./Core/Src/cpg_solve.o
                0x08001528                cpg_update_A
 .text.cpg_update_B
                0x08001544       0x1c ./Core/Src/cpg_solve.o
                0x08001544                cpg_update_B
 .text.cpg_update_d
                0x08001560       0x1c ./Core/Src/cpg_solve.o
                0x08001560                cpg_update_d
 *fill*         0x0800157c        0x4 
 .text.cpg_canonicalize_A
                0x08001580       0x9c ./Core/Src/cpg_solve.o
                0x08001580                cpg_canonicalize_A
 *fill*         0x0800161c        0x4 
 .text.cpg_canonicalize_l
                0x08001620       0x9c ./Core/Src/cpg_solve.o
                0x08001620                cpg_canonicalize_l
 *fill*         0x080016bc        0x4 
 .text.cpg_canonicalize_u
                0x080016c0       0x9c ./Core/Src/cpg_solve.o
                0x080016c0                cpg_canonicalize_u
 .text.cpg_retrieve_info
                0x0800175c       0x30 ./Core/Src/cpg_solve.o
                0x0800175c                cpg_retrieve_info
 .text.cpg_solve
                0x0800178c       0x8c ./Core/Src/cpg_solve.o
                0x0800178c                cpg_solve
 .text.vec_set_scalar
                0x08001818       0x10 ./Core/Src/csc_math.o
                0x08001818                vec_set_scalar
 .text.vec_mult_scalar
                0x08001828       0x18 ./Core/Src/csc_math.o
                0x08001828                vec_mult_scalar
 .text.vec_negate
                0x08001840       0x18 ./Core/Src/csc_math.o
                0x08001840                vec_negate
 .text.csc_update_values
                0x08001858       0x3c ./Core/Src/csc_math.o
                0x08001858                csc_update_values
 .text.csc_scale
                0x08001894       0x26 ./Core/Src/csc_math.o
                0x08001894                csc_scale
 .text.csc_lmult_diag
                0x080018ba       0x40 ./Core/Src/csc_math.o
                0x080018ba                csc_lmult_diag
 .text.csc_rmult_diag
                0x080018fa       0x38 ./Core/Src/csc_math.o
                0x080018fa                csc_rmult_diag
 *fill*         0x08001932        0x6 
 .text.csc_Axpy_sym_triu
                0x08001938      0x1c8 ./Core/Src/csc_math.o
                0x08001938                csc_Axpy_sym_triu
 .text.csc_Axpy
                0x08001b00      0x140 ./Core/Src/csc_math.o
                0x08001b00                csc_Axpy
 .text.csc_Atxpy
                0x08001c40      0x148 ./Core/Src/csc_math.o
                0x08001c40                csc_Atxpy
 .text.csc_col_norm_inf
                0x08001d88       0x68 ./Core/Src/csc_math.o
                0x08001d88                csc_col_norm_inf
 .text.csc_row_norm_inf
                0x08001df0       0x70 ./Core/Src/csc_math.o
                0x08001df0                csc_row_norm_inf
 .text.csc_row_norm_inf_sym_triu
                0x08001e60       0x98 ./Core/Src/csc_math.o
                0x08001e60                csc_row_norm_inf_sym_triu
 .text.arm_mat_add_f64
                0x08001ef8       0x36 ./Core/Src/ekf.o
                0x08001ef8                arm_mat_add_f64
 *fill*         0x08001f2e        0x2 
 .text.EKF_Init
                0x08001f30       0xb4 ./Core/Src/ekf.o
                0x08001f30                EKF_Init
 *fill*         0x08001fe4        0x4 
 .text.EKF_Predict
                0x08001fe8       0x80 ./Core/Src/ekf.o
                0x08001fe8                EKF_Predict
 .text.EKF_Update
                0x08002068       0xc8 ./Core/Src/ekf.o
                0x08002068                EKF_Update
 .text._osqp_error
                0x08002130        0x2 ./Core/Src/error.o
                0x08002130                _osqp_error
 .text.update_KKT_P
                0x08002132       0x70 ./Core/Src/kkt.o
                0x08002132                update_KKT_P
 .text.update_KKT_A
                0x080021a2       0x36 ./Core/Src/kkt.o
                0x080021a2                update_KKT_A
 .text.update_KKT_param2
                0x080021d8       0x42 ./Core/Src/kkt.o
                0x080021d8                update_KKT_param2
 *fill*         0x0800221a        0x6 
 .text.System_Setup_Config
                0x08002220       0x58 ./Core/Src/main.o
                0x08002220                System_Setup_Config
 .text.DWT_Init
                0x08002278       0x28 ./Core/Src/main.o
                0x08002278                DWT_Init
 .text.SystemClock_Config
                0x080022a0       0x9c ./Core/Src/main.o
                0x080022a0                SystemClock_Config
 *fill*         0x0800233c        0x4 
 .text.startup.main
                0x08002340      0x2a8 ./Core/Src/main.o
                0x08002340                main
 .text.Error_Handler
                0x080025e8        0x4 ./Core/Src/main.o
                0x080025e8                Error_Handler
 .text.OSQPMatrix_update_values
                0x080025ec        0x6 ./Core/Src/matrix.o
                0x080025ec                OSQPMatrix_update_values
 .text.OSQPMatrix_get_nz
                0x080025f2        0xc ./Core/Src/matrix.o
                0x080025f2                OSQPMatrix_get_nz
 .text.OSQPMatrix_mult_scalar
                0x080025fe        0x6 ./Core/Src/matrix.o
                0x080025fe                OSQPMatrix_mult_scalar
 .text.OSQPMatrix_lmult_diag
                0x08002604       0x16 ./Core/Src/matrix.o
                0x08002604                OSQPMatrix_lmult_diag
 .text.OSQPMatrix_rmult_diag
                0x0800261a        0x8 ./Core/Src/matrix.o
                0x0800261a                OSQPMatrix_rmult_diag
 .text.OSQPMatrix_Axpy
                0x08002622       0x14 ./Core/Src/matrix.o
                0x08002622                OSQPMatrix_Axpy
 .text.OSQPMatrix_Atxpy
                0x08002636       0x14 ./Core/Src/matrix.o
                0x08002636                OSQPMatrix_Atxpy
 .text.OSQPMatrix_col_norm_inf
                0x0800264a       0x16 ./Core/Src/matrix.o
                0x0800264a                OSQPMatrix_col_norm_inf
 .text.OSQPMatrix_row_norm_inf
                0x08002660       0x2c ./Core/Src/matrix.o
                0x08002660                OSQPMatrix_row_norm_inf
 *fill*         0x0800268c        0x4 
 .text.get_safe_h_gradient
                0x08002690       0x18 ./Core/Src/model_calc.o
                0x08002690                get_safe_h_gradient
 .text.Mat_Vec_Mult_4x4
                0x080026a8       0xd2 ./Core/Src/model_calc.o
                0x080026a8                Mat_Vec_Mult_4x4
 .text.Mat_Vec_Mult_Add_4x2
                0x0800277a       0x92 ./Core/Src/model_calc.o
                0x0800277a                Mat_Vec_Mult_Add_4x2
 *fill*         0x0800280c        0x4 
 .text.Get_Nonlinear_Model
                0x08002810      0x1c8 ./Core/Src/model_calc.o
                0x08002810                Get_Nonlinear_Model
 .text.Get_Jacobian_F
                0x080029d8      0x100 ./Core/Src/model_calc.o
                0x080029d8                Get_Jacobian_F
 .text.Get_Linear_Model_Affine
                0x08002ad8       0xe8 ./Core/Src/model_calc.o
                0x08002ad8                Get_Linear_Model_Affine
 .text.Run_MPC_Step
                0x08002bc0       0xe8 ./Core/Src/mpc_runner.o
                0x08002bc0                Run_MPC_Step
 .text.osqp_update_data_vec
                0x08002ca8      0x114 ./Core/Src/osqp_api.o
                0x08002ca8                osqp_update_data_vec
 *fill*         0x08002dbc        0x4 
 .text.osqp_cold_start
                0x08002dc0       0x48 ./Core/Src/osqp_api.o
                0x08002dc0                osqp_cold_start
 .text.osqp_solve
                0x08002e08      0x1a8 ./Core/Src/osqp_api.o
                0x08002e08                osqp_solve
 .text.osqp_update_data_mat
                0x08002fb0      0x10c ./Core/Src/osqp_api.o
                0x08002fb0                osqp_update_data_mat
 *fill*         0x080030bc        0x4 
 .text.osqp_update_rho
                0x080030c0       0xb4 ./Core/Src/osqp_api.o
                0x080030c0                osqp_update_rho
 *fill*         0x08003174        0x4 
 .text.QDLDL_factor
                0x08003178      0x388 ./Core/Src/qdldl.o
                0x08003178                QDLDL_factor
 .text.QDLDL_Lsolve
                0x08003500       0x46 ./Core/Src/qdldl.o
                0x08003500                QDLDL_Lsolve
 .text.QDLDL_Ltsolve
                0x08003546       0x48 ./Core/Src/qdldl.o
                0x08003546                QDLDL_Ltsolve
 .text.QDLDL_solve
                0x0800358e       0x4c ./Core/Src/qdldl.o
                0x0800358e                QDLDL_solve
 .text.update_settings_linsys_solver_qdldl
                0x080035da        0x2 ./Core/Src/qdldl_interface.o
                0x080035da                update_settings_linsys_solver_qdldl
 .text.warm_start_linsys_solver_qdldl
                0x080035dc        0x2 ./Core/Src/qdldl_interface.o
                0x080035dc                warm_start_linsys_solver_qdldl
 *fill*         0x080035de        0x2 
 .text.name_qdldl
                0x080035e0        0x8 ./Core/Src/qdldl_interface.o
                0x080035e0                name_qdldl
 .text.solve_linsys_qdldl
                0x080035e8       0xd4 ./Core/Src/qdldl_interface.o
                0x080035e8                solve_linsys_qdldl
 .text.update_linsys_solver_matrices_qdldl
                0x080036bc       0x74 ./Core/Src/qdldl_interface.o
                0x080036bc                update_linsys_solver_matrices_qdldl
 .text.update_linsys_solver_rho_vec_qdldl
                0x08003730       0x86 ./Core/Src/qdldl_interface.o
                0x08003730                update_linsys_solver_rho_vec_qdldl
 *fill*         0x080037b6        0x2 
 .text.limit_scaling_vector
                0x080037b8       0x38 ./Core/Src/scaling.o
                0x080037b8                limit_scaling_vector
 .text.compute_inf_norm_cols_KKT
                0x080037f0       0x2e ./Core/Src/scaling.o
                0x080037f0                compute_inf_norm_cols_KKT
 *fill*         0x0800381e        0x2 
 .text.scale_data
                0x08003820      0x1f8 ./Core/Src/scaling.o
                0x08003820                scale_data
 .text.unscale_data
                0x08003a18       0x90 ./Core/Src/scaling.o
                0x08003a18                unscale_data
 .text.unscale_solution
                0x08003aa8       0x34 ./Core/Src/scaling.o
                0x08003aa8                unscale_solution
 .text.HAL_MspInit
                0x08003adc       0x24 ./Core/Src/stm32h7xx_hal_msp.o
                0x08003adc                HAL_MspInit
 .text.HAL_UART_MspInit
                0x08003b00       0x94 ./Core/Src/stm32h7xx_hal_msp.o
                0x08003b00                HAL_UART_MspInit
 .text.NMI_Handler
                0x08003b94        0x2 ./Core/Src/stm32h7xx_it.o
                0x08003b94                NMI_Handler
 .text.HardFault_Handler
                0x08003b96        0x2 ./Core/Src/stm32h7xx_it.o
                0x08003b96                HardFault_Handler
 .text.MemManage_Handler
                0x08003b98        0x2 ./Core/Src/stm32h7xx_it.o
                0x08003b98                MemManage_Handler
 .text.BusFault_Handler
                0x08003b9a        0x2 ./Core/Src/stm32h7xx_it.o
                0x08003b9a                BusFault_Handler
 .text.UsageFault_Handler
                0x08003b9c        0x2 ./Core/Src/stm32h7xx_it.o
                0x08003b9c                UsageFault_Handler
 .text.SVC_Handler
                0x08003b9e        0x2 ./Core/Src/stm32h7xx_it.o
                0x08003b9e                SVC_Handler
 .text.DebugMon_Handler
                0x08003ba0        0x2 ./Core/Src/stm32h7xx_it.o
                0x08003ba0                DebugMon_Handler
 .text.PendSV_Handler
                0x08003ba2        0x2 ./Core/Src/stm32h7xx_it.o
                0x08003ba2                PendSV_Handler
 .text.SysTick_Handler
                0x08003ba4        0x4 ./Core/Src/stm32h7xx_it.o
                0x08003ba4                SysTick_Handler
 .text.SystemInit
                0x08003ba8       0xe4 ./Core/Src/system_stm32h7xx.o
                0x08003ba8                SystemInit
 .text.ExitRun0Mode
                0x08003c8c       0x18 ./Core/Src/system_stm32h7xx.o
                0x08003c8c                ExitRun0Mode
 .text.c_strcpy
                0x08003ca4       0x12 ./Core/Src/util.o
                0x08003ca4                c_strcpy
 .text.OSQPVectorf_data
                0x08003cb6        0x4 ./Core/Src/vector.o
                0x08003cb6                OSQPVectorf_data
 .text.OSQPVectorf_from_raw
                0x08003cba       0x1a ./Core/Src/vector.o
                0x08003cba                OSQPVectorf_from_raw
 .text.OSQPVectorf_copy
                0x08003cd4        0x6 ./Core/Src/vector.o
                0x08003cd4                OSQPVectorf_copy
 .text.OSQPVectorf_to_raw
                0x08003cda       0x1a ./Core/Src/vector.o
                0x08003cda                OSQPVectorf_to_raw
 .text.OSQPVectorf_set_scalar
                0x08003cf4       0x14 ./Core/Src/vector.o
                0x08003cf4                OSQPVectorf_set_scalar
 .text.OSQPVectorf_set_scalar_conditional
                0x08003d08       0x32 ./Core/Src/vector.o
                0x08003d08                OSQPVectorf_set_scalar_conditional
 .text.OSQPVectorf_round_to_zero
                0x08003d3a       0x38 ./Core/Src/vector.o
                0x08003d3a                OSQPVectorf_round_to_zero
 .text.OSQPVectorf_mult_scalar
                0x08003d72       0x1c ./Core/Src/vector.o
                0x08003d72                OSQPVectorf_mult_scalar
 .text.OSQPVectorf_plus
                0x08003d8e       0x46 ./Core/Src/vector.o
                0x08003d8e                OSQPVectorf_plus
 .text.OSQPVectorf_minus
                0x08003dd4       0x46 ./Core/Src/vector.o
                0x08003dd4                OSQPVectorf_minus
 .text.OSQPVectorf_add_scaled
                0x08003e1a       0x58 ./Core/Src/vector.o
                0x08003e1a                OSQPVectorf_add_scaled
 .text.OSQPVectorf_add_scaled3
                0x08003e72       0x70 ./Core/Src/vector.o
                0x08003e72                OSQPVectorf_add_scaled3
 *fill*         0x08003ee2        0x6 
 .text.OSQPVectorf_norm_inf
                0x08003ee8       0x40 ./Core/Src/vector.o
                0x08003ee8                OSQPVectorf_norm_inf
 .text.OSQPVectorf_scaled_norm_inf
                0x08003f28       0x48 ./Core/Src/vector.o
                0x08003f28                OSQPVectorf_scaled_norm_inf
 .text.OSQPVectorf_dot_prod
                0x08003f70       0x30 ./Core/Src/vector.o
                0x08003f70                OSQPVectorf_dot_prod
 .text.OSQPVectorf_dot_prod_signed
                0x08003fa0       0x80 ./Core/Src/vector.o
                0x08003fa0                OSQPVectorf_dot_prod_signed
 .text.OSQPVectorf_ew_prod
                0x08004020       0x46 ./Core/Src/vector.o
                0x08004020                OSQPVectorf_ew_prod
 .text.OSQPVectorf_all_leq
                0x08004066       0x2c ./Core/Src/vector.o
                0x08004066                OSQPVectorf_all_leq
 .text.OSQPVectorf_ew_bound_vec
                0x08004092       0x40 ./Core/Src/vector.o
                0x08004092                OSQPVectorf_ew_bound_vec
 *fill*         0x080040d2        0x6 
 .text.OSQPVectorf_project_polar_reccone
                0x080040d8       0x80 ./Core/Src/vector.o
                0x080040d8                OSQPVectorf_project_polar_reccone
 .text.OSQPVectorf_in_reccone
                0x08004158       0x5e ./Core/Src/vector.o
                0x08004158                OSQPVectorf_in_reccone
 *fill*         0x080041b6        0x2 
 .text.OSQPVectorf_norm_1
                0x080041b8       0x40 ./Core/Src/vector.o
                0x080041b8                OSQPVectorf_norm_1
 .text.OSQPVectorf_ew_reciprocal
                0x080041f8       0x24 ./Core/Src/vector.o
                0x080041f8                OSQPVectorf_ew_reciprocal
 .text.OSQPVectorf_ew_sqrt
                0x0800421c       0x1e ./Core/Src/vector.o
                0x0800421c                OSQPVectorf_ew_sqrt
 .text.OSQPVectorf_ew_max_vec
                0x0800423a       0x2e ./Core/Src/vector.o
                0x0800423a                OSQPVectorf_ew_max_vec
 .text.OSQPVectorf_ew_bounds_type
                0x08004268       0x60 ./Core/Src/vector.o
                0x08004268                OSQPVectorf_ew_bounds_type
 .text.OSQPVectorf_set_scalar_if_lt
                0x080042c8       0x2a ./Core/Src/vector.o
                0x080042c8                OSQPVectorf_set_scalar_if_lt
 .text.OSQPVectorf_set_scalar_if_gt
                0x080042f2       0x28 ./Core/Src/vector.o
                0x080042f2                OSQPVectorf_set_scalar_if_gt
 *fill*         0x0800431a        0x2 
 .text.Reset_Handler
                0x0800431c       0x54 ./Core/Startup/startup_stm32h753zitx.o
                0x0800431c                Reset_Handler
 .text.Default_Handler
                0x08004370        0x2 ./Core/Startup/startup_stm32h753zitx.o
                0x08004370                RTC_Alarm_IRQHandler
                0x08004370                HASH_RNG_IRQHandler
                0x08004370                EXTI2_IRQHandler
                0x08004370                TIM8_CC_IRQHandler
                0x08004370                HRTIM1_Master_IRQHandler
                0x08004370                UART8_IRQHandler
                0x08004370                SPI4_IRQHandler
                0x08004370                TIM1_CC_IRQHandler
                0x08004370                BDMA_Channel6_IRQHandler
                0x08004370                DMA2_Stream5_IRQHandler
                0x08004370                HRTIM1_FLT_IRQHandler
                0x08004370                JPEG_IRQHandler
                0x08004370                DMA1_Stream5_IRQHandler
                0x08004370                BDMA_Channel1_IRQHandler
                0x08004370                HRTIM1_TIMD_IRQHandler
                0x08004370                TAMP_STAMP_IRQHandler
                0x08004370                EXTI3_IRQHandler
                0x08004370                LPTIM4_IRQHandler
                0x08004370                TIM8_TRG_COM_TIM14_IRQHandler
                0x08004370                LPTIM2_IRQHandler
                0x08004370                DFSDM1_FLT1_IRQHandler
                0x08004370                DMAMUX2_OVR_IRQHandler
                0x08004370                TIM8_UP_TIM13_IRQHandler
                0x08004370                I2C3_ER_IRQHandler
                0x08004370                DFSDM1_FLT2_IRQHandler
                0x08004370                MDMA_IRQHandler
                0x08004370                LPTIM3_IRQHandler
                0x08004370                HSEM1_IRQHandler
                0x08004370                EXTI0_IRQHandler
                0x08004370                I2C2_EV_IRQHandler
                0x08004370                DMA1_Stream2_IRQHandler
                0x08004370                FPU_IRQHandler
                0x08004370                OTG_HS_WKUP_IRQHandler
                0x08004370                FDCAN1_IT1_IRQHandler
                0x08004370                LTDC_ER_IRQHandler
                0x08004370                DMA2_Stream2_IRQHandler
                0x08004370                HRTIM1_TIME_IRQHandler
                0x08004370                SPI1_IRQHandler
                0x08004370                TIM6_DAC_IRQHandler
                0x08004370                DCMI_IRQHandler
                0x08004370                HRTIM1_TIMC_IRQHandler
                0x08004370                DMA2_Stream3_IRQHandler
                0x08004370                SAI2_IRQHandler
                0x08004370                DFSDM1_FLT3_IRQHandler
                0x08004370                USART6_IRQHandler
                0x08004370                TIM17_IRQHandler
                0x08004370                USART3_IRQHandler
                0x08004370                BDMA_Channel7_IRQHandler
                0x08004370                CRYP_IRQHandler
                0x08004370                LPTIM5_IRQHandler
                0x08004370                UART5_IRQHandler
                0x08004370                ADC3_IRQHandler
                0x08004370                DMA2_Stream0_IRQHandler
                0x08004370                TIM4_IRQHandler
                0x08004370                BDMA_Channel2_IRQHandler
                0x08004370                QUADSPI_IRQHandler
                0x08004370                I2C1_EV_IRQHandler
                0x08004370                DMA1_Stream6_IRQHandler
                0x08004370                DMAMUX1_OVR_IRQHandler
                0x08004370                DMA1_Stream1_IRQHandler
                0x08004370                TIM16_IRQHandler
                0x08004370                UART4_IRQHandler
                0x08004370                BDMA_Channel5_IRQHandler
                0x08004370                TIM3_IRQHandler
                0x08004370                RCC_IRQHandler
                0x08004370                TIM8_BRK_TIM12_IRQHandler
                0x08004370                TIM1_TRG_COM_IRQHandler
                0x08004370                Default_Handler
                0x08004370                ECC_IRQHandler
                0x08004370                CEC_IRQHandler
                0x08004370                EXTI15_10_IRQHandler
                0x08004370                BDMA_Channel0_IRQHandler
                0x08004370                ADC_IRQHandler
                0x08004370                DMA1_Stream7_IRQHandler
                0x08004370                HRTIM1_TIMA_IRQHandler
                0x08004370                SPI5_IRQHandler
                0x08004370                TIM7_IRQHandler
                0x08004370                SDMMC1_IRQHandler
                0x08004370                TIM5_IRQHandler
                0x08004370                DMA2_Stream7_IRQHandler
                0x08004370                TIM15_IRQHandler
                0x08004370                PVD_AVD_IRQHandler
                0x08004370                I2C3_EV_IRQHandler
                0x08004370                EXTI9_5_IRQHandler
                0x08004370                RTC_WKUP_IRQHandler
                0x08004370                LTDC_IRQHandler
                0x08004370                SAI3_IRQHandler
                0x08004370                ETH_WKUP_IRQHandler
                0x08004370                SPDIF_RX_IRQHandler
                0x08004370                SPI2_IRQHandler
                0x08004370                OTG_HS_EP1_IN_IRQHandler
                0x08004370                DMA1_Stream0_IRQHandler
                0x08004370                CRS_IRQHandler
                0x08004370                EXTI4_IRQHandler
                0x08004370                HRTIM1_TIMB_IRQHandler
                0x08004370                FDCAN2_IT1_IRQHandler
                0x08004370                ETH_IRQHandler
                0x08004370                TIM1_UP_IRQHandler
                0x08004370                BDMA_Channel4_IRQHandler
                0x08004370                OTG_HS_EP1_OUT_IRQHandler
                0x08004370                WWDG_IRQHandler
                0x08004370                SPI6_IRQHandler
                0x08004370                MDIOS_IRQHandler
                0x08004370                I2C4_EV_IRQHandler
                0x08004370                FDCAN2_IT0_IRQHandler
                0x08004370                LPUART1_IRQHandler
                0x08004370                FDCAN1_IT0_IRQHandler
                0x08004370                TIM2_IRQHandler
                0x08004370                OTG_FS_WKUP_IRQHandler
                0x08004370                OTG_HS_IRQHandler
                0x08004370                DMA2D_IRQHandler
                0x08004370                TIM1_BRK_IRQHandler
                0x08004370                EXTI1_IRQHandler
                0x08004370                SDMMC2_IRQHandler
                0x08004370                OTG_FS_EP1_OUT_IRQHandler
                0x08004370                BDMA_Channel3_IRQHandler
                0x08004370                UART7_IRQHandler
                0x08004370                MDIOS_WKUP_IRQHandler
                0x08004370                USART2_IRQHandler
                0x08004370                DFSDM1_FLT0_IRQHandler
                0x08004370                SAI4_IRQHandler
                0x08004370                I2C2_ER_IRQHandler
                0x08004370                DMA2_Stream1_IRQHandler
                0x08004370                FLASH_IRQHandler
                0x08004370                DMA2_Stream4_IRQHandler
                0x08004370                USART1_IRQHandler
                0x08004370                OTG_FS_IRQHandler
                0x08004370                SPI3_IRQHandler
                0x08004370                WAKEUP_PIN_IRQHandler
                0x08004370                DMA1_Stream4_IRQHandler
                0x08004370                OTG_FS_EP1_IN_IRQHandler
                0x08004370                I2C1_ER_IRQHandler
                0x08004370                FMC_IRQHandler
                0x08004370                FDCAN_CAL_IRQHandler
                0x08004370                SWPMI1_IRQHandler
                0x08004370                COMP1_IRQHandler
                0x08004370                LPTIM1_IRQHandler
                0x08004370                I2C4_ER_IRQHandler
                0x08004370                DMA2_Stream6_IRQHandler
                0x08004370                SAI1_IRQHandler
                0x08004370                DMA1_Stream3_IRQHandler
 *fill*         0x08004372        0x2 
 .text.HAL_InitTick
                0x08004374       0x4c ./Drivers/STM32H7xx_HAL_Driver/Src/stm32h7xx_hal.o
                0x08004374                HAL_InitTick
 .text.HAL_Init
                0x080043c0       0x5c ./Drivers/STM32H7xx_HAL_Driver/Src/stm32h7xx_hal.o
                0x080043c0                HAL_Init
 .text.HAL_IncTick
                0x0800441c       0x18 ./Drivers/STM32H7xx_HAL_Driver/Src/stm32h7xx_hal.o
                0x0800441c                HAL_IncTick
 .text.HAL_GetTick
                0x08004434        0xc ./Drivers/STM32H7xx_HAL_Driver/Src/stm32h7xx_hal.o
                0x08004434                HAL_GetTick
 .text.HAL_GetREVID
                0x08004440        0xc ./Drivers/STM32H7xx_HAL_Driver/Src/stm32h7xx_hal.o
                0x08004440                HAL_GetREVID
 .text.HAL_NVIC_SetPriorityGrouping
                0x0800444c       0x24 ./Drivers/STM32H7xx_HAL_Driver/Src/stm32h7xx_hal_cortex.o
                0x0800444c                HAL_NVIC_SetPriorityGrouping
 .text.HAL_NVIC_SetPriority
                0x08004470       0x64 ./Drivers/STM32H7xx_HAL_Driver/Src/stm32h7xx_hal_cortex.o
                0x08004470                HAL_NVIC_SetPriority
 .text.HAL_SYSTICK_Config
                0x080044d4       0x28 ./Drivers/STM32H7xx_HAL_Driver/Src/stm32h7xx_hal_cortex.o
                0x080044d4                HAL_SYSTICK_Config
 .text.HAL_MPU_Disable
                0x080044fc       0x1c ./Drivers/STM32H7xx_HAL_Driver/Src/stm32h7xx_hal_cortex.o
                0x080044fc                HAL_MPU_Disable
 .text.HAL_MPU_Enable
                0x08004518       0x20 ./Drivers/STM32H7xx_HAL_Driver/Src/stm32h7xx_hal_cortex.o
                0x08004518                HAL_MPU_Enable
 .text.HAL_MPU_ConfigRegion
                0x08004538       0x58 ./Drivers/STM32H7xx_HAL_Driver/Src/stm32h7xx_hal_cortex.o
                0x08004538                HAL_MPU_ConfigRegion
 .text.HAL_GPIO_Init
                0x08004590      0x1d0 ./Drivers/STM32H7xx_HAL_Driver/Src/stm32h7xx_hal_gpio.o
                0x08004590                HAL_GPIO_Init
 .text.HAL_GPIO_WritePin
                0x08004760        0xa ./Drivers/STM32H7xx_HAL_Driver/Src/stm32h7xx_hal_gpio.o
                0x08004760                HAL_GPIO_WritePin
 .text.HAL_GPIO_TogglePin
                0x0800476a       0x12 ./Drivers/STM32H7xx_HAL_Driver/Src/stm32h7xx_hal_gpio.o
                0x0800476a                HAL_GPIO_TogglePin
 .text.HAL_PWREx_ConfigSupply
                0x0800477c       0x48 ./Drivers/STM32H7xx_HAL_Driver/Src/stm32h7xx_hal_pwr_ex.o
                0x0800477c                HAL_PWREx_ConfigSupply
 .text.HAL_RCC_OscConfig
                0x080047c4      0x558 ./Drivers/STM32H7xx_HAL_Driver/Src/stm32h7xx_hal_rcc.o
                0x080047c4                HAL_RCC_OscConfig
 .text.HAL_RCC_GetSysClockFreq
                0x08004d1c      0x144 ./Drivers/STM32H7xx_HAL_Driver/Src/stm32h7xx_hal_rcc.o
                0x08004d1c                HAL_RCC_GetSysClockFreq
 .text.HAL_RCC_ClockConfig
                0x08004e60      0x24c ./Drivers/STM32H7xx_HAL_Driver/Src/stm32h7xx_hal_rcc.o
                0x08004e60                HAL_RCC_ClockConfig
 .text.HAL_RCC_GetHCLKFreq
                0x080050ac       0x44 ./Drivers/STM32H7xx_HAL_Driver/Src/stm32h7xx_hal_rcc.o
                0x080050ac                HAL_RCC_GetHCLKFreq
 .text.HAL_RCC_GetPCLK1Freq
                0x080050f0       0x24 ./Drivers/STM32H7xx_HAL_Driver/Src/stm32h7xx_hal_rcc.o
                0x080050f0                HAL_RCC_GetPCLK1Freq
 .text.HAL_RCC_GetPCLK2Freq
                0x08005114       0x24 ./Drivers/STM32H7xx_HAL_Driver/Src/stm32h7xx_hal_rcc.o
                0x08005114                HAL_RCC_GetPCLK2Freq
 .text.RCCEx_PLL2_Config
                0x08005138       0xf0 ./Drivers/STM32H7xx_HAL_Driver/Src/stm32h7xx_hal_rcc_ex.o
 .text.RCCEx_PLL3_Config
                0x08005228       0xf0 ./Drivers/STM32H7xx_HAL_Driver/Src/stm32h7xx_hal_rcc_ex.o
 .text.HAL_RCCEx_PeriphCLKConfig
                0x08005318      0x9d0 ./Drivers/STM32H7xx_HAL_Driver/Src/stm32h7xx_hal_rcc_ex.o
                0x08005318                HAL_RCCEx_PeriphCLKConfig
 .text.HAL_RCCEx_GetD3PCLK1Freq
                0x08005ce8       0x24 ./Drivers/STM32H7xx_HAL_Driver/Src/stm32h7xx_hal_rcc_ex.o
                0x08005ce8                HAL_RCCEx_GetD3PCLK1Freq
 .text.HAL_RCCEx_GetPLL2ClockFreq
                0x08005d0c      0x154 ./Drivers/STM32H7xx_HAL_Driver/Src/stm32h7xx_hal_rcc_ex.o
                0x08005d0c                HAL_RCCEx_GetPLL2ClockFreq
 .text.HAL_RCCEx_GetPLL3ClockFreq
                0x08005e60      0x154 ./Drivers/STM32H7xx_HAL_Driver/Src/stm32h7xx_hal_rcc_ex.o
                0x08005e60                HAL_RCCEx_GetPLL3ClockFreq
 .text.UART_EndRxTransfer
                0x08005fb4       0x58 ./Drivers/STM32H7xx_HAL_Driver/Src/stm32h7xx_hal_uart.o
 .text.UART_SetConfig
                0x0800600c      0x32c ./Drivers/STM32H7xx_HAL_Driver/Src/stm32h7xx_hal_uart.o
                0x0800600c                UART_SetConfig
 .text.UART_AdvFeatureConfig
                0x08006338       0xaa ./Drivers/STM32H7xx_HAL_Driver/Src/stm32h7xx_hal_uart.o
                0x08006338                UART_AdvFeatureConfig
 .text.UART_WaitOnFlagUntilTimeout
                0x080063e2       0x90 ./Drivers/STM32H7xx_HAL_Driver/Src/stm32h7xx_hal_uart.o
                0x080063e2                UART_WaitOnFlagUntilTimeout
 .text.HAL_UART_Transmit
                0x08006472       0xaa ./Drivers/STM32H7xx_HAL_Driver/Src/stm32h7xx_hal_uart.o
                0x08006472                HAL_UART_Transmit
 .text.HAL_UART_Receive
                0x0800651c       0xd8 ./Drivers/STM32H7xx_HAL_Driver/Src/stm32h7xx_hal_uart.o
                0x0800651c                HAL_UART_Receive
 .text.UART_CheckIdleState
                0x080065f4       0xb6 ./Drivers/STM32H7xx_HAL_Driver/Src/stm32h7xx_hal_uart.o
                0x080065f4                UART_CheckIdleState
 .text.HAL_UART_Init
                0x080066aa       0x60 ./Drivers/STM32H7xx_HAL_Driver/Src/stm32h7xx_hal_uart.o
                0x080066aa                HAL_UART_Init
 *fill*         0x0800670a        0x2 
 .text.UARTEx_SetNbDataToProcess
                0x0800670c       0x44 ./Drivers/STM32H7xx_HAL_Driver/Src/stm32h7xx_hal_uart_ex.o
 .text.HAL_UARTEx_DisableFifoMode
                0x08006750       0x36 ./Drivers/STM32H7xx_HAL_Driver/Src/stm32h7xx_hal_uart_ex.o
                0x08006750                HAL_UARTEx_DisableFifoMode
 .text.HAL_UARTEx_SetTxFifoThreshold
                0x08006786       0x40 ./Drivers/STM32H7xx_HAL_Driver/Src/stm32h7xx_hal_uart_ex.o
                0x08006786                HAL_UARTEx_SetTxFifoThreshold
 .text.HAL_UARTEx_SetRxFifoThreshold
                0x080067c6       0x40 ./Drivers/STM32H7xx_HAL_Driver/Src/stm32h7xx_hal_uart_ex.o
                0x080067c6                HAL_UARTEx_SetRxFifoThreshold
 .text.memset   0x08006806       0x10 C:/ST/STM32CubeIDE_1.17.0/STM32CubeIDE/plugins/com.st.stm32cube.ide.mcu.externaltools.gnu-tools-for-stm32.12.3.rel1.win32_1.1.0.202410251130/tools/bin/../lib/gcc/arm-none-eabi/12.3.1/../../../../arm-none-eabi/lib/thumb/v7e-m+dp/hard\libc_nano.a(libc_a-memset.o)
                0x08006806                memset
 *fill*         0x08006816        0x2 
 .text.__errno  0x08006818        0xc C:/ST/STM32CubeIDE_1.17.0/STM32CubeIDE/plugins/com.st.stm32cube.ide.mcu.externaltools.gnu-tools-for-stm32.12.3.rel1.win32_1.1.0.202410251130/tools/bin/../lib/gcc/arm-none-eabi/12.3.1/../../../../arm-none-eabi/lib/thumb/v7e-m+dp/hard\libc_nano.a(libc_a-errno.o)
                0x08006818                __errno
 .text.__libc_init_array
                0x08006824       0x48 C:/ST/STM32CubeIDE_1.17.0/STM32CubeIDE/plugins/com.st.stm32cube.ide.mcu.externaltools.gnu-tools-for-stm32.12.3.rel1.win32_1.1.0.202410251130/tools/bin/../lib/gcc/arm-none-eabi/12.3.1/../../../../arm-none-eabi/lib/thumb/v7e-m+dp/hard\libc_nano.a(libc_a-init.o)
                0x08006824                __libc_init_array
 *fill*         0x0800686c        0x4 
 .text.sqrt     0x08006870       0x40 C:/ST/STM32CubeIDE_1.17.0/STM32CubeIDE/plugins/com.st.stm32cube.ide.mcu.externaltools.gnu-tools-for-stm32.12.3.rel1.win32_1.1.0.202410251130/tools/bin/../lib/gcc/arm-none-eabi/12.3.1/../../../../arm-none-eabi/lib/thumb/v7e-m+dp/hard\libm.a(libm_a-w_sqrt.o)
                0x08006870                sqrt
 .text.__ieee754_sqrt
                0x080068b0        0x6 C:/ST/STM32CubeIDE_1.17.0/STM32CubeIDE/plugins/com.st.stm32cube.ide.mcu.externaltools.gnu-tools-for-stm32.12.3.rel1.win32_1.1.0.202410251130/tools/bin/../lib/gcc/arm-none-eabi/12.3.1/../../../../arm-none-eabi/lib/thumb/v7e-m+dp/hard\libm.a(libm_a-e_sqrt.o)
                0x080068b0                __ieee754_sqrt
 *(.glue_7)
 .glue_7        0x080068b6        0x0 linker stubs
 *(.glue_7t)
 .glue_7t       0x080068b6        0x0 linker stubs
 *(.eh_frame)
 *fill*         0x080068b6        0x2 
 .eh_frame      0x080068b8        0x0 C:/ST/STM32CubeIDE_1.17.0/STM32CubeIDE/plugins/com.st.stm32cube.ide.mcu.externaltools.gnu-tools-for-stm32.12.3.rel1.win32_1.1.0.202410251130/tools/bin/../lib/gcc/arm-none-eabi/12.3.1/thumb/v7e-m+dp/hard/crtbegin.o
 *(.init)
 .init          0x080068b8        0x4 C:/ST/STM32CubeIDE_1.17.0/STM32CubeIDE/plugins/com.st.stm32cube.ide.mcu.externaltools.gnu-tools-for-stm32.12.3.rel1.win32_1.1.0.202410251130/tools/bin/../lib/gcc/arm-none-eabi/12.3.1/thumb/v7e-m+dp/hard/crti.o
                0x080068b8                _init
 .init          0x080068bc        0x8 C:/ST/STM32CubeIDE_1.17.0/STM32CubeIDE/plugins/com.st.stm32cube.ide.mcu.externaltools.gnu-tools-for-stm32.12.3.rel1.win32_1.1.0.202410251130/tools/bin/../lib/gcc/arm-none-eabi/12.3.1/thumb/v7e-m+dp/hard/crtn.o
 *(.fini)
 .fini          0x080068c4        0x4 C:/ST/STM32CubeIDE_1.17.0/STM32CubeIDE/plugins/com.st.stm32cube.ide.mcu.externaltools.gnu-tools-for-stm32.12.3.rel1.win32_1.1.0.202410251130/tools/bin/../lib/gcc/arm-none-eabi/12.3.1/thumb/v7e-m+dp/hard/crti.o
                0x080068c4                _fini
 .fini          0x080068c8        0x8 C:/ST/STM32CubeIDE_1.17.0/STM32CubeIDE/plugins/com.st.stm32cube.ide.mcu.externaltools.gnu-tools-for-stm32.12.3.rel1.win32_1.1.0.202410251130/tools/bin/../lib/gcc/arm-none-eabi/12.3.1/thumb/v7e-m+dp/hard/crtn.o
                0x080068d0                        . = ALIGN (0x4)
                0x080068d0                        _etext = .

.vfp11_veneer   0x080068d0        0x0
 .vfp11_veneer  0x080068d0        0x0 linker stubs

.v4_bx          0x080068d0        0x0
 .v4_bx         0x080068d0        0x0 linker stubs

.iplt           0x080068d0        0x0
 .iplt          0x080068d0        0x0 C:/ST/STM32CubeIDE_1.17.0/STM32CubeIDE/plugins/com.st.stm32cube.ide.mcu.externaltools.gnu-tools-for-stm32.12.3.rel1.win32_1.1.0.202410251130/tools/bin/../lib/gcc/arm-none-eabi/12.3.1/thumb/v7e-m+dp/hard/crtbegin.o

.rodata         0x080068d0      0x158
                0x080068d0                        . = ALIGN (0x4)
 *(.rodata)
 *(.rodata*)
 .rodata.str1.1
                0x080068d0       0xc6 ./Core/Src/auxil.o
                                 0xce (size before relaxing)
 .rodata.str1.1
                0x08006996        0x8 ./Core/Src/cpg_workspace.o
 .rodata.__func__.1
                0x0800699e       0x10 ./Core/Src/osqp_api.o
 .rodata.__func__.2
                0x080069ae       0x15 ./Core/Src/osqp_api.o
 .rodata.__func__.4
                0x080069c3       0x15 ./Core/Src/osqp_api.o
 .rodata.__func__.6
                0x080069d8        0xb ./Core/Src/osqp_api.o
 .rodata.name_qdldl.str1.1
                0x080069e3        0xd ./Core/Src/qdldl_interface.o
 .rodata.D1CorePrescTable
                0x080069f0       0x10 ./Core/Src/system_stm32h7xx.o
                0x080069f0                D1CorePrescTable
 .rodata.UARTPrescTable
                0x08006a00       0x18 ./Drivers/STM32H7xx_HAL_Driver/Src/stm32h7xx_hal_uart.o
                0x08006a00                UARTPrescTable
 .rodata.denominator.0
                0x08006a18        0x8 ./Drivers/STM32H7xx_HAL_Driver/Src/stm32h7xx_hal_uart_ex.o
 .rodata.numerator.1
                0x08006a20        0x8 ./Drivers/STM32H7xx_HAL_Driver/Src/stm32h7xx_hal_uart_ex.o
                0x08006a28                        . = ALIGN (0x4)

.ARM.extab
 *(.ARM.extab* .gnu.linkonce.armextab.*)

.ARM            0x08006a28        0x8
                0x08006a28                        __exidx_start = .
 *(.ARM.exidx*)
 .ARM.exidx     0x08006a28        0x8 C:/ST/STM32CubeIDE_1.17.0/STM32CubeIDE/plugins/com.st.stm32cube.ide.mcu.externaltools.gnu-tools-for-stm32.12.3.rel1.win32_1.1.0.202410251130/tools/bin/../lib/gcc/arm-none-eabi/12.3.1/thumb/v7e-m+dp/hard\libgcc.a(_udivmoddi4.o)
                0x08006a30                        __exidx_end = .

.preinit_array  0x08006a30        0x0
                0x08006a30                        PROVIDE (__preinit_array_start = .)
 *(.preinit_array*)
                0x08006a30                        PROVIDE (__preinit_array_end = .)

.init_array     0x08006a30        0x4
                0x08006a30                        PROVIDE (__init_array_start = .)
 *(SORT_BY_NAME(.init_array.*))
 *(.init_array*)
 .init_array    0x08006a30        0x4 C:/ST/STM32CubeIDE_1.17.0/STM32CubeIDE/plugins/com.st.stm32cube.ide.mcu.externaltools.gnu-tools-for-stm32.12.3.rel1.win32_1.1.0.202410251130/tools/bin/../lib/gcc/arm-none-eabi/12.3.1/thumb/v7e-m+dp/hard/crtbegin.o
                0x08006a34                        PROVIDE (__init_array_end = .)

.fini_array     0x08006a34        0x4
                [!provide]                        PROVIDE (__fini_array_start = .)
 *(SORT_BY_NAME(.fini_array.*))
 *(.fini_array*)
 .fini_array    0x08006a34        0x4 C:/ST/STM32CubeIDE_1.17.0/STM32CubeIDE/plugins/com.st.stm32cube.ide.mcu.externaltools.gnu-tools-for-stm32.12.3.rel1.win32_1.1.0.202410251130/tools/bin/../lib/gcc/arm-none-eabi/12.3.1/thumb/v7e-m+dp/hard/crtbegin.o
                [!provide]                        PROVIDE (__fini_array_end = .)
                0x08006a38                        _sidata = LOADADDR (.data)

.rel.dyn        0x08006a38        0x0
 .rel.iplt      0x08006a38        0x0 C:/ST/STM32CubeIDE_1.17.0/STM32CubeIDE/plugins/com.st.stm32cube.ide.mcu.externaltools.gnu-tools-for-stm32.12.3.rel1.win32_1.1.0.202410251130/tools/bin/../lib/gcc/arm-none-eabi/12.3.1/thumb/v7e-m+dp/hard/crtbegin.o

.data           0x24000000    0x3bf40 load address 0x08006a38
                0x24000000                        . = ALIGN (0x4)
                0x24000000                        _sdata = .
 *(.data)
 *(.data*)
 .data.OSQP_STATUS_MESSAGE
                0x24000000       0x30 ./Core/Src/auxil.o
                0x24000000                OSQP_STATUS_MESSAGE
 .data.CPG_Info
                0x24000030       0x20 ./Core/Src/cpg_workspace.o
                0x24000030                CPG_Info
 .data.CPG_Prim
                0x24000050        0x8 ./Core/Src/cpg_workspace.o
                0x24000050                CPG_Prim
 .data.Canon_Outdated
                0x24000058       0x18 ./Core/Src/cpg_workspace.o
                0x24000058                Canon_Outdated
 .data.Canon_Params
                0x24000070       0x20 ./Core/Src/cpg_workspace.o
                0x24000070                Canon_Params
 .data.canon_u  0x24000090     0x14c0 ./Core/Src/cpg_workspace.o
                0x24000090                canon_u
 .data.canon_l  0x24001550     0x14c0 ./Core/Src/cpg_workspace.o
                0x24001550                canon_l
 .data.canon_A  0x24002a10       0x10 ./Core/Src/cpg_workspace.o
                0x24002a10                canon_A
 .data.canon_A_x
                0x24002a20     0x30e0 ./Core/Src/cpg_workspace.o
                0x24002a20                canon_A_x
 .data.canon_A_p
                0x24005b00      0x5b4 ./Core/Src/cpg_workspace.o
                0x24005b00                canon_A_p
 .data.canon_A_i
                0x240060b4     0x1870 ./Core/Src/cpg_workspace.o
                0x240060b4                canon_A_i
 .data.canon_P  0x24007924       0x10 ./Core/Src/cpg_workspace.o
                0x24007924                canon_P
 *fill*         0x24007934        0x4 
 .data.canon_P_x
                0x24007938      0x5a0 ./Core/Src/cpg_workspace.o
                0x24007938                canon_P_x
 .data.canon_P_p
                0x24007ed8      0x5b4 ./Core/Src/cpg_workspace.o
                0x24007ed8                canon_P_p
 .data.canon_P_i
                0x2400848c      0x2d0 ./Core/Src/cpg_workspace.o
                0x2400848c                canon_P_i
 .data.canon_u_map
                0x2400875c       0x10 ./Core/Src/cpg_workspace.o
                0x2400875c                canon_u_map
 *fill*         0x2400876c        0x4 
 .data.canon_u_map_x
                0x24008770      0xd40 ./Core/Src/cpg_workspace.o
                0x24008770                canon_u_map_x
 .data.canon_u_map_p
                0x240094b0      0xa64 ./Core/Src/cpg_workspace.o
                0x240094b0                canon_u_map_p
 .data.canon_u_map_i
                0x24009f14      0x6a0 ./Core/Src/cpg_workspace.o
                0x24009f14                canon_u_map_i
 .data.canon_l_map
                0x2400a5b4       0x10 ./Core/Src/cpg_workspace.o
                0x2400a5b4                canon_l_map
 *fill*         0x2400a5c4        0x4 
 .data.canon_l_map_x
                0x2400a5c8      0x7a0 ./Core/Src/cpg_workspace.o
                0x2400a5c8                canon_l_map_x
 .data.canon_l_map_p
                0x2400ad68      0x4c4 ./Core/Src/cpg_workspace.o
                0x2400ad68                canon_l_map_p
 .data.canon_l_map_i
                0x2400b22c      0x3d0 ./Core/Src/cpg_workspace.o
                0x2400b22c                canon_l_map_i
 .data.canon_A_map
                0x2400b5fc       0x10 ./Core/Src/cpg_workspace.o
                0x2400b5fc                canon_A_map
 *fill*         0x2400b60c        0x4 
 .data.canon_A_map_x
                0x2400b610     0x30e0 ./Core/Src/cpg_workspace.o
                0x2400b610                canon_A_map_x
 .data.canon_A_map_p
                0x2400e6f0     0x1874 ./Core/Src/cpg_workspace.o
                0x2400e6f0                canon_A_map_p
 .data.canon_A_map_i
                0x2400ff64     0x1870 ./Core/Src/cpg_workspace.o
                0x2400ff64                canon_A_map_i
 *fill*         0x240117d4        0x4 
 .data.cpg_params_vec
                0x240117d8      0x128 ./Core/Src/cpg_workspace.o
                0x240117d8                cpg_params_vec
 .data.cpu_freq
                0x24011900        0x8 ./Core/Src/main.o
                0x24011900                cpu_freq
 .data.target   0x24011908       0x20 ./Core/Src/main.o
                0x24011908                target
 .data.SystemD2Clock
                0x24011928        0x4 ./Core/Src/system_stm32h7xx.o
                0x24011928                SystemD2Clock
 .data.SystemCoreClock
                0x2401192c        0x4 ./Core/Src/system_stm32h7xx.o
                0x2401192c                SystemCoreClock
 .data.solver   0x24011930       0x10 ./Core/Src/workspace.o
                0x24011930                solver
 .data.work     0x24011940       0xb0 ./Core/Src/workspace.o
                0x24011940                work
 .data.scaling  0x240119f0       0x20 ./Core/Src/workspace.o
                0x240119f0                scaling
 .data.scaling_Einv
                0x24011a10        0x8 ./Core/Src/workspace.o
                0x24011a10                scaling_Einv
 .data.scaling_Einv_val
                0x24011a18     0x14c0 ./Core/Src/workspace.o
                0x24011a18                scaling_Einv_val
 .data.scaling_Dinv
                0x24012ed8        0x8 ./Core/Src/workspace.o
                0x24012ed8                scaling_Dinv
 .data.scaling_Dinv_val
                0x24012ee0      0xb60 ./Core/Src/workspace.o
                0x24012ee0                scaling_Dinv_val
 .data.scaling_E
                0x24013a40        0x8 ./Core/Src/workspace.o
                0x24013a40                scaling_E
 .data.scaling_E_val
                0x24013a48     0x14c0 ./Core/Src/workspace.o
                0x24013a48                scaling_E_val
 .data.scaling_D
                0x24014f08        0x8 ./Core/Src/workspace.o
                0x24014f08                scaling_D
 .data.scaling_D_val
                0x24014f10      0xb60 ./Core/Src/workspace.o
                0x24014f10                scaling_D_val
 .data.work_E_temp
                0x24015a70        0x8 ./Core/Src/workspace.o
                0x24015a70                work_E_temp
 .data.work_D_temp_A
                0x24015a78        0x8 ./Core/Src/workspace.o
                0x24015a78                work_D_temp_A
 .data.work_D_temp
                0x24015a80        0x8 ./Core/Src/workspace.o
                0x24015a80                work_D_temp
 .data.work_Adelta_x
                0x24015a88        0x8 ./Core/Src/workspace.o
                0x24015a88                work_Adelta_x
 .data.work_Pdelta_x
                0x24015a90        0x8 ./Core/Src/workspace.o
                0x24015a90                work_Pdelta_x
 .data.work_delta_x
                0x24015a98        0x8 ./Core/Src/workspace.o
                0x24015a98                work_delta_x
 .data.work_Atdelta_y
                0x24015aa0        0x8 ./Core/Src/workspace.o
                0x24015aa0                work_Atdelta_y
 .data.work_delta_y
                0x24015aa8        0x8 ./Core/Src/workspace.o
                0x24015aa8                work_delta_y
 .data.work_Aty
                0x24015ab0        0x8 ./Core/Src/workspace.o
                0x24015ab0                work_Aty
 .data.work_Px  0x24015ab8        0x8 ./Core/Src/workspace.o
                0x24015ab8                work_Px
 .data.work_Ax  0x24015ac0        0x8 ./Core/Src/workspace.o
                0x24015ac0                work_Ax
 .data.work_z_prev
                0x24015ac8        0x8 ./Core/Src/workspace.o
                0x24015ac8                work_z_prev
 .data.work_x_prev
                0x24015ad0        0x8 ./Core/Src/workspace.o
                0x24015ad0                work_x_prev
 .data.work_ztilde_view
                0x24015ad8        0x8 ./Core/Src/workspace.o
                0x24015ad8                work_ztilde_view
 .data.work_xtilde_view
                0x24015ae0        0x8 ./Core/Src/workspace.o
                0x24015ae0                work_xtilde_view
 .data.work_xz_tilde
                0x24015ae8        0x8 ./Core/Src/workspace.o
                0x24015ae8                work_xz_tilde
 .data.work_z   0x24015af0        0x8 ./Core/Src/workspace.o
                0x24015af0                work_z
 .data.work_y   0x24015af8        0x8 ./Core/Src/workspace.o
                0x24015af8                work_y
 .data.work_x   0x24015b00        0x8 ./Core/Src/workspace.o
                0x24015b00                work_x
 .data.work_constr_type
                0x24015b08        0x8 ./Core/Src/workspace.o
                0x24015b08                work_constr_type
 .data.work_constr_type_val
                0x24015b10      0xa60 ./Core/Src/workspace.o
                0x24015b10                work_constr_type_val
 .data.work_rho_inv_vec
                0x24016570        0x8 ./Core/Src/workspace.o
                0x24016570                work_rho_inv_vec
 .data.work_rho_inv_vec_val
                0x24016578     0x14c0 ./Core/Src/workspace.o
                0x24016578                work_rho_inv_vec_val
 .data.work_rho_vec
                0x24017a38        0x8 ./Core/Src/workspace.o
                0x24017a38                work_rho_vec
 .data.work_rho_vec_val
                0x24017a40     0x14c0 ./Core/Src/workspace.o
                0x24017a40                work_rho_vec_val
 .data.linsys   0x24018f00       0x80 ./Core/Src/workspace.o
                0x24018f00                linsys
 .data.linsys_Lnz
                0x24018f80     0x1010 ./Core/Src/workspace.o
                0x24018f80                linsys_Lnz
 .data.linsys_etree
                0x24019f90     0x1010 ./Core/Src/workspace.o
                0x24019f90                linsys_etree
 .data.linsys_D
                0x2401afa0     0x2020 ./Core/Src/workspace.o
                0x2401afa0                linsys_D
 .data.linsys_rhotoKKT
                0x2401cfc0      0xa60 ./Core/Src/workspace.o
                0x2401cfc0                linsys_rhotoKKT
 .data.linsys_AtoKKT
                0x2401da20     0x1870 ./Core/Src/workspace.o
                0x2401da20                linsys_AtoKKT
 .data.linsys_PtoKKT
                0x2401f290      0x2d0 ./Core/Src/workspace.o
                0x2401f290                linsys_PtoKKT
 .data.linsys_KKT
                0x2401f560       0x20 ./Core/Src/workspace.o
                0x2401f560                linsys_KKT
 .data.linsys_KKT_x
                0x2401f580     0x5100 ./Core/Src/workspace.o
                0x2401f580                linsys_KKT_x
 .data.linsys_KKT_i
                0x24024680     0x2880 ./Core/Src/workspace.o
                0x24024680                linsys_KKT_i
 .data.linsys_KKT_p
                0x24026f00     0x1014 ./Core/Src/workspace.o
                0x24026f00                linsys_KKT_p
 *fill*         0x24027f14        0x4 
 .data.linsys_rho_inv_vec
                0x24027f18     0x14c0 ./Core/Src/workspace.o
                0x24027f18                linsys_rho_inv_vec
 .data.linsys_P
                0x240293d8     0x1010 ./Core/Src/workspace.o
                0x240293d8                linsys_P
 .data.linsys_Dinv
                0x2402a3e8     0x2020 ./Core/Src/workspace.o
                0x2402a3e8                linsys_Dinv
 .data.linsys_L
                0x2402c408       0x20 ./Core/Src/workspace.o
                0x2402c408                linsys_L
 .data.linsys_L_x
                0x2402c428     0x4160 ./Core/Src/workspace.o
                0x2402c428                linsys_L_x
 .data.linsys_L_i
                0x24030588     0x20b0 ./Core/Src/workspace.o
                0x24030588                linsys_L_i
 .data.linsys_L_p
                0x24032638     0x1014 ./Core/Src/workspace.o
                0x24032638                linsys_L_p
 .data.data     0x2403364c       0x1c ./Core/Src/workspace.o
                0x2403364c                data
 .data.data_u   0x24033668        0x8 ./Core/Src/workspace.o
                0x24033668                data_u
 .data.data_u_val
                0x24033670     0x14c0 ./Core/Src/workspace.o
                0x24033670                data_u_val
 .data.data_l   0x24034b30        0x8 ./Core/Src/workspace.o
                0x24034b30                data_l
 .data.data_l_val
                0x24034b38     0x14c0 ./Core/Src/workspace.o
                0x24034b38                data_l_val
 .data.data_q   0x24035ff8        0x8 ./Core/Src/workspace.o
                0x24035ff8                data_q
 .data.data_A   0x24036000        0x8 ./Core/Src/workspace.o
                0x24036000                data_A
 .data.data_A_csc
                0x24036008       0x20 ./Core/Src/workspace.o
                0x24036008                data_A_csc
 .data.data_A_csc_x
                0x24036028     0x30e0 ./Core/Src/workspace.o
                0x24036028                data_A_csc_x
 .data.data_A_csc_i
                0x24039108     0x1870 ./Core/Src/workspace.o
                0x24039108                data_A_csc_i
 .data.data_A_csc_p
                0x2403a978      0x5b4 ./Core/Src/workspace.o
                0x2403a978                data_A_csc_p
 .data.data_P   0x2403af2c        0x8 ./Core/Src/workspace.o
                0x2403af2c                data_P
 .data.data_P_csc
                0x2403af34       0x20 ./Core/Src/workspace.o
                0x2403af34                data_P_csc
 *fill*         0x2403af54        0x4 
 .data.data_P_csc_x
                0x2403af58      0x5a0 ./Core/Src/workspace.o
                0x2403af58                data_P_csc_x
 .data.data_P_csc_i
                0x2403b4f8      0x2d0 ./Core/Src/workspace.o
                0x2403b4f8                data_P_csc_i
 .data.data_P_csc_p
                0x2403b7c8      0x5b4 ./Core/Src/workspace.o
                0x2403b7c8                data_P_csc_p
 *fill*         0x2403bd7c        0x4 
 .data.info     0x2403bd80       0x98 ./Core/Src/workspace.o
                0x2403bd80                info
 .data.sol      0x2403be18       0x10 ./Core/Src/workspace.o
                0x2403be18                sol
 .data.settings
                0x2403be28       0xc0 ./Core/Src/workspace.o
                0x2403be28                settings
 .data.uwTickFreq
                0x2403bee8        0x1 ./Drivers/STM32H7xx_HAL_Driver/Src/stm32h7xx_hal.o
                0x2403bee8                uwTickFreq
 *fill*         0x2403bee9        0x3 
 .data.uwTickPrio
                0x2403beec        0x4 ./Drivers/STM32H7xx_HAL_Driver/Src/stm32h7xx_hal.o
                0x2403beec                uwTickPrio
 .data._impure_ptr
                0x2403bef0        0x4 C:/ST/STM32CubeIDE_1.17.0/STM32CubeIDE/plugins/com.st.stm32cube.ide.mcu.externaltools.gnu-tools-for-stm32.12.3.rel1.win32_1.1.0.202410251130/tools/bin/../lib/gcc/arm-none-eabi/12.3.1/../../../../arm-none-eabi/lib/thumb/v7e-m+dp/hard\libc_nano.a(libc_a-impure.o)
                0x2403bef0                _impure_ptr
 .data._impure_data
                0x2403bef4       0x4c C:/ST/STM32CubeIDE_1.17.0/STM32CubeIDE/plugins/com.st.stm32cube.ide.mcu.externaltools.gnu-tools-for-stm32.12.3.rel1.win32_1.1.0.202410251130/tools/bin/../lib/gcc/arm-none-eabi/12.3.1/../../../../arm-none-eabi/lib/thumb/v7e-m+dp/hard\libc_nano.a(libc_a-impure.o)
                0x2403bef4                _impure_data
 *(.RamFunc)
 *(.RamFunc*)
                0x2403bf40                        . = ALIGN (0x4)
                0x2403bf40                        _edata = .

.igot.plt       0x2403bf40        0x0 load address 0x08042978
 .igot.plt      0x2403bf40        0x0 C:/ST/STM32CubeIDE_1.17.0/STM32CubeIDE/plugins/com.st.stm32cube.ide.mcu.externaltools.gnu-tools-for-stm32.12.3.rel1.win32_1.1.0.202410251130/tools/bin/../lib/gcc/arm-none-eabi/12.3.1/thumb/v7e-m+dp/hard/crtbegin.o
                0x2403bf40                        . = ALIGN (0x4)

.bss            0x2403bf40    0x214ec load address 0x08042978
                0x2403bf40                        _sbss = .
                0x2403bf40                        __bss_start__ = _sbss
 *(.bss)
 .bss           0x2403bf40       0x1c C:/ST/STM32CubeIDE_1.17.0/STM32CubeIDE/plugins/com.st.stm32cube.ide.mcu.externaltools.gnu-tools-for-stm32.12.3.rel1.win32_1.1.0.202410251130/tools/bin/../lib/gcc/arm-none-eabi/12.3.1/thumb/v7e-m+dp/hard/crtbegin.o
 *(.bss*)
 .bss.j         0x2403bf5c        0x4 ./Core/Src/cpg_solve.o
 .bss.i         0x2403bf60        0x4 ./Core/Src/cpg_solve.o
 *fill*         0x2403bf64        0x4 
 .bss.canon_q   0x2403bf68      0xb60 ./Core/Src/cpg_workspace.o
                0x2403bf68                canon_q
 .bss.active_k_pump
                0x2403cac8       0x10 ./Core/Src/main.o
                0x2403cac8                active_k_pump
 .bss.active_gamma
                0x2403cad8       0x10 ./Core/Src/main.o
                0x2403cad8                active_gamma
 .bss.end_cycles
                0x2403cae8        0x4 ./Core/Src/main.o
                0x2403cae8                end_cycles
 .bss.start_cycles
                0x2403caec        0x4 ./Core/Src/main.o
                0x2403caec                start_cycles
 .bss.d_flat    0x2403caf0       0x20 ./Core/Src/main.o
                0x2403caf0                d_flat
 .bss.B_flat    0x2403cb10       0x40 ./Core/Src/main.o
                0x2403cb10                B_flat
 .bss.A_flat    0x2403cb50       0x80 ./Core/Src/main.o
                0x2403cb50                A_flat
 .bss.u_applied
                0x2403cbd0       0x10 ./Core/Src/main.o
                0x2403cbd0                u_applied
 .bss.u_outputs
                0x2403cbe0        0xc ./Core/Src/main.o
                0x2403cbe0                u_outputs
 .bss.h_inputs  0x2403cbec       0x10 ./Core/Src/main.o
                0x2403cbec                h_inputs
 .bss.rx_buffer
                0x2403cbfc       0x11 ./Core/Src/main.o
                0x2403cbfc                rx_buffer
 *fill*         0x2403cc0d        0x3 
 .bss.ekf       0x2403cc10      0x248 ./Core/Src/main.o
                0x2403cc10                ekf
 .bss.huart3    0x2403ce58       0x94 ./Core/Src/main.o
                0x2403ce58                huart3
 *fill*         0x2403ceec        0x4 
 .bss.work_E_temp_val
                0x2403cef0     0x14c0 ./Core/Src/workspace.o
                0x2403cef0                work_E_temp_val
 .bss.work_D_temp_A_val
                0x2403e3b0      0xb60 ./Core/Src/workspace.o
                0x2403e3b0                work_D_temp_A_val
 .bss.work_D_temp_val
                0x2403ef10      0xb60 ./Core/Src/workspace.o
                0x2403ef10                work_D_temp_val
 .bss.work_Adelta_x_val
                0x2403fa70     0x14c0 ./Core/Src/workspace.o
                0x2403fa70                work_Adelta_x_val
 .bss.work_Pdelta_x_val
                0x24040f30      0xb60 ./Core/Src/workspace.o
                0x24040f30                work_Pdelta_x_val
 .bss.work_delta_x_val
                0x24041a90      0xb60 ./Core/Src/workspace.o
                0x24041a90                work_delta_x_val
 .bss.work_Atdelta_y_val
                0x240425f0      0xb60 ./Core/Src/workspace.o
                0x240425f0                work_Atdelta_y_val
 .bss.work_delta_y_val
                0x24043150     0x14c0 ./Core/Src/workspace.o
                0x24043150                work_delta_y_val
 .bss.work_Aty_val
                0x24044610      0xb60 ./Core/Src/workspace.o
                0x24044610                work_Aty_val
 .bss.work_Px_val
                0x24045170      0xb60 ./Core/Src/workspace.o
                0x24045170                work_Px_val
 .bss.work_Ax_val
                0x24045cd0     0x14c0 ./Core/Src/workspace.o
                0x24045cd0                work_Ax_val
 .bss.work_z_prev_val
                0x24047190     0x14c0 ./Core/Src/workspace.o
                0x24047190                work_z_prev_val
 .bss.work_x_prev_val
                0x24048650      0xb60 ./Core/Src/workspace.o
                0x24048650                work_x_prev_val
 .bss.work_xz_tilde_val
                0x240491b0     0x2020 ./Core/Src/workspace.o
                0x240491b0                work_xz_tilde_val
 .bss.work_z_val
                0x2404b1d0     0x14c0 ./Core/Src/workspace.o
                0x2404b1d0                work_z_val
 .bss.work_y_val
                0x2404c690     0x14c0 ./Core/Src/workspace.o
                0x2404c690                work_y_val
 .bss.work_x_val
                0x2404db50      0xb60 ./Core/Src/workspace.o
                0x2404db50                work_x_val
 .bss.linsys_fwork
                0x2404e6b0     0x2020 ./Core/Src/workspace.o
                0x2404e6b0                linsys_fwork
 .bss.linsys_bwork
                0x240506d0     0x1010 ./Core/Src/workspace.o
                0x240506d0                linsys_bwork
 .bss.linsys_iwork
                0x240516e0     0x3030 ./Core/Src/workspace.o
                0x240516e0                linsys_iwork
 .bss.linsys_sol
                0x24054710     0x2020 ./Core/Src/workspace.o
                0x24054710                linsys_sol
 .bss.linsys_bp
                0x24056730     0x2020 ./Core/Src/workspace.o
                0x24056730                linsys_bp
 .bss.data_q_val
                0x24058750      0xb60 ./Core/Src/workspace.o
                0x24058750                data_q_val
 .bss.sol_dual_inf_cert
                0x240592b0      0xb60 ./Core/Src/workspace.o
                0x240592b0                sol_dual_inf_cert
 .bss.sol_prim_inf_cert
                0x24059e10     0x14c0 ./Core/Src/workspace.o
                0x24059e10                sol_prim_inf_cert
 .bss.sol_y     0x2405b2d0     0x14c0 ./Core/Src/workspace.o
                0x2405b2d0                sol_y
 .bss.sol_x     0x2405c790      0xb60 ./Core/Src/workspace.o
                0x2405c790                sol_x
 .bss.uwTick    0x2405d2f0        0x4 ./Drivers/STM32H7xx_HAL_Driver/Src/stm32h7xx_hal.o
                0x2405d2f0                uwTick
 .bss.__sf      0x2405d2f4      0x138 C:/ST/STM32CubeIDE_1.17.0/STM32CubeIDE/plugins/com.st.stm32cube.ide.mcu.externaltools.gnu-tools-for-stm32.12.3.rel1.win32_1.1.0.202410251130/tools/bin/../lib/gcc/arm-none-eabi/12.3.1/../../../../arm-none-eabi/lib/thumb/v7e-m+dp/hard\libc_nano.a(libc_a-findfp.o)
                0x2405d2f4                __sf
 *(COMMON)
                0x2405d42c                        . = ALIGN (0x4)
                0x2405d42c                        _ebss = .
                0x2405d42c                        __bss_end__ = _ebss

._user_heap_stack
                0x2405d42c      0x604 load address 0x08042978
                0x2405d430                        . = ALIGN (0x8)
 *fill*         0x2405d42c        0x4 
                [!provide]                        PROVIDE (end = .)
                0x2405d430                        PROVIDE (_end = .)
                0x2405d630                        . = (. + _Min_Heap_Size)
 *fill*         0x2405d430      0x200 
                0x2405da30                        . = (. + _Min_Stack_Size)
 *fill*         0x2405d630      0x400 
                0x2405da30                        . = ALIGN (0x8)

/DISCARD/
 libc.a(*)
 libm.a(*)
 libgcc.a(*)

.ARM.attributes
                0x00000000       0x2e
 *(.ARM.attributes)
 .ARM.attributes
                0x00000000       0x20 C:/ST/STM32CubeIDE_1.17.0/STM32CubeIDE/plugins/com.st.stm32cube.ide.mcu.externaltools.gnu-tools-for-stm32.12.3.rel1.win32_1.1.0.202410251130/tools/bin/../lib/gcc/arm-none-eabi/12.3.1/thumb/v7e-m+dp/hard/crti.o
 .ARM.attributes
                0x00000020       0x32 C:/ST/STM32CubeIDE_1.17.0/STM32CubeIDE/plugins/com.st.stm32cube.ide.mcu.externaltools.gnu-tools-for-stm32.12.3.rel1.win32_1.1.0.202410251130/tools/bin/../lib/gcc/arm-none-eabi/12.3.1/thumb/v7e-m+dp/hard/crtbegin.o
 .ARM.attributes
                0x00000052       0x32 ./Core/Src/arm_mat_inverse_f64.o
 .ARM.attributes
                0x00000084       0x32 ./Core/Src/arm_mat_mult_f64.o
 .ARM.attributes
                0x000000b6       0x32 ./Core/Src/arm_mat_sub_f64.o
 .ARM.attributes
                0x000000e8       0x32 ./Core/Src/arm_mat_trans_f64.o
 .ARM.attributes
                0x0000011a       0x32 ./Core/Src/auxil.o
 .ARM.attributes
                0x0000014c       0x32 ./Core/Src/cpg_solve.o
 .ARM.attributes
                0x0000017e       0x32 ./Core/Src/cpg_workspace.o
 .ARM.attributes
                0x000001b0       0x32 ./Core/Src/csc_math.o
 .ARM.attributes
                0x000001e2       0x32 ./Core/Src/ekf.o
 .ARM.attributes
                0x00000214       0x32 ./Core/Src/error.o
 .ARM.attributes
                0x00000246       0x32 ./Core/Src/kkt.o
 .ARM.attributes
                0x00000278       0x32 ./Core/Src/main.o
 .ARM.attributes
                0x000002aa       0x32 ./Core/Src/matrix.o
 .ARM.attributes
                0x000002dc       0x32 ./Core/Src/model_calc.o
 .ARM.attributes
                0x0000030e       0x32 ./Core/Src/mpc_runner.o
 .ARM.attributes
                0x00000340       0x32 ./Core/Src/osqp_api.o
 .ARM.attributes
                0x00000372       0x32 ./Core/Src/qdldl.o
 .ARM.attributes
                0x000003a4       0x32 ./Core/Src/qdldl_interface.o
 .ARM.attributes
                0x000003d6       0x32 ./Core/Src/scaling.o
 .ARM.attributes
                0x00000408       0x32 ./Core/Src/stm32h7xx_hal_msp.o
 .ARM.attributes
                0x0000043a       0x32 ./Core/Src/stm32h7xx_it.o
 .ARM.attributes
                0x0000046c       0x32 ./Core/Src/system_stm32h7xx.o
 .ARM.attributes
                0x0000049e       0x32 ./Core/Src/util.o
 .ARM.attributes
                0x000004d0       0x32 ./Core/Src/vector.o
 .ARM.attributes
                0x00000502       0x32 ./Core/Src/workspace.o
 .ARM.attributes
                0x00000534       0x21 ./Core/Startup/startup_stm32h753zitx.o
 .ARM.attributes
                0x00000555       0x32 ./Drivers/STM32H7xx_HAL_Driver/Src/stm32h7xx_hal.o
 .ARM.attributes
                0x00000587       0x32 ./Drivers/STM32H7xx_HAL_Driver/Src/stm32h7xx_hal_cortex.o
 .ARM.attributes
                0x000005b9       0x32 ./Drivers/STM32H7xx_HAL_Driver/Src/stm32h7xx_hal_gpio.o
 .ARM.attributes
                0x000005eb       0x32 ./Drivers/STM32H7xx_HAL_Driver/Src/stm32h7xx_hal_pwr_ex.o
 .ARM.attributes
                0x0000061d       0x32 ./Drivers/STM32H7xx_HAL_Driver/Src/stm32h7xx_hal_rcc.o
 .ARM.attributes
                0x0000064f       0x32 ./Drivers/STM32H7xx_HAL_Driver/Src/stm32h7xx_hal_rcc_ex.o
 .ARM.attributes
                0x00000681       0x32 ./Drivers/STM32H7xx_HAL_Driver/Src/stm32h7xx_hal_uart.o
 .ARM.attributes
                0x000006b3       0x32 ./Drivers/STM32H7xx_HAL_Driver/Src/stm32h7xx_hal_uart_ex.o
 .ARM.attributes
                0x000006e5       0x32 C:/ST/STM32CubeIDE_1.17.0/STM32CubeIDE/plugins/com.st.stm32cube.ide.mcu.externaltools.gnu-tools-for-stm32.12.3.rel1.win32_1.1.0.202410251130/tools/bin/../lib/gcc/arm-none-eabi/12.3.1/../../../../arm-none-eabi/lib/thumb/v7e-m+dp/hard\libc_nano.a(libc_a-findfp.o)
 .ARM.attributes
                0x00000717       0x32 C:/ST/STM32CubeIDE_1.17.0/STM32CubeIDE/plugins/com.st.stm32cube.ide.mcu.externaltools.gnu-tools-for-stm32.12.3.rel1.win32_1.1.0.202410251130/tools/bin/../lib/gcc/arm-none-eabi/12.3.1/../../../../arm-none-eabi/lib/thumb/v7e-m+dp/hard\libc_nano.a(libc_a-memset.o)
 .ARM.attributes
                0x00000749       0x32 C:/ST/STM32CubeIDE_1.17.0/STM32CubeIDE/plugins/com.st.stm32cube.ide.mcu.externaltools.gnu-tools-for-stm32.12.3.rel1.win32_1.1.0.202410251130/tools/bin/../lib/gcc/arm-none-eabi/12.3.1/../../../../arm-none-eabi/lib/thumb/v7e-m+dp/hard\libc_nano.a(libc_a-impure.o)
 .ARM.attributes
                0x0000077b       0x32 C:/ST/STM32CubeIDE_1.17.0/STM32CubeIDE/plugins/com.st.stm32cube.ide.mcu.externaltools.gnu-tools-for-stm32.12.3.rel1.win32_1.1.0.202410251130/tools/bin/../lib/gcc/arm-none-eabi/12.3.1/../../../../arm-none-eabi/lib/thumb/v7e-m+dp/hard\libc_nano.a(libc_a-errno.o)
 .ARM.attributes
                0x000007ad       0x32 C:/ST/STM32CubeIDE_1.17.0/STM32CubeIDE/plugins/com.st.stm32cube.ide.mcu.externaltools.gnu-tools-for-stm32.12.3.rel1.win32_1.1.0.202410251130/tools/bin/../lib/gcc/arm-none-eabi/12.3.1/../../../../arm-none-eabi/lib/thumb/v7e-m+dp/hard\libc_nano.a(libc_a-init.o)
 .ARM.attributes
                0x000007df       0x32 C:/ST/STM32CubeIDE_1.17.0/STM32CubeIDE/plugins/com.st.stm32cube.ide.mcu.externaltools.gnu-tools-for-stm32.12.3.rel1.win32_1.1.0.202410251130/tools/bin/../lib/gcc/arm-none-eabi/12.3.1/../../../../arm-none-eabi/lib/thumb/v7e-m+dp/hard\libm.a(libm_a-w_sqrt.o)
 .ARM.attributes
                0x00000811       0x32 C:/ST/STM32CubeIDE_1.17.0/STM32CubeIDE/plugins/com.st.stm32cube.ide.mcu.externaltools.gnu-tools-for-stm32.12.3.rel1.win32_1.1.0.202410251130/tools/bin/../lib/gcc/arm-none-eabi/12.3.1/../../../../arm-none-eabi/lib/thumb/v7e-m+dp/hard\libm.a(libm_a-e_sqrt.o)
 .ARM.attributes
                0x00000843       0x20 C:/ST/STM32CubeIDE_1.17.0/STM32CubeIDE/plugins/com.st.stm32cube.ide.mcu.externaltools.gnu-tools-for-stm32.12.3.rel1.win32_1.1.0.202410251130/tools/bin/../lib/gcc/arm-none-eabi/12.3.1/thumb/v7e-m+dp/hard\libgcc.a(_aeabi_uldivmod.o)
 .ARM.attributes
                0x00000863       0x32 C:/ST/STM32CubeIDE_1.17.0/STM32CubeIDE/plugins/com.st.stm32cube.ide.mcu.externaltools.gnu-tools-for-stm32.12.3.rel1.win32_1.1.0.202410251130/tools/bin/../lib/gcc/arm-none-eabi/12.3.1/thumb/v7e-m+dp/hard\libgcc.a(_udivmoddi4.o)
 .ARM.attributes
                0x00000895       0x20 C:/ST/STM32CubeIDE_1.17.0/STM32CubeIDE/plugins/com.st.stm32cube.ide.mcu.externaltools.gnu-tools-for-stm32.12.3.rel1.win32_1.1.0.202410251130/tools/bin/../lib/gcc/arm-none-eabi/12.3.1/thumb/v7e-m+dp/hard\libgcc.a(_dvmd_tls.o)
 .ARM.attributes
                0x000008b5       0x20 C:/ST/STM32CubeIDE_1.17.0/STM32CubeIDE/plugins/com.st.stm32cube.ide.mcu.externaltools.gnu-tools-for-stm32.12.3.rel1.win32_1.1.0.202410251130/tools/bin/../lib/gcc/arm-none-eabi/12.3.1/thumb/v7e-m+dp/hard/crtn.o
OUTPUT(QT_HIL_Clean.elf elf32-littlearm)
LOAD linker stubs
LOAD C:/ST/STM32CubeIDE_1.17.0/STM32CubeIDE/plugins/com.st.stm32cube.ide.mcu.externaltools.gnu-tools-for-stm32.12.3.rel1.win32_1.1.0.202410251130/tools/bin/../lib/gcc/arm-none-eabi/12.3.1/../../../../arm-none-eabi/lib/thumb/v7e-m+dp/hard\libc.a
LOAD C:/ST/STM32CubeIDE_1.17.0/STM32CubeIDE/plugins/com.st.stm32cube.ide.mcu.externaltools.gnu-tools-for-stm32.12.3.rel1.win32_1.1.0.202410251130/tools/bin/../lib/gcc/arm-none-eabi/12.3.1/../../../../arm-none-eabi/lib/thumb/v7e-m+dp/hard\libm.a
LOAD C:/ST/STM32CubeIDE_1.17.0/STM32CubeIDE/plugins/com.st.stm32cube.ide.mcu.externaltools.gnu-tools-for-stm32.12.3.rel1.win32_1.1.0.202410251130/tools/bin/../lib/gcc/arm-none-eabi/12.3.1/thumb/v7e-m+dp/hard\libgcc.a

.comment        0x00000000       0x43
 .comment       0x00000000       0x43 ./Core/Src/arm_mat_inverse_f64.o
                                 0x44 (size before relaxing)
 .comment       0x00000043       0x44 ./Core/Src/arm_mat_mult_f64.o
 .comment       0x00000043       0x44 ./Core/Src/arm_mat_sub_f64.o
 .comment       0x00000043       0x44 ./Core/Src/arm_mat_trans_f64.o
 .comment       0x00000043       0x44 ./Core/Src/auxil.o
 .comment       0x00000043       0x44 ./Core/Src/cpg_solve.o
 .comment       0x00000043       0x44 ./Core/Src/cpg_workspace.o
 .comment       0x00000043       0x44 ./Core/Src/csc_math.o
 .comment       0x00000043       0x44 ./Core/Src/ekf.o
 .comment       0x00000043       0x44 ./Core/Src/error.o
 .comment       0x00000043       0x44 ./Core/Src/kkt.o
 .comment       0x00000043       0x44 ./Core/Src/main.o
 .comment       0x00000043       0x44 ./Core/Src/matrix.o
 .comment       0x00000043       0x44 ./Core/Src/model_calc.o
 .comment       0x00000043       0x44 ./Core/Src/mpc_runner.o
 .comment       0x00000043       0x44 ./Core/Src/osqp_api.o
 .comment       0x00000043       0x44 ./Core/Src/qdldl.o
 .comment       0x00000043       0x44 ./Core/Src/qdldl_interface.o
 .comment       0x00000043       0x44 ./Core/Src/scaling.o
 .comment       0x00000043       0x44 ./Core/Src/stm32h7xx_hal_msp.o
 .comment       0x00000043       0x44 ./Core/Src/stm32h7xx_it.o
 .comment       0x00000043       0x44 ./Core/Src/system_stm32h7xx.o
 .comment       0x00000043       0x44 ./Core/Src/util.o
 .comment       0x00000043       0x44 ./Core/Src/vector.o
 .comment       0x00000043       0x44 ./Core/Src/workspace.o
 .comment       0x00000043       0x44 ./Drivers/STM32H7xx_HAL_Driver/Src/stm32h7xx_hal.o
 .comment       0x00000043       0x44 ./Drivers/STM32H7xx_HAL_Driver/Src/stm32h7xx_hal_cortex.o
 .comment       0x00000043       0x44 ./Drivers/STM32H7xx_HAL_Driver/Src/stm32h7xx_hal_gpio.o
 .comment       0x00000043       0x44 ./Drivers/STM32H7xx_HAL_Driver/Src/stm32h7xx_hal_pwr_ex.o
 .comment       0x00000043       0x44 ./Drivers/STM32H7xx_HAL_Driver/Src/stm32h7xx_hal_rcc.o
 .comment       0x00000043       0x44 ./Drivers/STM32H7xx_HAL_Driver/Src/stm32h7xx_hal_rcc_ex.o
 .comment       0x00000043       0x44 ./Drivers/STM32H7xx_HAL_Driver/Src/stm32h7xx_hal_uart.o
 .comment       0x00000043       0x44 ./Drivers/STM32H7xx_HAL_Driver/Src/stm32h7xx_hal_uart_ex.o

.debug_frame    0x00000000      0x274
 .debug_frame   0x00000000      0x144 C:/ST/STM32CubeIDE_1.17.0/STM32CubeIDE/plugins/com.st.stm32cube.ide.mcu.externaltools.gnu-tools-for-stm32.12.3.rel1.win32_1.1.0.202410251130/tools/bin/../lib/gcc/arm-none-eabi/12.3.1/../../../../arm-none-eabi/lib/thumb/v7e-m+dp/hard\libc_nano.a(libc_a-findfp.o)
 .debug_frame   0x00000144       0x20 C:/ST/STM32CubeIDE_1.17.0/STM32CubeIDE/plugins/com.st.stm32cube.ide.mcu.externaltools.gnu-tools-for-stm32.12.3.rel1.win32_1.1.0.202410251130/tools/bin/../lib/gcc/arm-none-eabi/12.3.1/../../../../arm-none-eabi/lib/thumb/v7e-m+dp/hard\libc_nano.a(libc_a-memset.o)
 .debug_frame   0x00000164       0x20 C:/ST/STM32CubeIDE_1.17.0/STM32CubeIDE/plugins/com.st.stm32cube.ide.mcu.externaltools.gnu-tools-for-stm32.12.3.rel1.win32_1.1.0.202410251130/tools/bin/../lib/gcc/arm-none-eabi/12.3.1/../../../../arm-none-eabi/lib/thumb/v7e-m+dp/hard\libc_nano.a(libc_a-errno.o)
 .debug_frame   0x00000184       0x2c C:/ST/STM32CubeIDE_1.17.0/STM32CubeIDE/plugins/com.st.stm32cube.ide.mcu.externaltools.gnu-tools-for-stm32.12.3.rel1.win32_1.1.0.202410251130/tools/bin/../lib/gcc/arm-none-eabi/12.3.1/../../../../arm-none-eabi/lib/thumb/v7e-m+dp/hard\libc_nano.a(libc_a-init.o)
 .debug_frame   0x000001b0       0x44 C:/ST/STM32CubeIDE_1.17.0/STM32CubeIDE/plugins/com.st.stm32cube.ide.mcu.externaltools.gnu-tools-for-stm32.12.3.rel1.win32_1.1.0.202410251130/tools/bin/../lib/gcc/arm-none-eabi/12.3.1/../../../../arm-none-eabi/lib/thumb/v7e-m+dp/hard\libm.a(libm_a-w_sqrt.o)
 .debug_frame   0x000001f4       0x20 C:/ST/STM32CubeIDE_1.17.0/STM32CubeIDE/plugins/com.st.stm32cube.ide.mcu.externaltools.gnu-tools-for-stm32.12.3.rel1.win32_1.1.0.202410251130/tools/bin/../lib/gcc/arm-none-eabi/12.3.1/../../../../arm-none-eabi/lib/thumb/v7e-m+dp/hard\libm.a(libm_a-e_sqrt.o)
 .debug_frame   0x00000214       0x2c C:/ST/STM32CubeIDE_1.17.0/STM32CubeIDE/plugins/com.st.stm32cube.ide.mcu.externaltools.gnu-tools-for-stm32.12.3.rel1.win32_1.1.0.202410251130/tools/bin/../lib/gcc/arm-none-eabi/12.3.1/thumb/v7e-m+dp/hard\libgcc.a(_aeabi_uldivmod.o)
 .debug_frame   0x00000240       0x34 C:/ST/STM32CubeIDE_1.17.0/STM32CubeIDE/plugins/com.st.stm32cube.ide.mcu.externaltools.gnu-tools-for-stm32.12.3.rel1.win32_1.1.0.202410251130/tools/bin/../lib/gcc/arm-none-eabi/12.3.1/thumb/v7e-m+dp/hard\libgcc.a(_udivmoddi4.o)
