Archive member included to satisfy reference by file (symbol)

C:/ST/STM32CubeIDE_1.17.0/STM32CubeIDE/plugins/com.st.stm32cube.ide.mcu.externaltools.gnu-tools-for-stm32.12.3.rel1.win32_1.1.0.202410251130/tools/bin/../lib/gcc/arm-none-eabi/12.3.1/../../../../arm-none-eabi/lib/thumb/v7e-m+dp/hard\libc_nano.a(libc_a-exit.o)
                              C:/ST/STM32CubeIDE_1.17.0/STM32CubeIDE/plugins/com.st.stm32cube.ide.mcu.externaltools.gnu-tools-for-stm32.12.3.rel1.win32_1.1.0.202410251130/tools/bin/../lib/gcc/arm-none-eabi/12.3.1/../../../../arm-none-eabi/lib/thumb/v7e-m+dp/hard/crt0.o (exit)
C:/ST/STM32CubeIDE_1.17.0/STM32CubeIDE/plugins/com.st.stm32cube.ide.mcu.externaltools.gnu-tools-for-stm32.12.3.rel1.win32_1.1.0.202410251130/tools/bin/../lib/gcc/arm-none-eabi/12.3.1/../../../../arm-none-eabi/lib/thumb/v7e-m+dp/hard\libc_nano.a(libc_a-findfp.o)
                              C:/ST/STM32CubeIDE_1.17.0/STM32CubeIDE/plugins/com.st.stm32cube.ide.mcu.externaltools.gnu-tools-for-stm32.12.3.rel1.win32_1.1.0.202410251130/tools/bin/../lib/gcc/arm-none-eabi/12.3.1/../../../../arm-none-eabi/lib/thumb/v7e-m+dp/hard\libc_nano.a(libc_a-exit.o) (__stdio_exit_handler)
C:/ST/STM32CubeIDE_1.17.0/STM32CubeIDE/plugins/com.st.stm32cube.ide.mcu.externaltools.gnu-tools-for-stm32.12.3.rel1.win32_1.1.0.202410251130/tools/bin/../lib/gcc/arm-none-eabi/12.3.1/../../../../arm-none-eabi/lib/thumb/v7e-m+dp/hard\libc_nano.a(libc_a-fwalk.o)
                              C:/ST/STM32CubeIDE_1.17.0/STM32CubeIDE/plugins/com.st.stm32cube.ide.mcu.externaltools.gnu-tools-for-stm32.12.3.rel1.win32_1.1.0.202410251130/tools/bin/../lib/gcc/arm-none-eabi/12.3.1/../../../../arm-none-eabi/lib/thumb/v7e-m+dp/hard\libc_nano.a(libc_a-findfp.o) (_fwalk_sglue)
C:/ST/STM32CubeIDE_1.17.0/STM32CubeIDE/plugins/com.st.stm32cube.ide.mcu.externaltools.gnu-tools-for-stm32.12.3.rel1.win32_1.1.0.202410251130/tools/bin/../lib/gcc/arm-none-eabi/12.3.1/../../../../arm-none-eabi/lib/thumb/v7e-m+dp/hard\libc_nano.a(libc_a-stdio.o)
                              C:/ST/STM32CubeIDE_1.17.0/STM32CubeIDE/plugins/com.st.stm32cube.ide.mcu.externaltools.gnu-tools-for-stm32.12.3.rel1.win32_1.1.0.202410251130/tools/bin/../lib/gcc/arm-none-eabi/12.3.1/../../../../arm-none-eabi/lib/thumb/v7e-m+dp/hard\libc_nano.a(libc_a-findfp.o) (__sread)
C:/ST/STM32CubeIDE_1.17.0/STM32CubeIDE/plugins/com.st.stm32cube.ide.mcu.externaltools.gnu-tools-for-stm32.12.3.rel1.win32_1.1.0.202410251130/tools/bin/../lib/gcc/arm-none-eabi/12.3.1/../../../../arm-none-eabi/lib/thumb/v7e-m+dp/hard\libc_nano.a(libc_a-memset.o)
                              C:/ST/STM32CubeIDE_1.17.0/STM32CubeIDE/plugins/com.st.stm32cube.ide.mcu.externaltools.gnu-tools-for-stm32.12.3.rel1.win32_1.1.0.202410251130/tools/bin/../lib/gcc/arm-none-eabi/12.3.1/../../../../arm-none-eabi/lib/thumb/v7e-m+dp/hard/crt0.o (memset)
C:/ST/STM32CubeIDE_1.17.0/STM32CubeIDE/plugins/com.st.stm32cube.ide.mcu.externaltools.gnu-tools-for-stm32.12.3.rel1.win32_1.1.0.202410251130/tools/bin/../lib/gcc/arm-none-eabi/12.3.1/../../../../arm-none-eabi/lib/thumb/v7e-m+dp/hard\libc_nano.a(libc_a-closer.o)
                              C:/ST/STM32CubeIDE_1.17.0/STM32CubeIDE/plugins/com.st.stm32cube.ide.mcu.externaltools.gnu-tools-for-stm32.12.3.rel1.win32_1.1.0.202410251130/tools/bin/../lib/gcc/arm-none-eabi/12.3.1/../../../../arm-none-eabi/lib/thumb/v7e-m+dp/hard\libc_nano.a(libc_a-stdio.o) (_close_r)
C:/ST/STM32CubeIDE_1.17.0/STM32CubeIDE/plugins/com.st.stm32cube.ide.mcu.externaltools.gnu-tools-for-stm32.12.3.rel1.win32_1.1.0.202410251130/tools/bin/../lib/gcc/arm-none-eabi/12.3.1/../../../../arm-none-eabi/lib/thumb/v7e-m+dp/hard\libc_nano.a(libc_a-reent.o)
                              C:/ST/STM32CubeIDE_1.17.0/STM32CubeIDE/plugins/com.st.stm32cube.ide.mcu.externaltools.gnu-tools-for-stm32.12.3.rel1.win32_1.1.0.202410251130/tools/bin/../lib/gcc/arm-none-eabi/12.3.1/../../../../arm-none-eabi/lib/thumb/v7e-m+dp/hard\libc_nano.a(libc_a-closer.o) (errno)
C:/ST/STM32CubeIDE_1.17.0/STM32CubeIDE/plugins/com.st.stm32cube.ide.mcu.externaltools.gnu-tools-for-stm32.12.3.rel1.win32_1.1.0.202410251130/tools/bin/../lib/gcc/arm-none-eabi/12.3.1/../../../../arm-none-eabi/lib/thumb/v7e-m+dp/hard\libc_nano.a(libc_a-impure.o)
                              C:/ST/STM32CubeIDE_1.17.0/STM32CubeIDE/plugins/com.st.stm32cube.ide.mcu.externaltools.gnu-tools-for-stm32.12.3.rel1.win32_1.1.0.202410251130/tools/bin/../lib/gcc/arm-none-eabi/12.3.1/../../../../arm-none-eabi/lib/thumb/v7e-m+dp/hard\libc_nano.a(libc_a-reent.o) (_impure_ptr)
C:/ST/STM32CubeIDE_1.17.0/STM32CubeIDE/plugins/com.st.stm32cube.ide.mcu.externaltools.gnu-tools-for-stm32.12.3.rel1.win32_1.1.0.202410251130/tools/bin/../lib/gcc/arm-none-eabi/12.3.1/../../../../arm-none-eabi/lib/thumb/v7e-m+dp/hard\libc_nano.a(libc_a-lseekr.o)
[...]
Memory Configuration

Name             Origin             Length             Attributes
FLASH            0x08000000         0x00200000         xr
DTCMRAM          0x20000000         0x00020000         xrw
RAM_D1           0x24000000         0x00080000         xrw
RAM_D2           0x30000000         0x00048000         xrw
RAM_D3           0x38000000         0x00010000         xrw
ITCMRAM          0x00000000         0x00010000         xrw
*default*        0x00000000         0xffffffff

Linker script and memory map

LOAD C:/ST/STM32CubeIDE_1.17.0/STM32CubeIDE/plugins/com.st.stm32cube.ide.mcu.externaltools.gnu-tools-for-stm32.12.3.rel1.win32_1.1.0.202410251130/tools/bin/../lib/gcc/arm-none-eabi/12.3.1/thumb/v7e-m+dp/hard/crti.o
LOAD C:/ST/STM32CubeIDE_1.17.0/STM32CubeIDE/plugins/com.st.stm32cube.ide.mcu.externaltools.gnu-tools-for-stm32.12.3.rel1.win32_1.1.0.202410251130/tools/bin/../lib/gcc/arm-none-eabi/12.3.1/thumb/v7e-m+dp/hard/crtbegin.o
LOAD C:/ST/STM32CubeIDE_1.17.0/STM32CubeIDE/plugins/com.st.stm32cube.ide.mcu.externaltools.gnu-tools-for-stm32.12.3.rel1.win32_1.1.0.202410251130/tools/bin/../lib/gcc/arm-none-eabi/12.3.1/../../../../arm-none-eabi/lib/thumb/v7e-m+dp/hard/crt0.o
LOAD ./Core/Src/algebra_libs.o
LOAD ./Core/Src/arm_mat_cholesky_f64.o
LOAD ./Core/Src/arm_mat_init_f64.o
LOAD ./Core/Src/arm_mat_inverse_f64.o
LOAD ./Core/Src/arm_mat_mult_f64.o
LOAD ./Core/Src/arm_mat_qr_f64.o
LOAD ./Core/Src/arm_mat_solve_lower_triangular_f64.o
LOAD ./Core/Src/arm_mat_solve_upper_triangular_f64.o
LOAD ./Core/Src/arm_mat_sub_f64.o
LOAD ./Core/Src/arm_mat_trans_f64.o
LOAD ./Core/Src/auxil.o
LOAD ./Core/Src/cpg_solve.o
LOAD ./Core/Src/cpg_workspace.o
LOAD ./Core/Src/csc_math.o
LOAD ./Core/Src/csc_utils.o
LOAD ./Core/Src/ekf.o
LOAD ./Core/Src/error.o
LOAD ./Core/Src/kan_solver.o
LOAD ./Core/Src/kkt.o
LOAD ./Core/Src/main.o
LOAD ./Core/Src/matrix.o
LOAD ./Core/Src/model_calc.o
LOAD ./Core/Src/mpc_runner.o
LOAD ./Core/Src/osqp_api.o
LOAD ./Core/Src/qdldl.o
LOAD ./Core/Src/qdldl_interface.o
LOAD ./Core/Src/scaling.o
LOAD ./Core/Src/stm32h7xx_hal_msp.o
LOAD ./Core/Src/stm32h7xx_it.o
LOAD ./Core/Src/syscalls.o
LOAD ./Core/Src/sysmem.o
LOAD ./Core/Src/system_stm32h7xx.o
LOAD ./Core/Src/util.o
LOAD ./Core/Src/vector.o
LOAD ./Core/Src/workspace.o
LOAD ./Core/Startup/startup_stm32h753zitx.o
LOAD ./Drivers/STM32H7xx_HAL_Driver/Src/stm32h7xx_hal.o
LOAD ./Drivers/STM32H7xx_HAL_Driver/Src/stm32h7xx_hal_cortex.o
LOAD ./Drivers/STM32H7xx_HAL_Driver/Src/stm32h7xx_hal_dma.o
LOAD ./Drivers/STM32H7xx_HAL_Driver/Src/stm32h7xx_hal_dma_ex.o
LOAD ./Drivers/STM32H7xx_HAL_Driver/Src/stm32h7xx_hal_exti.o
LOAD ./Drivers/STM32H7xx_HAL_Driver/Src/stm32h7xx_hal_flash.o
LOAD ./Drivers/STM32H7xx_HAL_Driver/Src/stm32h7xx_hal_flash_ex.o
LOAD ./Drivers/STM32H7xx_HAL_Driver/Src/stm32h7xx_hal_gpio.o
LOAD ./Drivers/STM32H7xx_HAL_Driver/Src/stm32h7xx_hal_hsem.o
LOAD ./Drivers/STM32H7xx_HAL_Driver/Src/stm32h7xx_hal_i2c.o
LOAD ./Drivers/STM32H7xx_HAL_Driver/Src/stm32h7xx_hal_i2c_ex.o
LOAD ./Drivers/STM32H7xx_HAL_Driver/Src/stm32h7xx_hal_mdma.o
LOAD ./Drivers/STM32H7xx_HAL_Driver/Src/stm32h7xx_hal_pwr.o
LOAD ./Drivers/STM32H7xx_HAL_Driver/Src/stm32h7xx_hal_pwr_ex.o
LOAD ./Drivers/STM32H7xx_HAL_Driver/Src/stm32h7xx_hal_rcc.o
LOAD ./Drivers/STM32H7xx_HAL_Driver/Src/stm32h7xx_hal_rcc_ex.o
LOAD ./Drivers/STM32H7xx_HAL_Driver/Src/stm32h7xx_hal_uart.o
LOAD ./Drivers/STM32H7xx_HAL_Driver/Src/stm32h7xx_hal_uart_ex.o
LOAD C:/Users/adils/STM32CubeIDE/workspace_1.17.0/QT_HIL_Clean/Core/Lib/libarm_cortexM7lfdp_math.a
START GROUP
LOAD C:/ST/STM32CubeIDE_1.17.0/STM32CubeIDE/plugins/com.st.stm32cube.ide.mcu.externaltools.gnu-tools-for-stm32.12.3.rel1.win32_1.1.0.202410251130/tools/bin/../lib/gcc/arm-none-eabi/12.3.1/../../../../arm-none-eabi/lib/thumb/v7e-m+dp/hard\libc_nano.a
LOAD C:/ST/STM32CubeIDE_1.17.0/STM32CubeIDE/plugins/com.st.stm32cube.ide.mcu.externaltools.gnu-tools-for-stm32.12.3.rel1.win32_1.1.0.202410251130/tools/bin/../lib/gcc/arm-none-eabi/12.3.1/../../../../arm-none-eabi/lib/thumb/v7e-m+dp/hard\libm.a
END GROUP
START GROUP
LOAD C:/ST/STM32CubeIDE_1.17.0/STM32CubeIDE/plugins/com.st.stm32cube.ide.mcu.externaltools.gnu-tools-for-stm32.12.3.rel1.win32_1.1.0.202410251130/tools/bin/../lib/gcc/arm-none-eabi/12.3.1/thumb/v7e-m+dp/hard\libgcc.a
LOAD C:/ST/STM32CubeIDE_1.17.0/STM32CubeIDE/plugins/com.st.stm32cube.ide.mcu.externaltools.gnu-tools-for-stm32.12.3.rel1.win32_1.1.0.202410251130/tools/bin/../lib/gcc/arm-none-eabi/12.3.1/../../../../arm-none-eabi/lib/thumb/v7e-m+dp/hard\libc_nano.a
END GROUP
START GROUP
LOAD C:/ST/STM32CubeIDE_1.17.0/STM32CubeIDE/plugins/com.st.stm32cube.ide.mcu.externaltools.gnu-tools-for-stm32.12.3.rel1.win32_1.1.0.202410251130/tools/bin/../lib/gcc/arm-none-eabi/12.3.1/thumb/v7e-m+dp/hard\libgcc.a
LOAD C:/ST/STM32CubeIDE_1.17.0/STM32CubeIDE/plugins/com.st.stm32cube.ide.mcu.externaltools.gnu-tools-for-stm32.12.3.rel1.win32_1.1.0.202410251130/tools/bin/../lib/gcc/arm-none-eabi/12.3.1/../../../../arm-none-eabi/lib/thumb/v7e-m+dp/hard\libc_nano.a
LOAD C:/ST/STM32CubeIDE_1.17.0/STM32CubeIDE/plugins/com.st.stm32cube.ide.mcu.externaltools.gnu-tools-for-stm32.12.3.rel1.win32_1.1.0.202410251130/tools/bin/../lib/gcc/arm-none-eabi/12.3.1/../../../../arm-none-eabi/lib/thumb/v7e-m+dp/hard\libnosys.a
END GROUP
START GROUP
LOAD C:/ST/STM32CubeIDE_1.17.0/STM32CubeIDE/plugins/com.st.stm32cube.ide.mcu.externaltools.gnu-tools-for-stm32.12.3.rel1.win32_1.1.0.202410251130/tools/bin/../lib/gcc/arm-none-eabi/12.3.1/thumb/v7e-m+dp/hard\libgcc.a
LOAD C:/ST/STM32CubeIDE_1.17.0/STM32CubeIDE/plugins/com.st.stm32cube.ide.mcu.externaltools.gnu-tools-for-stm32.12.3.rel1.win32_1.1.0.202410251130/tools/bin/../lib/gcc/arm-none-eabi/12.3.1/../../../../arm-none-eabi/lib/thumb/v7e-m+dp/hard\libc_nano.a
LOAD C:/ST/STM32CubeIDE_1.17.0/STM32CubeIDE/plugins/com.st.stm32cube.ide.mcu.externaltools.gnu-tools-for-stm32.12.3.rel1.win32_1.1.0.202410251130/tools/bin/../lib/gcc/arm-none-eabi/12.3.1/../../../../arm-none-eabi/lib/thumb/v7e-m+dp/hard\libnosys.a
END GROUP
LOAD C:/ST/STM32CubeIDE_1.17.0/STM32CubeIDE/plugins/com.st.stm32cube.ide.mcu.externaltools.gnu-tools-for-stm32.12.3.rel1.win32_1.1.0.202410251130/tools/bin/../lib/gcc/arm-none-eabi/12.3.1/thumb/v7e-m+dp/hard/crtend.o
LOAD C:/ST/STM32CubeIDE_1.17.0/STM32CubeIDE/plugins/com.st.stm32cube.ide.mcu.externaltools.gnu-tools-for-stm32.12.3.rel1.win32_1.1.0.202410251130/tools/bin/../lib/gcc/arm-none-eabi/12.3.1/thumb/v7e-m+dp/hard/crtn.o
                0x24080000                        _estack = (ORIGIN (RAM_D1) + LENGTH (RAM_D1))
                0x00004000                        _Min_Heap_Size = 0x4000
                0x00002000                        _Min_Stack_Size = 0x2000

.isr_vector     0x08000000      0x298
                0x08000000                        . = ALIGN (0x4)
 *(.isr_vector)
 .isr_vector    0x08000000      0x298 ./Core/Startup/startup_stm32h753zitx.o
                0x08000000                g_pfnVectors
                0x08000298                        . = ALIGN (0x4)

.text           0x08000298     0x74dc
                0x08000298                        . = ALIGN (0x4)
 *(.text)
 .text          0x08000298       0x40 C:/ST/STM32CubeIDE_1.17.0/STM32CubeIDE/plugins/com.st.stm32cube.ide.mcu.externaltools.gnu-tools-for-stm32.12.3.rel1.win32_1.1.0.202410251130/tools/bin/../lib/gcc/arm-none-eabi/12.3.1/thumb/v7e-m+dp/hard/crtbegin.o
 .text          0x080002d8       0x30 C:/ST/STM32CubeIDE_1.17.0/STM32CubeIDE/plugins/com.st.stm32cube.ide.mcu.externaltools.gnu-tools-for-stm32.12.3.rel1.win32_1.1.0.202410251130/tools/bin/../lib/gcc/arm-none-eabi/12.3.1/thumb/v7e-m+dp/hard\libgcc.a(_aeabi_uldivmod.o)
                0x080002d8                __aeabi_uldivmod
 .text          0x08000308      0x2bc C:/ST/STM32CubeIDE_1.17.0/STM32CubeIDE/plugins/com.st.stm32cube.ide.mcu.externaltools.gnu-tools-for-stm32.12.3.rel1.win32_1.1.0.202410251130/tools/bin/../lib/gcc/arm-none-eabi/12.3.1/thumb/v7e-m+dp/hard\libgcc.a(_udivmoddi4.o)
                0x08000308                __udivmoddi4
 .text          0x080005c4        0x4 C:/ST/STM32CubeIDE_1.17.0/STM32CubeIDE/plugins/com.st.stm32cube.ide.mcu.externaltools.gnu-tools-for-stm32.12.3.rel1.win32_1.1.0.202410251130/tools/bin/../lib/gcc/arm-none-eabi/12.3.1/thumb/v7e-m+dp/hard\libgcc.a(_dvmd_tls.o)
                0x080005c4                __aeabi_idiv0
                0x080005c4                __aeabi_ldiv0
 *(.text*)
 .text.arm_mat_inverse_f64
                0x080005c8      0x2ec ./Core/Src/arm_mat_inverse_f64.o
                0x080005c8                arm_mat_inverse_f64
 *fill*         0x080008b4        0x4 
 .text.arm_mat_mult_f64
                0x080008b8       0xf8 ./Core/Src/arm_mat_mult_f64.o
                0x080008b8                arm_mat_mult_f64
 .text.arm_mat_sub_f64
                0x080009b0       0x38 ./Core/Src/arm_mat_sub_f64.o
                0x080009b0                arm_mat_sub_f64
 .text.arm_mat_trans_f64
                0x080009e8       0x74 ./Core/Src/arm_mat_trans_f64.o
                0x080009e8                arm_mat_trans_f64
 *fill*         0x08000a5c        0x4 
 .text.compute_rho_estimate
                0x08000a60       0xa0 ./Core/Src/auxil.o
                0x08000a60                compute_rho_estimate
 .text.adapt_rho
                0x08000b00       0x50 ./Core/Src/auxil.o
                0x08000b00                adapt_rho
 .text.update_rho_vec
                0x08000b50       0xa8 ./Core/Src/auxil.o
                0x08000b50                update_rho_vec
 .text.swap_vectors
                0x08000bf8        0xc ./Core/Src/auxil.o
                0x08000bf8                swap_vectors
 .text.update_xz_tilde
                0x08000c04       0x64 ./Core/Src/auxil.o
                0x08000c04                update_xz_tilde
 .text.update_x
                0x08000c68       0x2c ./Core/Src/auxil.o
                0x08000c68                update_x
 .text.update_z
                0x08000c94       0x5c ./Core/Src/auxil.o
                0x08000c94                update_z
 .text.update_y
                0x08000cf0       0x4c ./Core/Src/auxil.o
                0x08000cf0                update_y
 *fill*         0x08000d3c        0x4 
 .text.compute_obj_val_dual_gap
                0x08000d40      0x100 ./Core/Src/auxil.o
                0x08000d40                compute_obj_val_dual_gap
 .text.is_primal_infeasible
                0x08000e40      0x100 ./Core/Src/auxil.o
                0x08000e40                is_primal_infeasible
 .text.is_dual_infeasible
                0x08000f40      0x120 ./Core/Src/auxil.o
                0x08000f40                is_dual_infeasible
 .text.has_solution
                0x08001060       0x14 ./Core/Src/auxil.o
                0x08001060                has_solution
 *fill*         0x08001074        0x4 
 .text.store_solution
                0x08001078       0xc0 ./Core/Src/auxil.o
                0x08001078                store_solution
 .text.update_info
                0x08001138      0x158 ./Core/Src/auxil.o
                0x08001138                update_info
 .text.reset_info
                0x08001290       0x1c ./Core/Src/auxil.o
                0x08001290                reset_info
 .text.update_status
                0x080012ac       0x14 ./Core/Src/auxil.o
                0x080012ac                update_status
 .text.check_termination
                0x080012c0      0x358 ./Core/Src/auxil.o
                0x080012c0                check_termination
 .text.cpg_update_ref
                0x08001618       0x1c ./Core/Src/cpg_solve.o
                0x08001618                cpg_update_ref
 .text.cpg_update_x0
                0x08001634       0x1c ./Core/Src/cpg_solve.o
                0x08001634                cpg_update_x0
 .text.cpg_update_A
                0x08001650       0x1c ./Core/Src/cpg_solve.o
                0x08001650                cpg_update_A
 .text.cpg_update_B
                0x0800166c       0x1c ./Core/Src/cpg_solve.o
                0x0800166c                cpg_update_B
 .text.cpg_update_d
                0x08001688       0x1c ./Core/Src/cpg_solve.o
                0x08001688                cpg_update_d
 *fill*         0x080016a4        0x4 
 .text.cpg_canonicalize_A
                0x080016a8       0xa4 ./Core/Src/cpg_solve.o
                0x080016a8                cpg_canonicalize_A
 *fill*         0x0800174c        0x4 
 .text.cpg_canonicalize_l
                0x08001750       0xa4 ./Core/Src/cpg_solve.o
                0x08001750                cpg_canonicalize_l
 *fill*         0x080017f4        0x4 
 .text.cpg_canonicalize_u
                0x080017f8       0xa4 ./Core/Src/cpg_solve.o
                0x080017f8                cpg_canonicalize_u
 .text.cpg_solve
                0x0800189c       0xd8 ./Core/Src/cpg_solve.o
                0x0800189c                cpg_solve
 .text.csc_update_values
                0x08001974       0x48 ./Core/Src/csc_math.o
                0x08001974                csc_update_values
 .text.csc_scale
                0x080019bc       0x24 ./Core/Src/csc_math.o
                0x080019bc                csc_scale
 .text.csc_lmult_diag
                0x080019e0       0x54 ./Core/Src/csc_math.o
                0x080019e0                csc_lmult_diag
 .text.csc_rmult_diag
                0x08001a34       0x48 ./Core/Src/csc_math.o
                0x08001a34                csc_rmult_diag
 .text.csc_Axpy_sym_triu
                0x08001a7c      0x270 ./Core/Src/csc_math.o
                0x08001a7c                csc_Axpy_sym_triu
 .text.csc_Axpy
                0x08001cec      0x1cc ./Core/Src/csc_math.o
                0x08001cec                csc_Axpy
 .text.csc_Atxpy
                0x08001eb8      0x1bc ./Core/Src/csc_math.o
                0x08001eb8                csc_Atxpy
 .text.csc_col_norm_inf
                0x08002074       0x58 ./Core/Src/csc_math.o
                0x08002074                csc_col_norm_inf
 .text.csc_row_norm_inf
                0x080020cc       0x74 ./Core/Src/csc_math.o
                0x080020cc                csc_row_norm_inf
 .text.csc_row_norm_inf_sym_triu
                0x08002140       0x90 ./Core/Src/csc_math.o
                0x08002140                csc_row_norm_inf_sym_triu
 .text.EKF_Init
                0x080021d0       0xcc ./Core/Src/ekf.o
                0x080021d0                EKF_Init
 *fill*         0x0800229c        0x4 
 .text.EKF_Predict
                0x080022a0       0x98 ./Core/Src/ekf.o
                0x080022a0                EKF_Predict
 .text.EKF_Update
                0x08002338      0x104 ./Core/Src/ekf.o
                0x08002338                EKF_Update
 .text._osqp_error
                0x0800243c        0x4 ./Core/Src/error.o
                0x0800243c                _osqp_error
 .text.update_KKT_P
                0x08002440       0xcc ./Core/Src/kkt.o
                0x08002440                update_KKT_P
 .text.update_KKT_A
                0x0800250c       0x54 ./Core/Src/kkt.o
                0x0800250c                update_KKT_A
 .text.update_KKT_param2
                0x08002560       0x54 ./Core/Src/kkt.o
                0x08002560                update_KKT_param2
 .text.SystemClock_Config
                0x080025b4       0x9c ./Core/Src/main.o
                0x080025b4                SystemClock_Config
 .text.startup.main
                0x08002650      0x39c ./Core/Src/main.o
                0x08002650                main
 .text.Error_Handler
                0x080029ec        0x4 ./Core/Src/main.o
                0x080029ec                Error_Handler
 .text.OSQPMatrix_update_values
                0x080029f0        0x8 ./Core/Src/matrix.o
                0x080029f0                OSQPMatrix_update_values
 .text.OSQPMatrix_get_nz
                0x080029f8        0xc ./Core/Src/matrix.o
                0x080029f8                OSQPMatrix_get_nz
 .text.OSQPMatrix_mult_scalar
                0x08002a04        0x8 ./Core/Src/matrix.o
                0x08002a04                OSQPMatrix_mult_scalar
 .text.OSQPMatrix_lmult_diag
                0x08002a0c       0x18 ./Core/Src/matrix.o
                0x08002a0c                OSQPMatrix_lmult_diag
 .text.OSQPMatrix_rmult_diag
                0x08002a24        0x8 ./Core/Src/matrix.o
                0x08002a24                OSQPMatrix_rmult_diag
 .text.OSQPMatrix_Axpy
                0x08002a2c       0x14 ./Core/Src/matrix.o
                0x08002a2c                OSQPMatrix_Axpy
 .text.OSQPMatrix_Atxpy
                0x08002a40       0x14 ./Core/Src/matrix.o
                0x08002a40                OSQPMatrix_Atxpy
 .text.OSQPMatrix_col_norm_inf
                0x08002a54       0x18 ./Core/Src/matrix.o
                0x08002a54                OSQPMatrix_col_norm_inf
 .text.OSQPMatrix_row_norm_inf
                0x08002a6c       0x2c ./Core/Src/matrix.o
                0x08002a6c                OSQPMatrix_row_norm_inf
 .text.Get_Nonlinear_Model
                0x08002a98      0x1a0 ./Core/Src/model_calc.o
                0x08002a98                Get_Nonlinear_Model
 .text.Get_Jacobian_F
                0x08002c38       0xf0 ./Core/Src/model_calc.o
                0x08002c38                Get_Jacobian_F
 .text.Get_Linear_Model_Affine
                0x08002d28      0x198 ./Core/Src/model_calc.o
                0x08002d28                Get_Linear_Model_Affine
 .text.Run_MPC_Step
                0x08002ec0       0xf4 ./Core/Src/mpc_runner.o
                0x08002ec0                Run_MPC_Step
 *fill*         0x08002fb4        0x4 
 .text.osqp_solve
                0x08002fb8      0x29c ./Core/Src/osqp_api.o
                0x08002fb8                osqp_solve
 .text.osqp_update_data_vec
                0x08003254      0x18c ./Core/Src/osqp_api.o
                0x08003254                osqp_update_data_vec
 .text.osqp_cold_start
                0x080033e0       0x48 ./Core/Src/osqp_api.o
                0x080033e0                osqp_cold_start
 .text.osqp_update_data_mat
                0x08003428      0x124 ./Core/Src/osqp_api.o
                0x08003428                osqp_update_data_mat
 *fill*         0x0800354c        0x4 
 .text.osqp_update_rho
                0x08003550       0xac ./Core/Src/osqp_api.o
                0x08003550                osqp_update_rho
 *fill*         0x080035fc        0x4 
 .text.QDLDL_factor
                0x08003600      0x2b8 ./Core/Src/qdldl.o
                0x08003600                QDLDL_factor
 .text.QDLDL_solve
                0x080038b8       0xc8 ./Core/Src/qdldl.o
                0x080038b8                QDLDL_solve
 .text.update_settings_linsys_solver_qdldl
                0x08003980        0x4 ./Core/Src/qdldl_interface.o
                0x08003980                update_settings_linsys_solver_qdldl
 .text.warm_start_linsys_solver_qdldl
                0x08003984        0x4 ./Core/Src/qdldl_interface.o
                0x08003984                warm_start_linsys_solver_qdldl
 .text.name_qdldl
                0x08003988        0x8 ./Core/Src/qdldl_interface.o
                0x08003988                name_qdldl
 .text.solve_linsys_qdldl
                0x08003990      0x118 ./Core/Src/qdldl_interface.o
                0x08003990                solve_linsys_qdldl
 .text.update_linsys_solver_matrices_qdldl
                0x08003aa8       0x7c ./Core/Src/qdldl_interface.o
                0x08003aa8                update_linsys_solver_matrices_qdldl
 .text.update_linsys_solver_rho_vec_qdldl
                0x08003b24       0x94 ./Core/Src/qdldl_interface.o
                0x08003b24                update_linsys_solver_rho_vec_qdldl
 .text.scale_data
                0x08003bb8      0x260 ./Core/Src/scaling.o
                0x08003bb8                scale_data
 .text.unscale_data
                0x08003e18       0x90 ./Core/Src/scaling.o
                0x08003e18                unscale_data
 .text.unscale_solution
                0x08003ea8       0x34 ./Core/Src/scaling.o
                0x08003ea8                unscale_solution
 .text.HAL_MspInit
                0x08003edc       0x24 ./Core/Src/stm32h7xx_hal_msp.o
                0x08003edc                HAL_MspInit
 .text.HAL_UART_MspInit
                0x08003f00       0xac ./Core/Src/stm32h7xx_hal_msp.o
                0x08003f00                HAL_UART_MspInit
 .text.NMI_Handler
                0x08003fac        0x4 ./Core/Src/stm32h7xx_it.o
                0x08003fac                NMI_Handler
 .text.HardFault_Handler
                0x08003fb0        0x4 ./Core/Src/stm32h7xx_it.o
                0x08003fb0                HardFault_Handler
 .text.MemManage_Handler
                0x08003fb4        0x4 ./Core/Src/stm32h7xx_it.o
                0x08003fb4                MemManage_Handler
 .text.BusFault_Handler
                0x08003fb8        0x4 ./Core/Src/stm32h7xx_it.o
                0x08003fb8                BusFault_Handler
 .text.UsageFault_Handler
                0x08003fbc        0x4 ./Core/Src/stm32h7xx_it.o
                0x08003fbc                UsageFault_Handler
 .text.SVC_Handler
                0x08003fc0        0x4 ./Core/Src/stm32h7xx_it.o
                0x08003fc0                SVC_Handler
 .text.DebugMon_Handler
                0x08003fc4        0x4 ./Core/Src/stm32h7xx_it.o
                0x08003fc4                DebugMon_Handler
 .text.PendSV_Handler
                0x08003fc8        0x4 ./Core/Src/stm32h7xx_it.o
                0x08003fc8                PendSV_Handler
 .text.SysTick_Handler
                0x08003fcc        0x4 ./Core/Src/stm32h7xx_it.o
                0x08003fcc                SysTick_Handler
 .text.SystemInit
                0x08003fd0       0xf0 ./Core/Src/system_stm32h7xx.o
                0x08003fd0                SystemInit
 .text.ExitRun0Mode
                0x080040c0       0x18 ./Core/Src/system_stm32h7xx.o
                0x080040c0                ExitRun0Mode
 .text.c_strcpy
                0x080040d8       0x14 ./Core/Src/util.o
                0x080040d8                c_strcpy
 .text.OSQPVectorf_data
                0x080040ec        0x4 ./Core/Src/vector.o
                0x080040ec                OSQPVectorf_data
 .text.OSQPVectorf_copy
                0x080040f0       0x1c ./Core/Src/vector.o
                0x080040f0                OSQPVectorf_copy
 .text.OSQPVectorf_from_raw
                0x0800410c       0x1c ./Core/Src/vector.o
                0x0800410c                OSQPVectorf_from_raw
 .text.OSQPVectorf_to_raw
                0x08004128       0x1c ./Core/Src/vector.o
                0x08004128                OSQPVectorf_to_raw
 .text.OSQPVectorf_set_scalar
                0x08004144       0x18 ./Core/Src/vector.o
                0x08004144                OSQPVectorf_set_scalar
 .text.OSQPVectorf_set_scalar_conditional
                0x0800415c       0x30 ./Core/Src/vector.o
                0x0800415c                OSQPVectorf_set_scalar_conditional
 .text.OSQPVectorf_round_to_zero
                0x0800418c       0x2c ./Core/Src/vector.o
                0x0800418c                OSQPVectorf_round_to_zero
 .text.OSQPVectorf_mult_scalar
                0x080041b8       0x20 ./Core/Src/vector.o
                0x080041b8                OSQPVectorf_mult_scalar
 .text.OSQPVectorf_plus
                0x080041d8       0x54 ./Core/Src/vector.o
                0x080041d8                OSQPVectorf_plus
 .text.OSQPVectorf_minus
                0x0800422c       0x54 ./Core/Src/vector.o
                0x0800422c                OSQPVectorf_minus
 .text.OSQPVectorf_add_scaled
                0x08004280       0x64 ./Core/Src/vector.o
                0x08004280                OSQPVectorf_add_scaled
 .text.OSQPVectorf_add_scaled3
                0x080042e4       0x7c ./Core/Src/vector.o
                0x080042e4                OSQPVectorf_add_scaled3
 .text.OSQPVectorf_norm_inf
                0x08004360       0x30 ./Core/Src/vector.o
                0x08004360                OSQPVectorf_norm_inf
 .text.OSQPVectorf_scaled_norm_inf
                0x08004390       0x38 ./Core/Src/vector.o
                0x08004390                OSQPVectorf_scaled_norm_inf
 .text.OSQPVectorf_dot_prod
                0x080043c8       0x30 ./Core/Src/vector.o
                0x080043c8                OSQPVectorf_dot_prod
 .text.OSQPVectorf_dot_prod_signed
                0x080043f8       0x88 ./Core/Src/vector.o
                0x080043f8                OSQPVectorf_dot_prod_signed
 .text.OSQPVectorf_ew_prod
                0x08004480       0x54 ./Core/Src/vector.o
                0x08004480                OSQPVectorf_ew_prod
 .text.OSQPVectorf_all_leq
                0x080044d4       0x38 ./Core/Src/vector.o
                0x080044d4                OSQPVectorf_all_leq
 .text.OSQPVectorf_ew_bound_vec
                0x0800450c       0x38 ./Core/Src/vector.o
                0x0800450c                OSQPVectorf_ew_bound_vec
 *fill*         0x08004544        0x4 
 .text.OSQPVectorf_project_polar_reccone
                0x08004548       0x80 ./Core/Src/vector.o
                0x08004548                OSQPVectorf_project_polar_reccone
 .text.OSQPVectorf_in_reccone
                0x080045c8       0x6c ./Core/Src/vector.o
                0x080045c8                OSQPVectorf_in_reccone
 *fill*         0x08004634        0x4 
 .text.OSQPVectorf_norm_1
                0x08004638       0x30 ./Core/Src/vector.o
                0x08004638                OSQPVectorf_norm_1
 .text.OSQPVectorf_ew_reciprocal
                0x08004668       0x24 ./Core/Src/vector.o
                0x08004668                OSQPVectorf_ew_reciprocal
 .text.OSQPVectorf_ew_sqrt
                0x0800468c       0x20 ./Core/Src/vector.o
                0x0800468c                OSQPVectorf_ew_sqrt
 .text.OSQPVectorf_ew_max_vec
                0x080046ac       0x30 ./Core/Src/vector.o
                0x080046ac                OSQPVectorf_ew_max_vec
 .text.OSQPVectorf_ew_bounds_type
                0x080046dc       0x68 ./Core/Src/vector.o
                0x080046dc                OSQPVectorf_ew_bounds_type
 .text.OSQPVectorf_set_scalar_if_lt
                0x08004744       0x30 ./Core/Src/vector.o
                0x08004744                OSQPVectorf_set_scalar_if_lt
 .text.OSQPVectorf_set_scalar_if_gt
                0x08004774       0x30 ./Core/Src/vector.o
                0x08004774                OSQPVectorf_set_scalar_if_gt
 .text.Reset_Handler
                0x080047a4       0x54 ./Core/Startup/startup_stm32h753zitx.o
                0x080047a4                Reset_Handler
 .text.Default_Handler
                0x080047f8        0x2 ./Core/Startup/startup_stm32h753zitx.o
                0x080047f8                RTC_Alarm_IRQHandler
                0x080047f8                HASH_RNG_IRQHandler
                0x080047f8                EXTI2_IRQHandler
                0x080047f8                TIM8_CC_IRQHandler
                0x080047f8                HRTIM1_Master_IRQHandler
                0x080047f8                UART8_IRQHandler
                0x080047f8                SPI4_IRQHandler
                0x080047f8                TIM1_CC_IRQHandler
                0x080047f8                BDMA_Channel6_IRQHandler
                0x080047f8                DMA2_Stream5_IRQHandler
                0x080047f8                HRTIM1_FLT_IRQHandler
                0x080047f8                JPEG_IRQHandler
                0x080047f8                DMA1_Stream5_IRQHandler
                0x080047f8                BDMA_Channel1_IRQHandler
                0x080047f8                HRTIM1_TIMD_IRQHandler
                0x080047f8                TAMP_STAMP_IRQHandler
                0x080047f8                EXTI3_IRQHandler
                0x080047f8                LPTIM4_IRQHandler
                0x080047f8                TIM8_TRG_COM_TIM14_IRQHandler
                0x080047f8                LPTIM2_IRQHandler
                0x080047f8                DFSDM1_FLT1_IRQHandler
                0x080047f8                DMAMUX2_OVR_IRQHandler
                0x080047f8                TIM8_UP_TIM13_IRQHandler
                0x080047f8                I2C3_ER_IRQHandler
                0x080047f8                DFSDM1_FLT2_IRQHandler
                0x080047f8                MDMA_IRQHandler
                0x080047f8                LPTIM3_IRQHandler
                0x080047f8                HSEM1_IRQHandler
                0x080047f8                EXTI0_IRQHandler
                0x080047f8                I2C2_EV_IRQHandler
                0x080047f8                DMA1_Stream2_IRQHandler
                0x080047f8                FPU_IRQHandler
                0x080047f8                OTG_HS_WKUP_IRQHandler
                0x080047f8                FDCAN1_IT1_IRQHandler
                0x080047f8                LTDC_ER_IRQHandler
                0x080047f8                DMA2_Stream2_IRQHandler
                0x080047f8                HRTIM1_TIME_IRQHandler
                0x080047f8                SPI1_IRQHandler
                0x080047f8                TIM6_DAC_IRQHandler
                0x080047f8                DCMI_IRQHandler
                0x080047f8                HRTIM1_TIMC_IRQHandler
                0x080047f8                DMA2_Stream3_IRQHandler
                0x080047f8                SAI2_IRQHandler
                0x080047f8                DFSDM1_FLT3_IRQHandler
                0x080047f8                USART6_IRQHandler
                0x080047f8                TIM17_IRQHandler
                0x080047f8                USART3_IRQHandler
                0x080047f8                BDMA_Channel7_IRQHandler
                0x080047f8                CRYP_IRQHandler
                0x080047f8                LPTIM5_IRQHandler
                0x080047f8                UART5_IRQHandler
                0x080047f8                ADC3_IRQHandler
                0x080047f8                DMA2_Stream0_IRQHandler
                0x080047f8                TIM4_IRQHandler
                0x080047f8                BDMA_Channel2_IRQHandler
                0x080047f8                QUADSPI_IRQHandler
                0x080047f8                I2C1_EV_IRQHandler
                0x080047f8                DMA1_Stream6_IRQHandler
                0x080047f8                DMAMUX1_OVR_IRQHandler
                0x080047f8                DMA1_Stream1_IRQHandler
                0x080047f8                TIM16_IRQHandler
                0x080047f8                UART4_IRQHandler
                0x080047f8                BDMA_Channel5_IRQHandler
                0x080047f8                TIM3_IRQHandler
                0x080047f8                RCC_IRQHandler
                0x080047f8                TIM8_BRK_TIM12_IRQHandler
                0x080047f8                TIM1_TRG_COM_IRQHandler
                0x080047f8                Default_Handler
                0x080047f8                ECC_IRQHandler
                0x080047f8                CEC_IRQHandler
                0x080047f8                EXTI15_10_IRQHandler
                0x080047f8                BDMA_Channel0_IRQHandler
                0x080047f8                ADC_IRQHandler
                0x080047f8                DMA1_Stream7_IRQHandler
                0x080047f8                HRTIM1_TIMA_IRQHandler
                0x080047f8                SPI5_IRQHandler
                0x080047f8                TIM7_IRQHandler
                0x080047f8                SDMMC1_IRQHandler
                0x080047f8                TIM5_IRQHandler
                0x080047f8                DMA2_Stream7_IRQHandler
                0x080047f8                TIM15_IRQHandler
                0x080047f8                PVD_AVD_IRQHandler
                0x080047f8                I2C3_EV_IRQHandler
                0x080047f8                EXTI9_5_IRQHandler
                0x080047f8                RTC_WKUP_IRQHandler
                0x080047f8                LTDC_IRQHandler
                0x080047f8                SAI3_IRQHandler
                0x080047f8                ETH_WKUP_IRQHandler
                0x080047f8                SPDIF_RX_IRQHandler
                0x080047f8                SPI2_IRQHandler
                0x080047f8                OTG_HS_EP1_IN_IRQHandler
                0x080047f8                DMA1_Stream0_IRQHandler
                0x080047f8                CRS_IRQHandler
                0x080047f8                EXTI4_IRQHandler
                0x080047f8                HRTIM1_TIMB_IRQHandler
                0x080047f8                FDCAN2_IT1_IRQHandler
                0x080047f8                ETH_IRQHandler
                0x080047f8                TIM1_UP_IRQHandler
                0x080047f8                BDMA_Channel4_IRQHandler
                0x080047f8                OTG_HS_EP1_OUT_IRQHandler
                0x080047f8                WWDG_IRQHandler
                0x080047f8                SPI6_IRQHandler
                0x080047f8                MDIOS_IRQHandler
                0x080047f8                I2C4_EV_IRQHandler
                0x080047f8                FDCAN2_IT0_IRQHandler
                0x080047f8                LPUART1_IRQHandler
                0x080047f8                FDCAN1_IT0_IRQHandler
                0x080047f8                TIM2_IRQHandler
                0x080047f8                OTG_FS_WKUP_IRQHandler
                0x080047f8                OTG_HS_IRQHandler
                0x080047f8                DMA2D_IRQHandler
                0x080047f8                TIM1_BRK_IRQHandler
                0x080047f8                EXTI1_IRQHandler
                0x080047f8                SDMMC2_IRQHandler
                0x080047f8                OTG_FS_EP1_OUT_IRQHandler
                0x080047f8                BDMA_Channel3_IRQHandler
                0x080047f8                UART7_IRQHandler
                0x080047f8                MDIOS_WKUP_IRQHandler
                0x080047f8                USART2_IRQHandler
                0x080047f8                DFSDM1_FLT0_IRQHandler
                0x080047f8                SAI4_IRQHandler
                0x080047f8                I2C2_ER_IRQHandler
                0x080047f8                DMA2_Stream1_IRQHandler
                0x080047f8                FLASH_IRQHandler
                0x080047f8                DMA2_Stream4_IRQHandler
                0x080047f8                USART1_IRQHandler
                0x080047f8                OTG_FS_IRQHandler
                0x080047f8                SPI3_IRQHandler
                0x080047f8                WAKEUP_PIN_IRQHandler
                0x080047f8                DMA1_Stream4_IRQHandler
                0x080047f8                OTG_FS_EP1_IN_IRQHandler
                0x080047f8                I2C1_ER_IRQHandler
                0x080047f8                FMC_IRQHandler
                0x080047f8                FDCAN_CAL_IRQHandler
                0x080047f8                SWPMI1_IRQHandler
                0x080047f8                COMP1_IRQHandler
                0x080047f8                LPTIM1_IRQHandler
                0x080047f8                I2C4_ER_IRQHandler
                0x080047f8                DMA2_Stream6_IRQHandler
                0x080047f8                SAI1_IRQHandler
                0x080047f8                DMA1_Stream3_IRQHandler
 *fill*         0x080047fa        0x2 
 .text.HAL_InitTick
                0x080047fc       0x4c ./Drivers/STM32H7xx_HAL_Driver/Src/stm32h7xx_hal.o
                0x080047fc                HAL_InitTick
 .text.HAL_Init
                0x08004848       0x60 ./Drivers/STM32H7xx_HAL_Driver/Src/stm32h7xx_hal.o
                0x08004848                HAL_Init
 .text.HAL_IncTick
                0x080048a8       0x18 ./Drivers/STM32H7xx_HAL_Driver/Src/stm32h7xx_hal.o
                0x080048a8                HAL_IncTick
 .text.HAL_GetTick
                0x080048c0        0xc ./Drivers/STM32H7xx_HAL_Driver/Src/stm32h7xx_hal.o
                0x080048c0                HAL_GetTick
 .text.HAL_GetREVID
                0x080048cc        0xc ./Drivers/STM32H7xx_HAL_Driver/Src/stm32h7xx_hal.o
                0x080048cc                HAL_GetREVID
 .text.HAL_NVIC_SetPriorityGrouping
                0x080048d8       0x24 ./Drivers/STM32H7xx_HAL_Driver/Src/stm32h7xx_hal_cortex.o
                0x080048d8                HAL_NVIC_SetPriorityGrouping
 .text.HAL_NVIC_SetPriority
                0x080048fc       0x78 ./Drivers/STM32H7xx_HAL_Driver/Src/stm32h7xx_hal_cortex.o
                0x080048fc                HAL_NVIC_SetPriority
 .text.HAL_SYSTICK_Config
                0x08004974       0x2c ./Drivers/STM32H7xx_HAL_Driver/Src/stm32h7xx_hal_cortex.o
                0x08004974                HAL_SYSTICK_Config
 .text.HAL_MPU_Disable
                0x080049a0       0x1c ./Drivers/STM32H7xx_HAL_Driver/Src/stm32h7xx_hal_cortex.o
                0x080049a0                HAL_MPU_Disable
 .text.HAL_MPU_Enable
                0x080049bc       0x20 ./Drivers/STM32H7xx_HAL_Driver/Src/stm32h7xx_hal_cortex.o
                0x080049bc                HAL_MPU_Enable
 .text.HAL_MPU_ConfigRegion
                0x080049dc       0x60 ./Drivers/STM32H7xx_HAL_Driver/Src/stm32h7xx_hal_cortex.o
                0x080049dc                HAL_MPU_ConfigRegion
 .text.HAL_GPIO_Init
                0x08004a3c      0x284 ./Drivers/STM32H7xx_HAL_Driver/Src/stm32h7xx_hal_gpio.o
                0x08004a3c                HAL_GPIO_Init
 .text.HAL_GPIO_WritePin
                0x08004cc0        0x8 ./Drivers/STM32H7xx_HAL_Driver/Src/stm32h7xx_hal_gpio.o
                0x08004cc0                HAL_GPIO_WritePin
 .text.HAL_GPIO_TogglePin
                0x08004cc8       0x14 ./Drivers/STM32H7xx_HAL_Driver/Src/stm32h7xx_hal_gpio.o
                0x08004cc8                HAL_GPIO_TogglePin
 .text.HAL_PWREx_ConfigSupply
                0x08004cdc       0x48 ./Drivers/STM32H7xx_HAL_Driver/Src/stm32h7xx_hal_pwr_ex.o
                0x08004cdc                HAL_PWREx_ConfigSupply
 .text.HAL_RCC_GetSysClockFreq.part.0
                0x08004d24       0xe4 ./Drivers/STM32H7xx_HAL_Driver/Src/stm32h7xx_hal_rcc.o
 .text.HAL_RCC_OscConfig
                0x08004e08      0x5e4 ./Drivers/STM32H7xx_HAL_Driver/Src/stm32h7xx_hal_rcc.o
                0x08004e08                HAL_RCC_OscConfig
 .text.HAL_RCC_GetSysClockFreq
                0x080053ec      0x11c ./Drivers/STM32H7xx_HAL_Driver/Src/stm32h7xx_hal_rcc.o
                0x080053ec                HAL_RCC_GetSysClockFreq
 .text.HAL_RCC_ClockConfig
                0x08005508      0x254 ./Drivers/STM32H7xx_HAL_Driver/Src/stm32h7xx_hal_rcc.o
                0x08005508                HAL_RCC_ClockConfig
 .text.HAL_RCC_GetHCLKFreq
                0x0800575c       0x80 ./Drivers/STM32H7xx_HAL_Driver/Src/stm32h7xx_hal_rcc.o
                0x0800575c                HAL_RCC_GetHCLKFreq
 .text.HAL_RCC_GetPCLK1Freq
                0x080057dc       0x90 ./Drivers/STM32H7xx_HAL_Driver/Src/stm32h7xx_hal_rcc.o
                0x080057dc                HAL_RCC_GetPCLK1Freq
 .text.HAL_RCC_GetPCLK2Freq
                0x0800586c       0x90 ./Drivers/STM32H7xx_HAL_Driver/Src/stm32h7xx_hal_rcc.o
                0x0800586c                HAL_RCC_GetPCLK2Freq
 .text.RCCEx_PLL2_Config.part.0
                0x080058fc       0xe4 ./Drivers/STM32H7xx_HAL_Driver/Src/stm32h7xx_hal_rcc_ex.o
 .text.RCCEx_PLL3_Config.part.0
                0x080059e0       0xe4 ./Drivers/STM32H7xx_HAL_Driver/Src/stm32h7xx_hal_rcc_ex.o
 .text.HAL_RCCEx_PeriphCLKConfig
                0x08005ac4      0xeb4 ./Drivers/STM32H7xx_HAL_Driver/Src/stm32h7xx_hal_rcc_ex.o
                0x08005ac4                HAL_RCCEx_PeriphCLKConfig
 .text.HAL_RCCEx_GetD3PCLK1Freq
                0x08006978       0x24 ./Drivers/STM32H7xx_HAL_Driver/Src/stm32h7xx_hal_rcc_ex.o
                0x08006978                HAL_RCCEx_GetD3PCLK1Freq
 .text.HAL_RCCEx_GetPLL2ClockFreq
                0x0800699c      0x134 ./Drivers/STM32H7xx_HAL_Driver/Src/stm32h7xx_hal_rcc_ex.o
                0x0800699c                HAL_RCCEx_GetPLL2ClockFreq
 .text.HAL_RCCEx_GetPLL3ClockFreq
                0x08006ad0      0x134 ./Drivers/STM32H7xx_HAL_Driver/Src/stm32h7xx_hal_rcc_ex.o
                0x08006ad0                HAL_RCCEx_GetPLL3ClockFreq
 .text.HAL_UART_Transmit
                0x08006c04       0xf4 ./Drivers/STM32H7xx_HAL_Driver/Src/stm32h7xx_hal_uart.o
                0x08006c04                HAL_UART_Transmit
 .text.HAL_UART_Receive
                0x08006cf8      0x1e0 ./Drivers/STM32H7xx_HAL_Driver/Src/stm32h7xx_hal_uart.o
                0x08006cf8                HAL_UART_Receive
 .text.UART_SetConfig
                0x08006ed8      0x378 ./Drivers/STM32H7xx_HAL_Driver/Src/stm32h7xx_hal_uart.o
                0x08006ed8                UART_SetConfig
 .text.UART_AdvFeatureConfig
                0x08007250       0xb0 ./Drivers/STM32H7xx_HAL_Driver/Src/stm32h7xx_hal_uart.o
                0x08007250                UART_AdvFeatureConfig
 .text.UART_CheckIdleState
                0x08007300      0x258 ./Drivers/STM32H7xx_HAL_Driver/Src/stm32h7xx_hal_uart.o
                0x08007300                UART_CheckIdleState
 .text.HAL_UART_Init
                0x08007558       0x68 ./Drivers/STM32H7xx_HAL_Driver/Src/stm32h7xx_hal_uart.o
                0x08007558                HAL_UART_Init
 .text.HAL_UARTEx_DisableFifoMode
                0x080075c0       0x3c ./Drivers/STM32H7xx_HAL_Driver/Src/stm32h7xx_hal_uart_ex.o
                0x080075c0                HAL_UARTEx_DisableFifoMode
 .text.HAL_UARTEx_SetTxFifoThreshold
                0x080075fc       0x84 ./Drivers/STM32H7xx_HAL_Driver/Src/stm32h7xx_hal_uart_ex.o
                0x080075fc                HAL_UARTEx_SetTxFifoThreshold
 .text.HAL_UARTEx_SetRxFifoThreshold
                0x08007680       0x84 ./Drivers/STM32H7xx_HAL_Driver/Src/stm32h7xx_hal_uart_ex.o
                0x08007680                HAL_UARTEx_SetRxFifoThreshold
 .text.memset   0x08007704       0x10 C:/ST/STM32CubeIDE_1.17.0/STM32CubeIDE/plugins/com.st.stm32cube.ide.mcu.externaltools.gnu-tools-for-stm32.12.3.rel1.win32_1.1.0.202410251130/tools/bin/../lib/gcc/arm-none-eabi/12.3.1/../../../../arm-none-eabi/lib/thumb/v7e-m+dp/hard\libc_nano.a(libc_a-memset.o)
                0x08007704                memset
 .text.__libc_init_array
                0x08007714       0x48 C:/ST/STM32CubeIDE_1.17.0/STM32CubeIDE/plugins/com.st.stm32cube.ide.mcu.externaltools.gnu-tools-for-stm32.12.3.rel1.win32_1.1.0.202410251130/tools/bin/../lib/gcc/arm-none-eabi/12.3.1/../../../../arm-none-eabi/lib/thumb/v7e-m+dp/hard\libc_nano.a(libc_a-init.o)
                0x08007714                __libc_init_array
 *(.glue_7)
 .glue_7        0x0800775c        0x0 linker stubs
 *(.glue_7t)
 .glue_7t       0x0800775c        0x0 linker stubs
 *(.eh_frame)
 .eh_frame      0x0800775c        0x0 C:/ST/STM32CubeIDE_1.17.0/STM32CubeIDE/plugins/com.st.stm32cube.ide.mcu.externaltools.gnu-tools-for-stm32.12.3.rel1.win32_1.1.0.202410251130/tools/bin/../lib/gcc/arm-none-eabi/12.3.1/thumb/v7e-m+dp/hard/crtbegin.o
 *(.init)
 .init          0x0800775c        0x4 C:/ST/STM32CubeIDE_1.17.0/STM32CubeIDE/plugins/com.st.stm32cube.ide.mcu.externaltools.gnu-tools-for-stm32.12.3.rel1.win32_1.1.0.202410251130/tools/bin/../lib/gcc/arm-none-eabi/12.3.1/thumb/v7e-m+dp/hard/crti.o
                0x0800775c                _init
 .init          0x08007760        0x8 C:/ST/STM32CubeIDE_1.17.0/STM32CubeIDE/plugins/com.st.stm32cube.ide.mcu.externaltools.gnu-tools-for-stm32.12.3.rel1.win32_1.1.0.202410251130/tools/bin/../lib/gcc/arm-none-eabi/12.3.1/thumb/v7e-m+dp/hard/crtn.o
 *(.fini)
 .fini          0x08007768        0x4 C:/ST/STM32CubeIDE_1.17.0/STM32CubeIDE/plugins/com.st.stm32cube.ide.mcu.externaltools.gnu-tools-for-stm32.12.3.rel1.win32_1.1.0.202410251130/tools/bin/../lib/gcc/arm-none-eabi/12.3.1/thumb/v7e-m+dp/hard/crti.o
                0x08007768                _fini
 .fini          0x0800776c        0x8 C:/ST/STM32CubeIDE_1.17.0/STM32CubeIDE/plugins/com.st.stm32cube.ide.mcu.externaltools.gnu-tools-for-stm32.12.3.rel1.win32_1.1.0.202410251130/tools/bin/../lib/gcc/arm-none-eabi/12.3.1/thumb/v7e-m+dp/hard/crtn.o
                0x08007774                        . = ALIGN (0x4)
                0x08007774                        _etext = .

.vfp11_veneer   0x08007774        0x0
 .vfp11_veneer  0x08007774        0x0 linker stubs

.v4_bx          0x08007774        0x0
 .v4_bx         0x08007774        0x0 linker stubs

.iplt           0x08007774        0x0
 .iplt          0x08007774        0x0 C:/ST/STM32CubeIDE_1.17.0/STM32CubeIDE/plugins/com.st.stm32cube.ide.mcu.externaltools.gnu-tools-for-stm32.12.3.rel1.win32_1.1.0.202410251130/tools/bin/../lib/gcc/arm-none-eabi/12.3.1/thumb/v7e-m+dp/hard/crtbegin.o

.rodata         0x08007774      0x178
                0x08007774                        . = ALIGN (0x4)
 *(.rodata)
 *(.rodata*)
 .rodata.str1.4
                0x08007774       0xd9 ./Core/Src/auxil.o
                                 0xdd (size before relaxing)
 *fill*         0x0800784d        0x3 
 .rodata.str1.4
                0x08007850        0x8 ./Core/Src/cpg_workspace.o
 .rodata.__func__.1
                0x08007858       0x10 ./Core/Src/osqp_api.o
 .rodata.__func__.2
                0x08007868       0x15 ./Core/Src/osqp_api.o
 *fill*         0x0800787d        0x3 
 .rodata.__func__.4
                0x08007880       0x15 ./Core/Src/osqp_api.o
 *fill*         0x08007895        0x3 
 .rodata.__func__.6
                0x08007898        0xb ./Core/Src/osqp_api.o
 *fill*         0x080078a3        0x1 
 .rodata.name_qdldl.str1.4
                0x080078a4        0xd ./Core/Src/qdldl_interface.o
 *fill*         0x080078b1        0x3 
 .rodata.D1CorePrescTable
                0x080078b4       0x10 ./Core/Src/system_stm32h7xx.o
                0x080078b4                D1CorePrescTable
 .rodata.UARTPrescTable
                0x080078c4       0x18 ./Drivers/STM32H7xx_HAL_Driver/Src/stm32h7xx_hal_uart.o
                0x080078c4                UARTPrescTable
 .rodata.denominator.0
                0x080078dc        0x8 ./Drivers/STM32H7xx_HAL_Driver/Src/stm32h7xx_hal_uart_ex.o
 .rodata.numerator.1
                0x080078e4        0x8 ./Drivers/STM32H7xx_HAL_Driver/Src/stm32h7xx_hal_uart_ex.o
                0x080078ec                        . = ALIGN (0x4)

.ARM.extab
 *(.ARM.extab* .gnu.linkonce.armextab.*)

.ARM            0x080078ec        0x8
                0x080078ec                        __exidx_start = .
 *(.ARM.exidx*)
 .ARM.exidx     0x080078ec        0x8 C:/ST/STM32CubeIDE_1.17.0/STM32CubeIDE/plugins/com.st.stm32cube.ide.mcu.externaltools.gnu-tools-for-stm32.12.3.rel1.win32_1.1.0.202410251130/tools/bin/../lib/gcc/arm-none-eabi/12.3.1/thumb/v7e-m+dp/hard\libgcc.a(_udivmoddi4.o)
                0x080078f4                        __exidx_end = .

.preinit_array  0x080078f4        0x0
                0x080078f4                        PROVIDE (__preinit_array_start = .)
 *(.preinit_array*)
                0x080078f4                        PROVIDE (__preinit_array_end = .)

.init_array     0x080078f4        0x4
                0x080078f4                        PROVIDE (__init_array_start = .)
 *(SORT_BY_NAME(.init_array.*))
 *(.init_array*)
 .init_array    0x080078f4        0x4 C:/ST/STM32CubeIDE_1.17.0/STM32CubeIDE/plugins/com.st.stm32cube.ide.mcu.externaltools.gnu-tools-for-stm32.12.3.rel1.win32_1.1.0.202410251130/tools/bin/../lib/gcc/arm-none-eabi/12.3.1/thumb/v7e-m+dp/hard/crtbegin.o
                0x080078f8                        PROVIDE (__init_array_end = .)

.fini_array     0x080078f8        0x4
                [!provide]                        PROVIDE (__fini_array_start = .)
 *(SORT_BY_NAME(.fini_array.*))
 *(.fini_array*)
 .fini_array    0x080078f8        0x4 C:/ST/STM32CubeIDE_1.17.0/STM32CubeIDE/plugins/com.st.stm32cube.ide.mcu.externaltools.gnu-tools-for-stm32.12.3.rel1.win32_1.1.0.202410251130/tools/bin/../lib/gcc/arm-none-eabi/12.3.1/thumb/v7e-m+dp/hard/crtbegin.o
                [!provide]                        PROVIDE (__fini_array_end = .)
                0x080078fc                        _sidata = LOADADDR (.data)

.rel.dyn        0x080078fc        0x0
 .rel.iplt      0x080078fc        0x0 C:/ST/STM32CubeIDE_1.17.0/STM32CubeIDE/plugins/com.st.stm32cube.ide.mcu.externaltools.gnu-tools-for-stm32.12.3.rel1.win32_1.1.0.202410251130/tools/bin/../lib/gcc/arm-none-eabi/12.3.1/thumb/v7e-m+dp/hard/crtbegin.o

.data           0x24000000    0x2fdd0 load address 0x080078fc
                0x24000000                        . = ALIGN (0x4)
                0x24000000                        _sdata = .
 *(.data)
 *(.data*)
 .data.OSQP_STATUS_MESSAGE
                0x24000000       0x30 ./Core/Src/auxil.o
                0x24000000                OSQP_STATUS_MESSAGE
 .data.CPG_Info
                0x24000030       0x20 ./Core/Src/cpg_workspace.o
                0x24000030                CPG_Info
 .data.CPG_Prim
                0x24000050        0x8 ./Core/Src/cpg_workspace.o
                0x24000050                CPG_Prim
 .data.Canon_Outdated
                0x24000058       0x18 ./Core/Src/cpg_workspace.o
                0x24000058                Canon_Outdated
 .data.Canon_Params
                0x24000070       0x20 ./Core/Src/cpg_workspace.o
                0x24000070                Canon_Params
 .data.canon_u  0x24000090      0xd40 ./Core/Src/cpg_workspace.o
                0x24000090                canon_u
 .data.canon_l  0x24000dd0      0xd40 ./Core/Src/cpg_workspace.o
                0x24000dd0                canon_l
 .data.canon_A  0x24001b10       0x10 ./Core/Src/cpg_workspace.o
                0x24001b10                canon_A
 .data.canon_A_x
                0x24001b20     0x2960 ./Core/Src/cpg_workspace.o
                0x24001b20                canon_A_x
 .data.canon_A_p
                0x24004480      0x5b4 ./Core/Src/cpg_workspace.o
                0x24004480                canon_A_p
 .data.canon_A_i
                0x24004a34     0x14b0 ./Core/Src/cpg_workspace.o
                0x24004a34                canon_A_i
 .data.canon_P  0x24005ee4       0x10 ./Core/Src/cpg_workspace.o
                0x24005ee4                canon_P
 *fill*         0x24005ef4        0x4 
 .data.canon_P_x
                0x24005ef8      0x5a0 ./Core/Src/cpg_workspace.o
                0x24005ef8                canon_P_x
 .data.canon_P_p
                0x24006498      0x5b4 ./Core/Src/cpg_workspace.o
                0x24006498                canon_P_p
 .data.canon_P_i
                0x24006a4c      0x2d0 ./Core/Src/cpg_workspace.o
                0x24006a4c                canon_P_i
 .data.canon_u_map
                0x24006d1c       0x10 ./Core/Src/cpg_workspace.o
                0x24006d1c                canon_u_map
 *fill*         0x24006d2c        0x4 
 .data.canon_u_map_x
                0x24006d30      0x980 ./Core/Src/cpg_workspace.o
                0x24006d30                canon_u_map_x
 .data.canon_u_map_p
                0x240076b0      0x6a4 ./Core/Src/cpg_workspace.o
                0x240076b0                canon_u_map_p
 .data.canon_u_map_i
                0x24007d54      0x4c0 ./Core/Src/cpg_workspace.o
                0x24007d54                canon_u_map_i
 .data.canon_l_map
                0x24008214       0x10 ./Core/Src/cpg_workspace.o
                0x24008214                canon_l_map
 *fill*         0x24008224        0x4 
 .data.canon_l_map_x
                0x24008228      0x7a0 ./Core/Src/cpg_workspace.o
                0x24008228                canon_l_map_x
 .data.canon_l_map_p
                0x240089c8      0x4c4 ./Core/Src/cpg_workspace.o
                0x240089c8                canon_l_map_p
 .data.canon_l_map_i
                0x24008e8c      0x3d0 ./Core/Src/cpg_workspace.o
                0x24008e8c                canon_l_map_i
 .data.canon_A_map
                0x2400925c       0x10 ./Core/Src/cpg_workspace.o
                0x2400925c                canon_A_map
 *fill*         0x2400926c        0x4 
 .data.canon_A_map_x
                0x24009270     0x2960 ./Core/Src/cpg_workspace.o
                0x24009270                canon_A_map_x
 .data.canon_A_map_p
                0x2400bbd0     0x14b4 ./Core/Src/cpg_workspace.o
                0x2400bbd0                canon_A_map_p
 .data.canon_A_map_i
                0x2400d084     0x14b0 ./Core/Src/cpg_workspace.o
                0x2400d084                canon_A_map_i
 *fill*         0x2400e534        0x4 
 .data.cpg_params_vec
                0x2400e538      0x128 ./Core/Src/cpg_workspace.o
                0x2400e538                cpg_params_vec
 .data.cpu_freq
                0x2400e660        0x8 ./Core/Src/main.o
                0x2400e660                cpu_freq
 .data.target   0x2400e668       0x20 ./Core/Src/main.o
                0x2400e668                target
 .data.SystemD2Clock
                0x2400e688        0x4 ./Core/Src/system_stm32h7xx.o
                0x2400e688                SystemD2Clock
 .data.SystemCoreClock
                0x2400e68c        0x4 ./Core/Src/system_stm32h7xx.o
                0x2400e68c                SystemCoreClock
 .data.solver   0x2400e690       0x10 ./Core/Src/workspace.o
                0x2400e690                solver
 .data.work     0x2400e6a0       0xb0 ./Core/Src/workspace.o
                0x2400e6a0                work
 .data.scaling  0x2400e750       0x20 ./Core/Src/workspace.o
                0x2400e750                scaling
 .data.scaling_Einv
                0x2400e770        0x8 ./Core/Src/workspace.o
                0x2400e770                scaling_Einv
 .data.scaling_Einv_val
                0x2400e778      0xd40 ./Core/Src/workspace.o
                0x2400e778                scaling_Einv_val
 .data.scaling_Dinv
                0x2400f4b8        0x8 ./Core/Src/workspace.o
                0x2400f4b8                scaling_Dinv
 .data.scaling_Dinv_val
                0x2400f4c0      0xb60 ./Core/Src/workspace.o
                0x2400f4c0                scaling_Dinv_val
 .data.scaling_E
                0x24010020        0x8 ./Core/Src/workspace.o
                0x24010020                scaling_E
 .data.scaling_E_val
                0x24010028      0xd40 ./Core/Src/workspace.o
                0x24010028                scaling_E_val
 .data.scaling_D
                0x24010d68        0x8 ./Core/Src/workspace.o
                0x24010d68                scaling_D
 .data.scaling_D_val
                0x24010d70      0xb60 ./Core/Src/workspace.o
                0x24010d70                scaling_D_val
 .data.work_E_temp
                0x240118d0        0x8 ./Core/Src/workspace.o
                0x240118d0                work_E_temp
 .data.work_D_temp_A
                0x240118d8        0x8 ./Core/Src/workspace.o
                0x240118d8                work_D_temp_A
 .data.work_D_temp
                0x240118e0        0x8 ./Core/Src/workspace.o
                0x240118e0                work_D_temp
 .data.work_Adelta_x
                0x240118e8        0x8 ./Core/Src/workspace.o
                0x240118e8                work_Adelta_x
 .data.work_Pdelta_x
                0x240118f0        0x8 ./Core/Src/workspace.o
                0x240118f0                work_Pdelta_x
 .data.work_delta_x
                0x240118f8        0x8 ./Core/Src/workspace.o
                0x240118f8                work_delta_x
 .data.work_Atdelta_y
                0x24011900        0x8 ./Core/Src/workspace.o
                0x24011900                work_Atdelta_y
 .data.work_delta_y
                0x24011908        0x8 ./Core/Src/workspace.o
                0x24011908                work_delta_y
 .data.work_Aty
                0x24011910        0x8 ./Core/Src/workspace.o
                0x24011910                work_Aty
 .data.work_Px  0x24011918        0x8 ./Core/Src/workspace.o
                0x24011918                work_Px
 .data.work_Ax  0x24011920        0x8 ./Core/Src/workspace.o
                0x24011920                work_Ax
 .data.work_z_prev
                0x24011928        0x8 ./Core/Src/workspace.o
                0x24011928                work_z_prev
 .data.work_x_prev
                0x24011930        0x8 ./Core/Src/workspace.o
                0x24011930                work_x_prev
 .data.work_ztilde_view
                0x24011938        0x8 ./Core/Src/workspace.o
                0x24011938                work_ztilde_view
 .data.work_xtilde_view
                0x24011940        0x8 ./Core/Src/workspace.o
                0x24011940                work_xtilde_view
 .data.work_xz_tilde
                0x24011948        0x8 ./Core/Src/workspace.o
                0x24011948                work_xz_tilde
 .data.work_z   0x24011950        0x8 ./Core/Src/workspace.o
                0x24011950                work_z
 .data.work_y   0x24011958        0x8 ./Core/Src/workspace.o
                0x24011958                work_y
 .data.work_x   0x24011960        0x8 ./Core/Src/workspace.o
                0x24011960                work_x
 .data.work_constr_type
                0x24011968        0x8 ./Core/Src/workspace.o
                0x24011968                work_constr_type
 .data.work_constr_type_val
                0x24011970      0x6a0 ./Core/Src/workspace.o
                0x24011970                work_constr_type_val
 .data.work_rho_inv_vec
                0x24012010        0x8 ./Core/Src/workspace.o
                0x24012010                work_rho_inv_vec
 .data.work_rho_inv_vec_val
                0x24012018      0xd40 ./Core/Src/workspace.o
                0x24012018                work_rho_inv_vec_val
 .data.work_rho_vec
                0x24012d58        0x8 ./Core/Src/workspace.o
                0x24012d58                work_rho_vec
 .data.work_rho_vec_val
                0x24012d60      0xd40 ./Core/Src/workspace.o
                0x24012d60                work_rho_vec_val
 .data.linsys   0x24013aa0       0x80 ./Core/Src/workspace.o
                0x24013aa0                linsys
 .data.linsys_Lnz
                0x24013b20      0xc50 ./Core/Src/workspace.o
                0x24013b20                linsys_Lnz
 .data.linsys_etree
                0x24014770      0xc50 ./Core/Src/workspace.o
                0x24014770                linsys_etree
 .data.linsys_D
                0x240153c0     0x18a0 ./Core/Src/workspace.o
                0x240153c0                linsys_D
 .data.linsys_rhotoKKT
                0x24016c60      0x6a0 ./Core/Src/workspace.o
                0x24016c60                linsys_rhotoKKT
 .data.linsys_AtoKKT
                0x24017300     0x14b0 ./Core/Src/workspace.o
                0x24017300                linsys_AtoKKT
 .data.linsys_PtoKKT
                0x240187b0      0x2d0 ./Core/Src/workspace.o
                0x240187b0                linsys_PtoKKT
 .data.linsys_KKT
                0x24018a80       0x20 ./Core/Src/workspace.o
                0x24018a80                linsys_KKT
 .data.linsys_KKT_x
                0x24018aa0     0x4200 ./Core/Src/workspace.o
                0x24018aa0                linsys_KKT_x
 .data.linsys_KKT_i
                0x2401cca0     0x2100 ./Core/Src/workspace.o
                0x2401cca0                linsys_KKT_i
 .data.linsys_KKT_p
                0x2401eda0      0xc54 ./Core/Src/workspace.o
                0x2401eda0                linsys_KKT_p
 *fill*         0x2401f9f4        0x4 
 .data.linsys_rho_inv_vec
                0x2401f9f8      0xd40 ./Core/Src/workspace.o
                0x2401f9f8                linsys_rho_inv_vec
 .data.linsys_P
                0x24020738      0xc50 ./Core/Src/workspace.o
                0x24020738                linsys_P
 .data.linsys_Dinv
                0x24021388     0x18a0 ./Core/Src/workspace.o
                0x24021388                linsys_Dinv
 .data.linsys_L
                0x24022c28       0x20 ./Core/Src/workspace.o
                0x24022c28                linsys_L
 .data.linsys_L_x
                0x24022c48     0x39e0 ./Core/Src/workspace.o
                0x24022c48                linsys_L_x
 .data.linsys_L_i
                0x24026628     0x1cf0 ./Core/Src/workspace.o
                0x24026628                linsys_L_i
 .data.linsys_L_p
                0x24028318      0xc54 ./Core/Src/workspace.o
                0x24028318                linsys_L_p
 .data.data     0x24028f6c       0x1c ./Core/Src/workspace.o
                0x24028f6c                data
 .data.data_u   0x24028f88        0x8 ./Core/Src/workspace.o
                0x24028f88                data_u
 .data.data_u_val
                0x24028f90      0xd40 ./Core/Src/workspace.o
                0x24028f90                data_u_val
 .data.data_l   0x24029cd0        0x8 ./Core/Src/workspace.o
                0x24029cd0                data_l
 .data.data_l_val
                0x24029cd8      0xd40 ./Core/Src/workspace.o
                0x24029cd8                data_l_val
 .data.data_q   0x2402aa18        0x8 ./Core/Src/workspace.o
                0x2402aa18                data_q
 .data.data_A   0x2402aa20        0x8 ./Core/Src/workspace.o
                0x2402aa20                data_A
 .data.data_A_csc
                0x2402aa28       0x20 ./Core/Src/workspace.o
                0x2402aa28                data_A_csc
 .data.data_A_csc_x
                0x2402aa48     0x2960 ./Core/Src/workspace.o
                0x2402aa48                data_A_csc_x
 .data.data_A_csc_i
                0x2402d3a8     0x14b0 ./Core/Src/workspace.o
                0x2402d3a8                data_A_csc_i
 .data.data_A_csc_p
                0x2402e858      0x5b4 ./Core/Src/workspace.o
                0x2402e858                data_A_csc_p
 .data.data_P   0x2402ee0c        0x8 ./Core/Src/workspace.o
                0x2402ee0c                data_P
 .data.data_P_csc
                0x2402ee14       0x20 ./Core/Src/workspace.o
                0x2402ee14                data_P_csc
 *fill*         0x2402ee34        0x4 
 .data.data_P_csc_x
                0x2402ee38      0x5a0 ./Core/Src/workspace.o
                0x2402ee38                data_P_csc_x
 .data.data_P_csc_i
                0x2402f3d8      0x2d0 ./Core/Src/workspace.o
                0x2402f3d8                data_P_csc_i
 .data.data_P_csc_p
                0x2402f6a8      0x5b4 ./Core/Src/workspace.o
                0x2402f6a8                data_P_csc_p
 *fill*         0x2402fc5c        0x4 
 .data.info     0x2402fc60       0x98 ./Core/Src/workspace.o
                0x2402fc60                info
 .data.sol      0x2402fcf8       0x10 ./Core/Src/workspace.o
                0x2402fcf8                sol
 .data.settings
                0x2402fd08       0xc0 ./Core/Src/workspace.o
                0x2402fd08                settings
 .data.uwTickFreq
                0x2402fdc8        0x1 ./Drivers/STM32H7xx_HAL_Driver/Src/stm32h7xx_hal.o
                0x2402fdc8                uwTickFreq
 *fill*         0x2402fdc9        0x3 
 .data.uwTickPrio
                0x2402fdcc        0x4 ./Drivers/STM32H7xx_HAL_Driver/Src/stm32h7xx_hal.o
                0x2402fdcc                uwTickPrio
 *(.RamFunc)
 *(.RamFunc*)
                0x2402fdd0                        . = ALIGN (0x4)
                0x2402fdd0                        _edata = .

.igot.plt       0x2402fdd0        0x0 load address 0x080376cc
 .igot.plt      0x2402fdd0        0x0 C:/ST/STM32CubeIDE_1.17.0/STM32CubeIDE/plugins/com.st.stm32cube.ide.mcu.externaltools.gnu-tools-for-stm32.12.3.rel1.win32_1.1.0.202410251130/tools/bin/../lib/gcc/arm-none-eabi/12.3.1/thumb/v7e-m+dp/hard/crtbegin.o
                0x2402fdd0                        . = ALIGN (0x4)

.bss            0x2402fdd0    0x1a334 load address 0x080376cc
                0x2402fdd0                        _sbss = .
                0x2402fdd0                        __bss_start__ = _sbss
 *(.bss)
 .bss           0x2402fdd0       0x1c C:/ST/STM32CubeIDE_1.17.0/STM32CubeIDE/plugins/com.st.stm32cube.ide.mcu.externaltools.gnu-tools-for-stm32.12.3.rel1.win32_1.1.0.202410251130/tools/bin/../lib/gcc/arm-none-eabi/12.3.1/thumb/v7e-m+dp/hard/crtbegin.o
 *(.bss*)
 .bss.j         0x2402fdec        0x4 ./Core/Src/cpg_solve.o
 .bss.i         0x2402fdf0        0x4 ./Core/Src/cpg_solve.o
 *fill*         0x2402fdf4        0x4 
 .bss.canon_q   0x2402fdf8      0xb60 ./Core/Src/cpg_workspace.o
                0x2402fdf8                canon_q
 .bss.active_k_pump
                0x24030958       0x10 ./Core/Src/main.o
                0x24030958                active_k_pump
 .bss.active_gamma
                0x24030968       0x10 ./Core/Src/main.o
                0x24030968                active_gamma
 .bss.end_cycles
                0x24030978        0x4 ./Core/Src/main.o
                0x24030978                end_cycles
 .bss.start_cycles
                0x2403097c        0x4 ./Core/Src/main.o
                0x2403097c                start_cycles
 .bss.d_flat    0x24030980       0x20 ./Core/Src/main.o
                0x24030980                d_flat
 .bss.B_flat    0x240309a0       0x40 ./Core/Src/main.o
                0x240309a0                B_flat
 .bss.A_flat    0x240309e0       0x80 ./Core/Src/main.o
                0x240309e0                A_flat
 .bss.u_applied
                0x24030a60       0x10 ./Core/Src/main.o
                0x24030a60                u_applied
 .bss.u_outputs
                0x24030a70        0xc ./Core/Src/main.o
                0x24030a70                u_outputs
 .bss.h_inputs  0x24030a7c       0x10 ./Core/Src/main.o
                0x24030a7c                h_inputs
 .bss.rx_buffer
                0x24030a8c       0x11 ./Core/Src/main.o
                0x24030a8c                rx_buffer
 *fill*         0x24030a9d        0x3 
 .bss.ekf       0x24030aa0      0x248 ./Core/Src/main.o
                0x24030aa0                ekf
 .bss.huart3    0x24030ce8       0x94 ./Core/Src/main.o
                0x24030ce8                huart3
 *fill*         0x24030d7c        0x4 
 .bss.work_E_temp_val
                0x24030d80      0xd40 ./Core/Src/workspace.o
                0x24030d80                work_E_temp_val
 .bss.work_D_temp_A_val
                0x24031ac0      0xb60 ./Core/Src/workspace.o
                0x24031ac0                work_D_temp_A_val
 .bss.work_D_temp_val
                0x24032620      0xb60 ./Core/Src/workspace.o
                0x24032620                work_D_temp_val
 .bss.work_Adelta_x_val
                0x24033180      0xd40 ./Core/Src/workspace.o
                0x24033180                work_Adelta_x_val
 .bss.work_Pdelta_x_val
                0x24033ec0      0xb60 ./Core/Src/workspace.o
                0x24033ec0                work_Pdelta_x_val
 .bss.work_delta_x_val
                0x24034a20      0xb60 ./Core/Src/workspace.o
                0x24034a20                work_delta_x_val
 .bss.work_Atdelta_y_val
                0x24035580      0xb60 ./Core/Src/workspace.o
                0x24035580                work_Atdelta_y_val
 .bss.work_delta_y_val
                0x240360e0      0xd40 ./Core/Src/workspace.o
                0x240360e0                work_delta_y_val
 .bss.work_Aty_val
                0x24036e20      0xb60 ./Core/Src/workspace.o
                0x24036e20                work_Aty_val
 .bss.work_Px_val
                0x24037980      0xb60 ./Core/Src/workspace.o
                0x24037980                work_Px_val
 .bss.work_Ax_val
                0x240384e0      0xd40 ./Core/Src/workspace.o
                0x240384e0                work_Ax_val
 .bss.work_z_prev_val
                0x24039220      0xd40 ./Core/Src/workspace.o
                0x24039220                work_z_prev_val
 .bss.work_x_prev_val
                0x24039f60      0xb60 ./Core/Src/workspace.o
                0x24039f60                work_x_prev_val
 .bss.work_xz_tilde_val
                0x2403aac0     0x18a0 ./Core/Src/workspace.o
                0x2403aac0                work_xz_tilde_val
 .bss.work_z_val
                0x2403c360      0xd40 ./Core/Src/workspace.o
                0x2403c360                work_z_val
 .bss.work_y_val
                0x2403d0a0      0xd40 ./Core/Src/workspace.o
                0x2403d0a0                work_y_val
 .bss.work_x_val
                0x2403dde0      0xb60 ./Core/Src/workspace.o
                0x2403dde0                work_x_val
 .bss.linsys_fwork
                0x2403e940     0x18a0 ./Core/Src/workspace.o
                0x2403e940                linsys_fwork
 .bss.linsys_bwork
                0x240401e0      0xc50 ./Core/Src/workspace.o
                0x240401e0                linsys_bwork
 .bss.linsys_iwork
                0x24040e30     0x24f0 ./Core/Src/workspace.o
                0x24040e30                linsys_iwork
 .bss.linsys_sol
                0x24043320     0x18a0 ./Core/Src/workspace.o
                0x24043320                linsys_sol
 .bss.linsys_bp
                0x24044bc0     0x18a0 ./Core/Src/workspace.o
                0x24044bc0                linsys_bp
 .bss.data_q_val
                0x24046460      0xb60 ./Core/Src/workspace.o
                0x24046460                data_q_val
 .bss.sol_dual_inf_cert
                0x24046fc0      0xb60 ./Core/Src/workspace.o
                0x24046fc0                sol_dual_inf_cert
 .bss.sol_prim_inf_cert
                0x24047b20      0xd40 ./Core/Src/workspace.o
                0x24047b20                sol_prim_inf_cert
 .bss.sol_y     0x24048860      0xd40 ./Core/Src/workspace.o
                0x24048860                sol_y
 .bss.sol_x     0x240495a0      0xb60 ./Core/Src/workspace.o
                0x240495a0                sol_x
 .bss.uwTick    0x2404a100        0x4 ./Drivers/STM32H7xx_HAL_Driver/Src/stm32h7xx_hal.o
                0x2404a100                uwTick
 *(COMMON)
                0x2404a104                        . = ALIGN (0x4)
                0x2404a104                        _ebss = .
                0x2404a104                        __bss_end__ = _ebss

._user_heap_stack
                0x2404a104     0x6004 load address 0x080376cc
                0x2404a108                        . = ALIGN (0x8)
 *fill*         0x2404a104        0x4 
                [!provide]                        PROVIDE (end = .)
                0x2404a108                        PROVIDE (_end = .)
                0x2404e108                        . = (. + _Min_Heap_Size)
 *fill*         0x2404a108     0x4000 
                0x24050108                        . = (. + _Min_Stack_Size)
 *fill*         0x2404e108     0x2000 
                0x24050108                        . = ALIGN (0x8)

/DISCARD/
 libc.a(*)
 libm.a(*)
 libgcc.a(*)

.ARM.attributes
                0x00000000       0x2e
 *(.ARM.attributes)
 .ARM.attributes
                0x00000000       0x20 C:/ST/STM32CubeIDE_1.17.0/STM32CubeIDE/plugins/com.st.stm32cube.ide.mcu.externaltools.gnu-tools-for-stm32.12.3.rel1.win32_1.1.0.202410251130/tools/bin/../lib/gcc/arm-none-eabi/12.3.1/thumb/v7e-m+dp/hard/crti.o
 .ARM.attributes
                0x00000020       0x32 C:/ST/STM32CubeIDE_1.17.0/STM32CubeIDE/plugins/com.st.stm32cube.ide.mcu.externaltools.gnu-tools-for-stm32.12.3.rel1.win32_1.1.0.202410251130/tools/bin/../lib/gcc/arm-none-eabi/12.3.1/thumb/v7e-m+dp/hard/crtbegin.o
 .ARM.attributes
                0x00000052       0x2e ./Core/Src/arm_mat_inverse_f64.o
 .ARM.attributes
                0x00000080       0x2e ./Core/Src/arm_mat_mult_f64.o
 .ARM.attributes
                0x000000ae       0x2e ./Core/Src/arm_mat_sub_f64.o
 .ARM.attributes
                0x000000dc       0x2e ./Core/Src/arm_mat_trans_f64.o
 .ARM.attributes
                0x0000010a       0x2e ./Core/Src/auxil.o
 .ARM.attributes
                0x00000138       0x2e ./Core/Src/cpg_solve.o
 .ARM.attributes
                0x00000166       0x2e ./Core/Src/cpg_workspace.o
 .ARM.attributes
                0x00000194       0x2e ./Core/Src/csc_math.o
 .ARM.attributes
                0x000001c2       0x2e ./Core/Src/ekf.o
 .ARM.attributes
                0x000001f0       0x2e ./Core/Src/error.o
 .ARM.attributes
                0x0000021e       0x2e ./Core/Src/kkt.o
 .ARM.attributes
                0x0000024c       0x2e ./Core/Src/main.o
 .ARM.attributes
                0x0000027a       0x2e ./Core/Src/matrix.o
 .ARM.attributes
                0x000002a8       0x2e ./Core/Src/model_calc.o
 .ARM.attributes
                0x000002d6       0x2e ./Core/Src/mpc_runner.o
 .ARM.attributes
                0x00000304       0x2e ./Core/Src/osqp_api.o
 .ARM.attributes
                0x00000332       0x2e ./Core/Src/qdldl.o
 .ARM.attributes
                0x00000360       0x2e ./Core/Src/qdldl_interface.o
 .ARM.attributes
                0x0000038e       0x2e ./Core/Src/scaling.o
 .ARM.attributes
                0x000003bc       0x2e ./Core/Src/stm32h7xx_hal_msp.o
 .ARM.attributes
                0x000003ea       0x2e ./Core/Src/stm32h7xx_it.o
 .ARM.attributes
                0x00000418       0x2e ./Core/Src/system_stm32h7xx.o
 .ARM.attributes
                0x00000446       0x2e ./Core/Src/util.o
 .ARM.attributes
                0x00000474       0x2e ./Core/Src/vector.o
 .ARM.attributes
                0x000004a2       0x2e ./Core/Src/workspace.o
 .ARM.attributes
                0x000004d0       0x21 ./Core/Startup/startup_stm32h753zitx.o
 .ARM.attributes
                0x000004f1       0x2e ./Drivers/STM32H7xx_HAL_Driver/Src/stm32h7xx_hal.o
 .ARM.attributes
                0x0000051f       0x2e ./Drivers/STM32H7xx_HAL_Driver/Src/stm32h7xx_hal_cortex.o
 .ARM.attributes
                0x0000054d       0x2e ./Drivers/STM32H7xx_HAL_Driver/Src/stm32h7xx_hal_gpio.o
 .ARM.attributes
                0x0000057b       0x2e ./Drivers/STM32H7xx_HAL_Driver/Src/stm32h7xx_hal_pwr_ex.o
 .ARM.attributes
                0x000005a9       0x2e ./Drivers/STM32H7xx_HAL_Driver/Src/stm32h7xx_hal_rcc.o
 .ARM.attributes
                0x000005d7       0x2e ./Drivers/STM32H7xx_HAL_Driver/Src/stm32h7xx_hal_rcc_ex.o
 .ARM.attributes
                0x00000605       0x2e ./Drivers/STM32H7xx_HAL_Driver/Src/stm32h7xx_hal_uart.o
 .ARM.attributes
                0x00000633       0x2e ./Drivers/STM32H7xx_HAL_Driver/Src/stm32h7xx_hal_uart_ex.o
 .ARM.attributes
                0x00000661       0x32 C:/ST/STM32CubeIDE_1.17.0/STM32CubeIDE/plugins/com.st.stm32cube.ide.mcu.externaltools.gnu-tools-for-stm32.12.3.rel1.win32_1.1.0.202410251130/tools/bin/../lib/gcc/arm-none-eabi/12.3.1/../../../../arm-none-eabi/lib/thumb/v7e-m+dp/hard\libc_nano.a(libc_a-memset.o)
 .ARM.attributes
                0x00000693       0x32 C:/ST/STM32CubeIDE_1.17.0/STM32CubeIDE/plugins/com.st.stm32cube.ide.mcu.externaltools.gnu-tools-for-stm32.12.3.rel1.win32_1.1.0.202410251130/tools/bin/../lib/gcc/arm-none-eabi/12.3.1/../../../../arm-none-eabi/lib/thumb/v7e-m+dp/hard\libc_nano.a(libc_a-init.o)
 .ARM.attributes
                0x000006c5       0x20 C:/ST/STM32CubeIDE_1.17.0/STM32CubeIDE/plugins/com.st.stm32cube.ide.mcu.externaltools.gnu-tools-for-stm32.12.3.rel1.win32_1.1.0.202410251130/tools/bin/../lib/gcc/arm-none-eabi/12.3.1/thumb/v7e-m+dp/hard\libgcc.a(_aeabi_uldivmod.o)
 .ARM.attributes
                0x000006e5       0x32 C:/ST/STM32CubeIDE_1.17.0/STM32CubeIDE/plugins/com.st.stm32cube.ide.mcu.externaltools.gnu-tools-for-stm32.12.3.rel1.win32_1.1.0.202410251130/tools/bin/../lib/gcc/arm-none-eabi/12.3.1/thumb/v7e-m+dp/hard\libgcc.a(_udivmoddi4.o)
 .ARM.attributes
                0x00000717       0x20 C:/ST/STM32CubeIDE_1.17.0/STM32CubeIDE/plugins/com.st.stm32cube.ide.mcu.externaltools.gnu-tools-for-stm32.12.3.rel1.win32_1.1.0.202410251130/tools/bin/../lib/gcc/arm-none-eabi/12.3.1/thumb/v7e-m+dp/hard\libgcc.a(_dvmd_tls.o)
 .ARM.attributes
                0x00000737       0x20 C:/ST/STM32CubeIDE_1.17.0/STM32CubeIDE/plugins/com.st.stm32cube.ide.mcu.externaltools.gnu-tools-for-stm32.12.3.rel1.win32_1.1.0.202410251130/tools/bin/../lib/gcc/arm-none-eabi/12.3.1/thumb/v7e-m+dp/hard/crtn.o
OUTPUT(QT_HIL_Clean.elf elf32-littlearm)
LOAD linker stubs
LOAD C:/ST/STM32CubeIDE_1.17.0/STM32CubeIDE/plugins/com.st.stm32cube.ide.mcu.externaltools.gnu-tools-for-stm32.12.3.rel1.win32_1.1.0.202410251130/tools/bin/../lib/gcc/arm-none-eabi/12.3.1/../../../../arm-none-eabi/lib/thumb/v7e-m+dp/hard\libc.a
LOAD C:/ST/STM32CubeIDE_1.17.0/STM32CubeIDE/plugins/com.st.stm32cube.ide.mcu.externaltools.gnu-tools-for-stm32.12.3.rel1.win32_1.1.0.202410251130/tools/bin/../lib/gcc/arm-none-eabi/12.3.1/../../../../arm-none-eabi/lib/thumb/v7e-m+dp/hard\libm.a
LOAD C:/ST/STM32CubeIDE_1.17.0/STM32CubeIDE/plugins/com.st.stm32cube.ide.mcu.externaltools.gnu-tools-for-stm32.12.3.rel1.win32_1.1.0.202410251130/tools/bin/../lib/gcc/arm-none-eabi/12.3.1/thumb/v7e-m+dp/hard\libgcc.a

.debug_info     0x00000000    0x23f6a
 .debug_info    0x00000000      0x630 ./Core/Src/arm_mat_inverse_f64.o
 .debug_info    0x00000630      0x2e1 ./Core/Src/arm_mat_mult_f64.o
 .debug_info    0x00000911      0x220 ./Core/Src/arm_mat_sub_f64.o
 .debug_info    0x00000b31      0x24c ./Core/Src/arm_mat_trans_f64.o
 .debug_info    0x00000d7d     0x24f4 ./Core/Src/auxil.o
 .debug_info    0x00003271      0xa1a ./Core/Src/cpg_solve.o
 .debug_info    0x00003c8b      0xac9 ./Core/Src/cpg_workspace.o
 .debug_info    0x00004754      0xcc7 ./Core/Src/csc_math.o
 .debug_info    0x0000541b      0xe6b ./Core/Src/ekf.o
 .debug_info    0x00006286      0x1be ./Core/Src/error.o
 .debug_info    0x00006444      0x333 ./Core/Src/kkt.o
 .debug_info    0x00006777     0x255b ./Core/Src/main.o
 .debug_info    0x00008cd2      0x87e ./Core/Src/matrix.o
 .debug_info    0x00009550      0x80b ./Core/Src/model_calc.o
 .debug_info    0x00009d5b      0x439 ./Core/Src/mpc_runner.o
 .debug_info    0x0000a194     0x1d7e ./Core/Src/osqp_api.o
 .debug_info    0x0000bf12      0x765 ./Core/Src/qdldl.o
 .debug_info    0x0000c677      0xb90 ./Core/Src/qdldl_interface.o
 .debug_info    0x0000d207     0x1155 ./Core/Src/scaling.o
 .debug_info    0x0000e35c     0x10de ./Core/Src/stm32h7xx_hal_msp.o
 .debug_info    0x0000f43a      0x12a ./Core/Src/stm32h7xx_it.o
 .debug_info    0x0000f564      0xddf ./Core/Src/system_stm32h7xx.o
 .debug_info    0x00010343       0xe5 ./Core/Src/util.o
 .debug_info    0x00010428     0x1538 ./Core/Src/vector.o
 .debug_info    0x00011960     0x14d4 ./Core/Src/workspace.o
 .debug_info    0x00012e34       0x30 ./Core/Startup/startup_stm32h753zitx.o
 .debug_info    0x00012e64     0x1677 ./Drivers/STM32H7xx_HAL_Driver/Src/stm32h7xx_hal.o
 .debug_info    0x000144db     0x134e ./Drivers/STM32H7xx_HAL_Driver/Src/stm32h7xx_hal_cortex.o
 .debug_info    0x00015829      0xc9e ./Drivers/STM32H7xx_HAL_Driver/Src/stm32h7xx_hal_gpio.o
 .debug_info    0x000164c7     0x1175 ./Drivers/STM32H7xx_HAL_Driver/Src/stm32h7xx_hal_pwr_ex.o
 .debug_info    0x0001763c     0x1376 ./Drivers/STM32H7xx_HAL_Driver/Src/stm32h7xx_hal_rcc.o
 .debug_info    0x000189b2     0x2493 ./Drivers/STM32H7xx_HAL_Driver/Src/stm32h7xx_hal_rcc_ex.o
 .debug_info    0x0001ae45     0x7d68 ./Drivers/STM32H7xx_HAL_Driver/Src/stm32h7xx_hal_uart.o
 .debug_info    0x00022bad     0x13bd ./Drivers/STM32H7xx_HAL_Driver/Src/stm32h7xx_hal_uart_ex.o

.debug_abbrev   0x00000000     0x4cc8
 .debug_abbrev  0x00000000      0x168 ./Core/Src/arm_mat_inverse_f64.o
 .debug_abbrev  0x00000168       0xff ./Core/Src/arm_mat_mult_f64.o
 .debug_abbrev  0x00000267       0xfb ./Core/Src/arm_mat_sub_f64.o
 .debug_abbrev  0x00000362       0xfe ./Core/Src/arm_mat_trans_f64.o
 .debug_abbrev  0x00000460      0x4b2 ./Core/Src/auxil.o
 .debug_abbrev  0x00000912      0x1f7 ./Core/Src/cpg_solve.o
 .debug_abbrev  0x00000b09      0x10c ./Core/Src/cpg_workspace.o
 .debug_abbrev  0x00000c15      0x281 ./Core/Src/csc_math.o
 .debug_abbrev  0x00000e96      0x317 ./Core/Src/ekf.o
 .debug_abbrev  0x000011ad       0xee ./Core/Src/error.o
 .debug_abbrev  0x0000129b      0x13d ./Core/Src/kkt.o
 .debug_abbrev  0x000013d8      0x451 ./Core/Src/main.o
 .debug_abbrev  0x00001829      0x1a5 ./Core/Src/matrix.o
 .debug_abbrev  0x000019ce      0x22b ./Core/Src/model_calc.o
 .debug_abbrev  0x00001bf9      0x184 ./Core/Src/mpc_runner.o
 .debug_abbrev  0x00001d7d      0x433 ./Core/Src/osqp_api.o
 .debug_abbrev  0x000021b0      0x1ec ./Core/Src/qdldl.o
 .debug_abbrev  0x0000239c      0x2ae ./Core/Src/qdldl_interface.o
 .debug_abbrev  0x0000264a      0x29b ./Core/Src/scaling.o
 .debug_abbrev  0x000028e5      0x225 ./Core/Src/stm32h7xx_hal_msp.o
 .debug_abbrev  0x00002b0a       0xb6 ./Core/Src/stm32h7xx_it.o
 .debug_abbrev  0x00002bc0      0x16b ./Core/Src/system_stm32h7xx.o
 .debug_abbrev  0x00002d2b       0x80 ./Core/Src/util.o
 .debug_abbrev  0x00002dab      0x265 ./Core/Src/vector.o
 .debug_abbrev  0x00003010      0x187 ./Core/Src/workspace.o
 .debug_abbrev  0x00003197       0x24 ./Core/Startup/startup_stm32h753zitx.o
 .debug_abbrev  0x000031bb      0x315 ./Drivers/STM32H7xx_HAL_Driver/Src/stm32h7xx_hal.o
 .debug_abbrev  0x000034d0      0x3a4 ./Drivers/STM32H7xx_HAL_Driver/Src/stm32h7xx_hal_cortex.o
 .debug_abbrev  0x00003874      0x268 ./Drivers/STM32H7xx_HAL_Driver/Src/stm32h7xx_hal_gpio.o
 .debug_abbrev  0x00003adc      0x306 ./Drivers/STM32H7xx_HAL_Driver/Src/stm32h7xx_hal_pwr_ex.o
 .debug_abbrev  0x00003de2      0x32b ./Drivers/STM32H7xx_HAL_Driver/Src/stm32h7xx_hal_rcc.o
 .debug_abbrev  0x0000410d      0x369 ./Drivers/STM32H7xx_HAL_Driver/Src/stm32h7xx_hal_rcc_ex.o
 .debug_abbrev  0x00004476      0x4f2 ./Drivers/STM32H7xx_HAL_Driver/Src/stm32h7xx_hal_uart.o
 .debug_abbrev  0x00004968      0x360 ./Drivers/STM32H7xx_HAL_Driver/Src/stm32h7xx_hal_uart_ex.o

.debug_loclists
                0x00000000     0xeeee
 .debug_loclists
                0x00000000      0x678 ./Core/Src/arm_mat_inverse_f64.o
 .debug_loclists
                0x00000678      0x350 ./Core/Src/arm_mat_mult_f64.o
 .debug_loclists
                0x000009c8       0xd6 ./Core/Src/arm_mat_sub_f64.o
 .debug_loclists
                0x00000a9e      0x17c ./Core/Src/arm_mat_trans_f64.o
 .debug_loclists
                0x00000c1a     0x157a ./Core/Src/auxil.o
 .debug_loclists
                0x00002194      0xd09 ./Core/Src/csc_math.o
 .debug_loclists
                0x00002e9d      0x5c8 ./Core/Src/ekf.o
 .debug_loclists
                0x00003465      0x3bb ./Core/Src/kkt.o
 .debug_loclists
                0x00003820       0x5c ./Core/Src/main.o
 .debug_loclists
                0x0000387c      0x3fd ./Core/Src/matrix.o
 .debug_loclists
                0x00003c79      0x450 ./Core/Src/model_calc.o
 .debug_loclists
                0x000040c9      0x15f ./Core/Src/mpc_runner.o
 .debug_loclists
                0x00004228      0xc6b ./Core/Src/osqp_api.o
 .debug_loclists
                0x00004e93      0xa65 ./Core/Src/qdldl.o
 .debug_loclists
                0x000058f8      0x30d ./Core/Src/qdldl_interface.o
 .debug_loclists
                0x00005c05      0x2fd ./Core/Src/scaling.o
 .debug_loclists
                0x00005f02       0x4b ./Core/Src/stm32h7xx_hal_msp.o
 .debug_loclists
                0x00005f4d      0x103 ./Core/Src/system_stm32h7xx.o
 .debug_loclists
                0x00006050       0x71 ./Core/Src/util.o
 .debug_loclists
                0x000060c1     0x1293 ./Core/Src/vector.o
 .debug_loclists
                0x00007354      0x25b ./Drivers/STM32H7xx_HAL_Driver/Src/stm32h7xx_hal.o
 .debug_loclists
                0x000075af      0x4df ./Drivers/STM32H7xx_HAL_Driver/Src/stm32h7xx_hal_cortex.o
 .debug_loclists
                0x00007a8e      0x319 ./Drivers/STM32H7xx_HAL_Driver/Src/stm32h7xx_hal_gpio.o
 .debug_loclists
                0x00007da7      0x2e8 ./Drivers/STM32H7xx_HAL_Driver/Src/stm32h7xx_hal_pwr_ex.o
 .debug_loclists
                0x0000808f      0x716 ./Drivers/STM32H7xx_HAL_Driver/Src/stm32h7xx_hal_rcc.o
 .debug_loclists
                0x000087a5     0x153a ./Drivers/STM32H7xx_HAL_Driver/Src/stm32h7xx_hal_rcc_ex.o
 .debug_loclists
                0x00009cdf     0x491b ./Drivers/STM32H7xx_HAL_Driver/Src/stm32h7xx_hal_uart.o
 .debug_loclists
                0x0000e5fa      0x8f4 ./Drivers/STM32H7xx_HAL_Driver/Src/stm32h7xx_hal_uart_ex.o

.debug_aranges  0x00000000     0x1088
 .debug_aranges
                0x00000000       0x20 ./Core/Src/arm_mat_inverse_f64.o
 .debug_aranges
                0x00000020       0x20 ./Core/Src/arm_mat_mult_f64.o
 .debug_aranges
                0x00000040       0x20 ./Core/Src/arm_mat_sub_f64.o
 .debug_aranges
                0x00000060       0x20 ./Core/Src/arm_mat_trans_f64.o
 .debug_aranges
                0x00000080       0xb8 ./Core/Src/auxil.o
 .debug_aranges
                0x00000138       0xb0 ./Core/Src/cpg_solve.o
 .debug_aranges
                0x000001e8       0x18 ./Core/Src/cpg_workspace.o
 .debug_aranges
                0x00000200       0x88 ./Core/Src/csc_math.o
 .debug_aranges
                0x00000288       0x38 ./Core/Src/ekf.o
 .debug_aranges
                0x000002c0       0x28 ./Core/Src/error.o
 .debug_aranges
                0x000002e8       0x30 ./Core/Src/kkt.o
 .debug_aranges
                0x00000318       0x40 ./Core/Src/main.o
 .debug_aranges
                0x00000358       0x98 ./Core/Src/matrix.o
 .debug_aranges
                0x000003f0       0x48 ./Core/Src/model_calc.o
 .debug_aranges
                0x00000438       0x20 ./Core/Src/mpc_runner.o
 .debug_aranges
                0x00000458       0xb0 ./Core/Src/osqp_api.o
 .debug_aranges
                0x00000508       0x40 ./Core/Src/qdldl.o
 .debug_aranges
                0x00000548       0x48 ./Core/Src/qdldl_interface.o
 .debug_aranges
                0x00000590       0x48 ./Core/Src/scaling.o
 .debug_aranges
                0x000005d8       0x30 ./Core/Src/stm32h7xx_hal_msp.o
 .debug_aranges
                0x00000608       0x60 ./Core/Src/stm32h7xx_it.o
 .debug_aranges
                0x00000668       0x30 ./Core/Src/system_stm32h7xx.o
 .debug_aranges
                0x00000698       0x20 ./Core/Src/util.o
 .debug_aranges
                0x000006b8      0x128 ./Core/Src/vector.o
 .debug_aranges
                0x000007e0       0x18 ./Core/Src/workspace.o
 .debug_aranges
                0x000007f8       0x28 ./Core/Startup/startup_stm32h753zitx.o
 .debug_aranges
                0x00000820      0x198 ./Drivers/STM32H7xx_HAL_Driver/Src/stm32h7xx_hal.o
 .debug_aranges
                0x000009b8       0xc0 ./Drivers/STM32H7xx_HAL_Driver/Src/stm32h7xx_hal_cortex.o
 .debug_aranges
                0x00000a78       0x58 ./Drivers/STM32H7xx_HAL_Driver/Src/stm32h7xx_hal_gpio.o
 .debug_aranges
                0x00000ad0      0x158 ./Drivers/STM32H7xx_HAL_Driver/Src/stm32h7xx_hal_pwr_ex.o
 .debug_aranges
                0x00000c28       0x90 ./Drivers/STM32H7xx_HAL_Driver/Src/stm32h7xx_hal_rcc.o
 .debug_aranges
                0x00000cb8       0xf8 ./Drivers/STM32H7xx_HAL_Driver/Src/stm32h7xx_hal_rcc_ex.o
 .debug_aranges
                0x00000db0      0x240 ./Drivers/STM32H7xx_HAL_Driver/Src/stm32h7xx_hal_uart.o
 .debug_aranges
                0x00000ff0       0x98 ./Drivers/STM32H7xx_HAL_Driver/Src/stm32h7xx_hal_uart_ex.o

.debug_rnglists
                0x00000000     0x1811
 .debug_rnglists
                0x00000000       0x61 ./Core/Src/arm_mat_inverse_f64.o
 .debug_rnglists
                0x00000061       0x14 ./Core/Src/arm_mat_mult_f64.o
 .debug_rnglists
                0x00000075       0x13 ./Core/Src/arm_mat_sub_f64.o
 .debug_rnglists
                0x00000088       0x13 ./Core/Src/arm_mat_trans_f64.o
 .debug_rnglists
                0x0000009b      0x12d ./Core/Src/auxil.o
 .debug_rnglists
                0x000001c8       0x8f ./Core/Src/cpg_solve.o
 .debug_rnglists
                0x00000257       0x7d ./Core/Src/csc_math.o
 .debug_rnglists
                0x000002d4      0x118 ./Core/Src/ekf.o
 .debug_rnglists
                0x000003ec       0x19 ./Core/Src/error.o
 .debug_rnglists
                0x00000405       0x20 ./Core/Src/kkt.o
 .debug_rnglists
                0x00000425       0x94 ./Core/Src/main.o
 .debug_rnglists
                0x000004b9       0x6d ./Core/Src/matrix.o
 .debug_rnglists
                0x00000526       0xc0 ./Core/Src/model_calc.o
 .debug_rnglists
                0x000005e6       0x41 ./Core/Src/mpc_runner.o
 .debug_rnglists
                0x00000627       0x86 ./Core/Src/osqp_api.o
 .debug_rnglists
                0x000006ad       0x52 ./Core/Src/qdldl.o
 .debug_rnglists
                0x000006ff       0x47 ./Core/Src/qdldl_interface.o
 .debug_rnglists
                0x00000746       0x6a ./Core/Src/scaling.o
 .debug_rnglists
                0x000007b0       0x47 ./Core/Src/stm32h7xx_hal_msp.o
 .debug_rnglists
                0x000007f7       0x43 ./Core/Src/stm32h7xx_it.o
 .debug_rnglists
                0x0000083a       0x21 ./Core/Src/system_stm32h7xx.o
 .debug_rnglists
                0x0000085b       0x13 ./Core/Src/util.o
 .debug_rnglists
                0x0000086e       0xdb ./Core/Src/vector.o
 .debug_rnglists
                0x00000949       0x19 ./Core/Startup/startup_stm32h753zitx.o
 .debug_rnglists
                0x00000962      0x12e ./Drivers/STM32H7xx_HAL_Driver/Src/stm32h7xx_hal.o
 .debug_rnglists
                0x00000a90       0xf4 ./Drivers/STM32H7xx_HAL_Driver/Src/stm32h7xx_hal_cortex.o
 .debug_rnglists
                0x00000b84       0x54 ./Drivers/STM32H7xx_HAL_Driver/Src/stm32h7xx_hal_gpio.o
 .debug_rnglists
                0x00000bd8      0x149 ./Drivers/STM32H7xx_HAL_Driver/Src/stm32h7xx_hal_pwr_ex.o
 .debug_rnglists
                0x00000d21      0x15a ./Drivers/STM32H7xx_HAL_Driver/Src/stm32h7xx_hal_rcc.o
 .debug_rnglists
                0x00000e7b      0x22b ./Drivers/STM32H7xx_HAL_Driver/Src/stm32h7xx_hal_rcc_ex.o
 .debug_rnglists
                0x000010a6      0x6c6 ./Drivers/STM32H7xx_HAL_Driver/Src/stm32h7xx_hal_uart.o
 .debug_rnglists
                0x0000176c       0xa5 ./Drivers/STM32H7xx_HAL_Driver/Src/stm32h7xx_hal_uart_ex.o

.debug_macro    0x00000000    0x36765
 .debug_macro   0x00000000      0x1f6 ./Core/Src/arm_mat_inverse_f64.o
 .debug_macro   0x000001f6       0x10 ./Core/Src/arm_mat_inverse_f64.o
 .debug_macro   0x00000206      0x1ed ./Core/Src/arm_mat_mult_f64.o
 .debug_macro   0x000003f3      0x1ed ./Core/Src/arm_mat_sub_f64.o
 .debug_macro   0x000005e0      0x1ed ./Core/Src/arm_mat_trans_f64.o
 .debug_macro   0x000007cd      0x18d ./Core/Src/auxil.o
 .debug_macro   0x0000095a      0x141 ./Core/Src/auxil.o
 .debug_macro   0x00000a9b       0x10 ./Core/Src/auxil.o
 .debug_macro   0x00000aab       0x28 ./Core/Src/auxil.o
 .debug_macro   0x00000ad3       0x65 ./Core/Src/cpg_solve.o
 .debug_macro   0x00000b38       0x5d ./Core/Src/cpg_workspace.o
 .debug_macro   0x00000b95      0x133 ./Core/Src/csc_math.o
 .debug_macro   0x00000cc8       0x1c ./Core/Src/csc_math.o
 .debug_macro   0x00000ce4      0x2a6 ./Core/Src/ekf.o
 .debug_macro   0x00000f8a       0x4c ./Core/Src/ekf.o
 .debug_macro   0x00000fd6      0x150 ./Core/Src/error.o
 .debug_macro   0x00001126       0x53 ./Core/Src/kkt.o
 .debug_macro   0x00001179      0x46f ./Core/Src/main.o
 .debug_macro   0x000015e8      0x232 ./Core/Src/main.o
 .debug_macro   0x0000181a       0x2e ./Core/Src/main.o
 .debug_macro   0x00001848       0x3b ./Core/Src/main.o
 .debug_macro   0x00001883       0x1c ./Core/Src/main.o
 .debug_macro   0x0000189f       0x22 ./Core/Src/main.o
 .debug_macro   0x000018c1     0x1305 ./Core/Src/main.o
 .debug_macro   0x00002bc6      0x11f ./Core/Src/main.o
 .debug_macro   0x00002ce5       0x27 ./Core/Src/main.o
 .debug_macro   0x00002d0c    0x261cc ./Core/Src/main.o
 .debug_macro   0x00028ed8       0x6d ./Core/Src/main.o
 .debug_macro   0x00028f45     0x3d79 ./Core/Src/main.o
 .debug_macro   0x0002ccbe       0x5d ./Core/Src/main.o
 .debug_macro   0x0002cd1b     0x240e ./Core/Src/main.o
 .debug_macro   0x0002f129     0x102c ./Core/Src/main.o
 .debug_macro   0x00030155      0x154 ./Core/Src/main.o
 .debug_macro   0x000302a9      0x114 ./Core/Src/main.o
 .debug_macro   0x000303bd      0x3b6 ./Core/Src/main.o
 .debug_macro   0x00030773       0xac ./Core/Src/main.o
 .debug_macro   0x0003081f      0x72d ./Core/Src/main.o
 .debug_macro   0x00030f4c      0x228 ./Core/Src/main.o
 .debug_macro   0x00031174       0x66 ./Core/Src/main.o
 .debug_macro   0x000311da      0x3bb ./Core/Src/main.o
 .debug_macro   0x00031595      0x3e4 ./Core/Src/main.o
 .debug_macro   0x00031979      0x275 ./Core/Src/main.o
 .debug_macro   0x00031bee      0x3ca ./Core/Src/main.o
 .debug_macro   0x00031fb8      0x408 ./Core/Src/main.o
 .debug_macro   0x000323c0       0x51 ./Core/Src/main.o
 .debug_macro   0x00032411       0x4a ./Core/Src/main.o
 .debug_macro   0x0003245b      0x22c ./Core/Src/main.o
 .debug_macro   0x00032687       0x67 ./Core/Src/main.o
 .debug_macro   0x000326ee       0xa5 ./Core/Src/main.o
 .debug_macro   0x00032793      0x1c4 ./Core/Src/main.o
 .debug_macro   0x00032957      0x25e ./Core/Src/main.o
 .debug_macro   0x00032bb5       0x35 ./Core/Src/main.o
 .debug_macro   0x00032bea      0x693 ./Core/Src/main.o
 .debug_macro   0x0003327d       0xa6 ./Core/Src/main.o
 .debug_macro   0x00033323      0x5ac ./Core/Src/main.o
 .debug_macro   0x000338cf       0x28 ./Core/Src/main.o
 .debug_macro   0x000338f7       0x16 ./Core/Src/main.o
 .debug_macro   0x0003390d       0x1c ./Core/Src/main.o
 .debug_macro   0x00033929       0x10 ./Core/Src/main.o
 .debug_macro   0x00033939       0x1c ./Core/Src/main.o
 .debug_macro   0x00033955       0x16 ./Core/Src/main.o
 .debug_macro   0x0003396b      0x146 ./Core/Src/main.o
 .debug_macro   0x00033ab1      0x184 ./Core/Src/matrix.o
 .debug_macro   0x00033c35      0x126 ./Core/Src/model_calc.o
 .debug_macro   0x00033d5b      0x178 ./Core/Src/mpc_runner.o
 .debug_macro   0x00033ed3      0x1bf ./Core/Src/osqp_api.o
 .debug_macro   0x00034092       0x10 ./Core/Src/osqp_api.o
 .debug_macro   0x000340a2       0xf7 ./Core/Src/qdldl.o
 .debug_macro   0x00034199       0x1c ./Core/Src/qdldl.o
 .debug_macro   0x000341b5       0x10 ./Core/Src/qdldl.o
 .debug_macro   0x000341c5      0x21f ./Core/Src/qdldl_interface.o
 .debug_macro   0x000343e4      0x15f ./Core/Src/scaling.o
 .debug_macro   0x00034543      0x2a8 ./Core/Src/stm32h7xx_hal_msp.o
 .debug_macro   0x000347eb      0x2b2 ./Core/Src/stm32h7xx_it.o
 .debug_macro   0x00034a9d      0x299 ./Core/Src/system_stm32h7xx.o
 .debug_macro   0x00034d36      0x180 ./Core/Src/util.o
 .debug_macro   0x00034eb6      0x14b ./Core/Src/vector.o
 .debug_macro   0x00035001      0x1b9 ./Core/Src/workspace.o
 .debug_macro   0x000351ba      0x2c3 ./Drivers/STM32H7xx_HAL_Driver/Src/stm32h7xx_hal.o
 .debug_macro   0x0003547d      0x299 ./Drivers/STM32H7xx_HAL_Driver/Src/stm32h7xx_hal_cortex.o
 .debug_macro   0x00035716      0x2a0 ./Drivers/STM32H7xx_HAL_Driver/Src/stm32h7xx_hal_gpio.o